MPLINK 4.48, Linker
Linker Map File - Created Wed Nov 29 13:03:09 2017

                                 Section Info
                  Section       Type    Address   Location Size(Bytes)
                ---------  ---------  ---------  ---------  ---------
               _entry_scn       code   0x000000    program   0x000006
                   .cinit    romdata   0x000006    program   0x00000e
         .code_vfprintf.o       code   0x000014    program   0x000c22
         .code_TempMain.o       code   0x000c36    program   0x00043c
                     PROG       code   0x001072    program   0x0003ee
          .code_sprintf.o       code   0x001460    program   0x0000ac
               _cinit_scn       code   0x00150c    program   0x00009e
         .code_openxlcd.o       code   0x0015aa    program   0x00009a
             .code_putc.o       code   0x001644    program   0x000084
          .code_fxm3232.o       code   0x0016c8    program   0x000070
                   STRING       code   0x001738    program   0x000066
         .code_setddram.o       code   0x00179e    program   0x000048
         .code_setcgram.o       code   0x0017e6    program   0x000048
         .code_fxd3232u.o       code   0x00182e    program   0x000048
         .code_writdata.o       code   0x001876    program   0x000046
         .code_wcmdxlcd.o       code   0x0018bc    program   0x000046
         .code_readdata.o       code   0x001902    program   0x000044
         .code_readaddr.o       code   0x001946    program   0x000044
         .code_putrxlcd.o       code   0x00198a    program   0x000044
         .code_putsxlcd.o       code   0x0019ce    program   0x000042
             D10KTCYXCODE       code   0x001a10    program   0x00002e
         .code_busyxlcd.o       code   0x001a3e    program   0x00002c
                    CTYPE       code   0x001a6a    program   0x000024
              D1KTCYXCODE       code   0x001a8e    program   0x000020
                    .code       code   0x001aae    program   0x000020
             _startup_scn       code   0x001ace    program   0x00001c
                    STDIO       code   0x001aea    program   0x00001c
         .code_fxd0808u.o       code   0x001b06    program   0x00001c
              D10TCYXCODE       code   0x001b22    program   0x000016
      .romdata_vfprintf.o    romdata   0x001b38    program   0x000011
             .stringtable    romdata   0x001b49    program   0x00000e
      .idata_fxd0808u.o_i    romdata   0x001b57    program   0x000000
    .romdata__user_putc.o    romdata   0x001b57    program   0x000000
      .romdata_fxd0808u.o    romdata   0x001b57    program   0x000000
    .idata__user_putc.o_i    romdata   0x001b57    program   0x000000
        .idata___init.o_i    romdata   0x001b57    program   0x000000
        .romdata___init.o    romdata   0x001b57    program   0x000000
       .idata_sprintf.o_i    romdata   0x001b57    program   0x000000
       .romdata_sprintf.o    romdata   0x001b57    program   0x000000
          .idata_putc.o_i    romdata   0x001b57    program   0x000000
      .idata_vfprintf.o_i    romdata   0x001b57    program   0x000000
      .idata_fxd3232u.o_i    romdata   0x001b57    program   0x000000
      .romdata_fxd3232u.o    romdata   0x001b57    program   0x000000
          .romdata_putc.o    romdata   0x001b57    program   0x000000
       .idata_fxm3232.o_i    romdata   0x001b57    program   0x000000
       .romdata_fxm3232.o    romdata   0x001b57    program   0x000000
         .idata_c018i.o_i    romdata   0x001b57    program   0x000000
         .romdata_c018i.o    romdata   0x001b57    program   0x000000
      .idata_readdata.o_i    romdata   0x001b57    program   0x000000
      .romdata_readdata.o    romdata   0x001b57    program   0x000000
      .idata_setcgram.o_i    romdata   0x001b57    program   0x000000
      .romdata_setcgram.o    romdata   0x001b57    program   0x000000
      .idata_writdata.o_i    romdata   0x001b57    program   0x000000
      .romdata_writdata.o    romdata   0x001b57    program   0x000000
      .idata_wcmdxlcd.o_i    romdata   0x001b57    program   0x000000
      .romdata_wcmdxlcd.o    romdata   0x001b57    program   0x000000
      .idata_putrxlcd.o_i    romdata   0x001b57    program   0x000000
      .romdata_putrxlcd.o    romdata   0x001b57    program   0x000000
      .idata_busyxlcd.o_i    romdata   0x001b57    program   0x000000
      .romdata_busyxlcd.o    romdata   0x001b57    program   0x000000
      .idata_setddram.o_i    romdata   0x001b57    program   0x000000
      .romdata_setddram.o    romdata   0x001b57    program   0x000000
      .idata_readaddr.o_i    romdata   0x001b57    program   0x000000
      .romdata_readaddr.o    romdata   0x001b57    program   0x000000
      .idata_openxlcd.o_i    romdata   0x001b57    program   0x000000
      .romdata_openxlcd.o    romdata   0x001b57    program   0x000000
      .idata_putsxlcd.o_i    romdata   0x001b57    program   0x000000
      .romdata_putsxlcd.o    romdata   0x001b57    program   0x000000
      .romdata_TempMain.o    romdata   0x001b57    program   0x000000
            .code_c018i.o       code   0x001b58    program   0x000000
       .code__user_putc.o       code   0x001b58    program   0x000002
           .code___init.o       code   0x001b5a    program   0x000002
      .idata_TempMain.o_i    romdata   0x001b5c    program   0x00000b
.config_300003_TempMain.o    romdata   0x300003    program   0x000001
.config_300006_TempMain.o    romdata   0x300006    program   0x000001
                 .tmpdata      udata   0x000000       data   0x000016
                MATH_DATA      udata   0x000016       data   0x000014
                DELAYDAT2      udata   0x00002a       data   0x000001
                DELAYDAT1      udata   0x00002b       data   0x000001
        .idata_TempMain.o      idata   0x000080       data   0x00000b
           .udata_c018i.o      udata   0x00008b       data   0x00000a
        .udata_TempMain.o      udata   0x000095       data   0x000000
        .udata_fxd0808u.o      udata   0x000095       data   0x000000
        .idata_fxd0808u.o      idata   0x000095       data   0x000000
          .udata___init.o      udata   0x000095       data   0x000000
          .idata___init.o      idata   0x000095       data   0x000000
         .udata_sprintf.o      udata   0x000095       data   0x000000
         .idata_sprintf.o      idata   0x000095       data   0x000000
        .udata_vfprintf.o      udata   0x000095       data   0x000000
        .idata_vfprintf.o      idata   0x000095       data   0x000000
        .udata_fxd3232u.o      udata   0x000095       data   0x000000
        .idata_fxd3232u.o      idata   0x000095       data   0x000000
         .udata_fxm3232.o      udata   0x000095       data   0x000000
         .idata_fxm3232.o      idata   0x000095       data   0x000000
            .udata_putc.o      udata   0x000095       data   0x000000
            .idata_putc.o      idata   0x000095       data   0x000000
      .udata__user_putc.o      udata   0x000095       data   0x000000
      .idata__user_putc.o      idata   0x000095       data   0x000000
           .idata_c018i.o      idata   0x000095       data   0x000000
        .udata_readdata.o      udata   0x000095       data   0x000000
        .idata_readdata.o      idata   0x000095       data   0x000000
        .udata_setcgram.o      udata   0x000095       data   0x000000
        .idata_setcgram.o      idata   0x000095       data   0x000000
        .udata_writdata.o      udata   0x000095       data   0x000000
        .idata_writdata.o      idata   0x000095       data   0x000000
        .udata_wcmdxlcd.o      udata   0x000095       data   0x000000
        .idata_wcmdxlcd.o      idata   0x000095       data   0x000000
        .udata_putrxlcd.o      udata   0x000095       data   0x000000
        .idata_putrxlcd.o      idata   0x000095       data   0x000000
        .udata_busyxlcd.o      udata   0x000095       data   0x000000
        .idata_busyxlcd.o      idata   0x000095       data   0x000000
        .udata_setddram.o      udata   0x000095       data   0x000000
        .idata_setddram.o      idata   0x000095       data   0x000000
        .udata_readaddr.o      udata   0x000095       data   0x000000
        .idata_readaddr.o      idata   0x000095       data   0x000000
        .udata_openxlcd.o      udata   0x000095       data   0x000000
        .idata_openxlcd.o      idata   0x000095       data   0x000000
        .udata_putsxlcd.o      udata   0x000095       data   0x000000
        .idata_putsxlcd.o      idata   0x000095       data   0x000000
                   .stack      udata   0x000500       data   0x000100
            SFR_UNBANKED0      udata   0x000f80       data   0x000080



                              Program Memory Usage 
                               Start         End      
                           ---------   ---------      
                            0x000000    0x001b56      
                            0x001b58    0x001b66      
                            0x300003    0x300003      
                            0x300006    0x300006      
            7016 out of 33048 program addresses used, program memory utilization is 21%



                              Symbols - Sorted by Name
                     Name    Address   Location    Storage File                     
                ---------  ---------  ---------  --------- ---------                
                 BusyXLCD   0x001a3e    program     extern /Users/darrenramsook/Documents/ECNG3006/GP/TemperatureSensor.X/XLCD/busyxlcd.c
                   D10K_1   0x001a1c    program     static E:\c18v3.46\pic18-lt\cxx-framework\src\traditional\delays\d10ktcyx.asm
                    D10Kl   0x001a28    program     static E:\c18v3.46\pic18-lt\cxx-framework\src\traditional\delays\d10ktcyx.asm
                    D10Kx   0x001a1a    program     static E:\c18v3.46\pic18-lt\cxx-framework\src\traditional\delays\d10ktcyx.asm
                    D10_1   0x001b32    program     static E:\c18v3.46\pic18-lt\cxx-framework\src\traditional\delays\d10tcyx.asm
                     D10x   0x001b2a    program     static E:\c18v3.46\pic18-lt\cxx-framework\src\traditional\delays\d10tcyx.asm
                    D1K_1   0x001a9a    program     static E:\c18v3.46\pic18-lt\cxx-framework\src\traditional\delays\d1ktcyx.asm
                     D1Kx   0x001a98    program     static E:\c18v3.46\pic18-lt\cxx-framework\src\traditional\delays\d1ktcyx.asm
             Delay10KTCYx   0x001a10    program     extern E:\c18v3.46\pic18-lt\cxx-framework\src\traditional\delays\d10ktcyx.asm
              Delay10TCYx   0x001b22    program     extern E:\c18v3.46\pic18-lt\cxx-framework\src\traditional\delays\d10tcyx.asm
              Delay1KTCYx   0x001a8e    program     extern E:\c18v3.46\pic18-lt\cxx-framework\src\traditional\delays\d1ktcyx.asm
            DelayFor18TCY   0x000d62    program     extern /Users/darrenramsook/Documents/ECNG3006/GP/TemperatureSensor.X/TempMain.c
             DelayPORXLCD   0x000d68    program     extern /Users/darrenramsook/Documents/ECNG3006/GP/TemperatureSensor.X/TempMain.c
                DelayXLCD   0x000d6e    program     extern /Users/darrenramsook/Documents/ECNG3006/GP/TemperatureSensor.X/TempMain.c
                 FLO0832S   0x001076    program     extern E:\c18v3.46\pic18-lt\cxx-framework\src\traditional\math\cast08FP.asm
                 FLO0832U   0x001072    program     extern E:\c18v3.46\pic18-lt\cxx-framework\src\traditional\math\cast08FP.asm
                    FPA32   0x001096    program     extern E:\c18v3.46\pic18-lt\cxx-framework\src\traditional\math\addFP.asm
                    FPM32   0x0011c2    program     extern E:\c18v3.46\pic18-lt\cxx-framework\src\traditional\math\mulFP.asm
                    FPS32   0x001094    program     extern E:\c18v3.46\pic18-lt\cxx-framework\src\traditional\math\addFP.asm
                 FXD0808U   0x001b06    program     extern E:\c18v3.46\pic18-lt\cxx-framework\src\traditional\math\fxd0808u.c
                 FXD3232U   0x00182e    program     extern E:\c18v3.46\pic18-lt\cxx-framework\src\traditional\math\fxd3232u.c
                 FXM1616S   0x001406    program     extern E:\c18v3.46\pic18-lt\cxx-framework\src\traditional\math\fxm1616s.asm
                  FXM3232   0x0016c8    program     extern E:\c18v3.46\pic18-lt\cxx-framework\src\traditional\math\fxm3232.c
                  INT3216   0x00129c    program     extern E:\c18v3.46\pic18-lt\cxx-framework\src\traditional\math\castFP16.asm
                 OpenXLCD   0x0015aa    program     extern /Users/darrenramsook/Documents/ECNG3006/GP/TemperatureSensor.X/XLCD/openxlcd.c
             ReadAddrXLCD   0x001946    program     extern /Users/darrenramsook/Documents/ECNG3006/GP/TemperatureSensor.X/XLCD/readaddr.c
             ReadDataXLCD   0x001902    program     extern /Users/darrenramsook/Documents/ECNG3006/GP/TemperatureSensor.X/XLCD/readdata.c
             SetCGRamAddr   0x0017e6    program     extern /Users/darrenramsook/Documents/ECNG3006/GP/TemperatureSensor.X/XLCD/setcgram.c
             SetDDRamAddr   0x00179e    program     extern /Users/darrenramsook/Documents/ECNG3006/GP/TemperatureSensor.X/XLCD/setddram.c
               TSIGN1616A   0x001452    program     static E:\c18v3.46\pic18-lt\cxx-framework\src\traditional\math\fxm1616s.asm
             WriteCmdXLCD   0x0018bc    program     extern /Users/darrenramsook/Documents/ECNG3006/GP/TemperatureSensor.X/XLCD/wcmdxlcd.c
            WriteDataXLCD   0x001876    program     extern /Users/darrenramsook/Documents/ECNG3006/GP/TemperatureSensor.X/XLCD/writdata.c
                   _2jEnd   0x001788    program     static E:\c18v3.46\pic18-lt\cxx-framework\src\traditional\stdclib\slenpgm.asm
       _D10KTCYXCODE_0010   0x001a20    program     static E:\c18v3.46\pic18-lt\cxx-framework\src\traditional\delays\d10ktcyx.asm
       _D10KTCYXCODE_001C   0x001a2c    program     static E:\c18v3.46\pic18-lt\cxx-framework\src\traditional\delays\d10ktcyx.asm
        _D10TCYXCODE_000A   0x001b2c    program     static E:\c18v3.46\pic18-lt\cxx-framework\src\traditional\delays\d10tcyx.asm
        _D10TCYXCODE_000C   0x001b2e    program     static E:\c18v3.46\pic18-lt\cxx-framework\src\traditional\delays\d10tcyx.asm
        _D10TCYXCODE_000E   0x001b30    program     static E:\c18v3.46\pic18-lt\cxx-framework\src\traditional\delays\d10tcyx.asm
        _D1KTCYXCODE_0010   0x001a9e    program     static E:\c18v3.46\pic18-lt\cxx-framework\src\traditional\delays\d1ktcyx.asm
        _D1KTCYXCODE_0016   0x001aa4    program     static E:\c18v3.46\pic18-lt\cxx-framework\src\traditional\delays\d1ktcyx.asm
                 __FpExit   0x001306    program     extern E:\c18v3.46\pic18-lt\cxx-framework\src\traditional\math\packFP.asm
                 __FpPack   0x001332    program     extern E:\c18v3.46\pic18-lt\cxx-framework\src\traditional\math\packFP.asm
            __FpReturnNaN   0x0012fa    program     extern E:\c18v3.46\pic18-lt\cxx-framework\src\traditional\math\packFP.asm
         __FpReturnNegInf   0x00130c    program     extern E:\c18v3.46\pic18-lt\cxx-framework\src\traditional\math\packFP.asm
        __FpReturnNegZero   0x001324    program     extern E:\c18v3.46\pic18-lt\cxx-framework\src\traditional\math\packFP.asm
         __FpReturnPosInf   0x001312    program     extern E:\c18v3.46\pic18-lt\cxx-framework\src\traditional\math\packFP.asm
        __FpReturnPosZero   0x00132c    program     extern E:\c18v3.46\pic18-lt\cxx-framework\src\traditional\math\packFP.asm
        __FpReturnSignInf   0x001308    program     extern E:\c18v3.46\pic18-lt\cxx-framework\src\traditional\math\packFP.asm
       __FpReturnSignZero   0x001320    program     extern E:\c18v3.46\pic18-lt\cxx-framework\src\traditional\math\packFP.asm
              __FpReturnW   0x00138a    program     extern E:\c18v3.46\pic18-lt\cxx-framework\src\traditional\math\packFP.asm
              __FpUnPackA   0x0013aa    program     extern E:\c18v3.46\pic18-lt\cxx-framework\src\traditional\math\UnpackFP.asm
              __FpUnPackB   0x0013da    program     extern E:\c18v3.46\pic18-lt\cxx-framework\src\traditional\math\UnpackFP.asm
          ___for_lbl00006   0x000d40    program     static                          
          ___for_lbl00007   0x000d46    program     static                          
          ___for_lbl00008   0x000ce4    program     static                          
       ___return_lbl00000   0x001874    program     static                          
       ___return_lbl00000   0x000004    program     static                          
       ___return_lbl00000   0x001736    program     static                          
       ___return_lbl00000   0x001b20    program     static                          
       ___return_lbl00001   0x001ae8    program     static                          
       ___return_lbl00002   0x0015a8    program     static                          
       ___return_lbl00005   0x000d4a    program     static                          
               __config_0   0x300003    program     static /Users/darrenramsook/Documents/ECNG3006/GP/TemperatureSensor.X/TempMain.c
               __config_1   0x300006    program     static /Users/darrenramsook/Documents/ECNG3006/GP/TemperatureSensor.X/TempMain.c
                   __init   0x001b5a    program     extern E:\c18v3.46\pic18-lt\cxx-framework\src\traditional\stdclib\__init.c
                   __pa_0   0x001632    program     static /Users/darrenramsook/Documents/ECNG3006/GP/TemperatureSensor.X/XLCD/openxlcd.c
                   __pa_0   0x0017d8    program     static /Users/darrenramsook/Documents/ECNG3006/GP/TemperatureSensor.X/XLCD/setddram.c
                   __pa_0   0x001a58    program     static /Users/darrenramsook/Documents/ECNG3006/GP/TemperatureSensor.X/XLCD/busyxlcd.c
                   __pa_0   0x0019bc    program     static /Users/darrenramsook/Documents/ECNG3006/GP/TemperatureSensor.X/XLCD/putrxlcd.c
                   __pa_0   0x000954    program     static E:\c18v3.46\pic18-lt\cxx-framework\src\traditional\stdclib\vfprintf.c
                   __pa_0   0x0018f4    program     static /Users/darrenramsook/Documents/ECNG3006/GP/TemperatureSensor.X/XLCD/wcmdxlcd.c
                   __pa_0   0x0018ae    program     static /Users/darrenramsook/Documents/ECNG3006/GP/TemperatureSensor.X/XLCD/writdata.c
                   __pa_0   0x001820    program     static /Users/darrenramsook/Documents/ECNG3006/GP/TemperatureSensor.X/XLCD/setcgram.c
                   __pa_0   0x001a00    program     static /Users/darrenramsook/Documents/ECNG3006/GP/TemperatureSensor.X/XLCD/putsxlcd.c
                   __pa_0   0x001012    program     static /Users/darrenramsook/Documents/ECNG3006/GP/TemperatureSensor.X/TempMain.c
                   __pa_1   0x00101c    program     static /Users/darrenramsook/Documents/ECNG3006/GP/TemperatureSensor.X/TempMain.c
                   __pa_1   0x00095c    program     static E:\c18v3.46\pic18-lt\cxx-framework\src\traditional\stdclib\vfprintf.c
                   __pa_1   0x00163c    program     static /Users/darrenramsook/Documents/ECNG3006/GP/TemperatureSensor.X/XLCD/openxlcd.c
                  __pa_10   0x000a10    program     static E:\c18v3.46\pic18-lt\cxx-framework\src\traditional\stdclib\vfprintf.c
                  __pa_11   0x000a1e    program     static E:\c18v3.46\pic18-lt\cxx-framework\src\traditional\stdclib\vfprintf.c
                  __pa_12   0x000a34    program     static E:\c18v3.46\pic18-lt\cxx-framework\src\traditional\stdclib\vfprintf.c
                  __pa_13   0x000a4e    program     static E:\c18v3.46\pic18-lt\cxx-framework\src\traditional\stdclib\vfprintf.c
                  __pa_14   0x000a66    program     static E:\c18v3.46\pic18-lt\cxx-framework\src\traditional\stdclib\vfprintf.c
                  __pa_15   0x000a76    program     static E:\c18v3.46\pic18-lt\cxx-framework\src\traditional\stdclib\vfprintf.c
                  __pa_16   0x000a8c    program     static E:\c18v3.46\pic18-lt\cxx-framework\src\traditional\stdclib\vfprintf.c
                  __pa_17   0x000a9e    program     static E:\c18v3.46\pic18-lt\cxx-framework\src\traditional\stdclib\vfprintf.c
                  __pa_18   0x000ab0    program     static E:\c18v3.46\pic18-lt\cxx-framework\src\traditional\stdclib\vfprintf.c
                  __pa_19   0x000aba    program     static E:\c18v3.46\pic18-lt\cxx-framework\src\traditional\stdclib\vfprintf.c
                   __pa_2   0x000966    program     static E:\c18v3.46\pic18-lt\cxx-framework\src\traditional\stdclib\vfprintf.c
                   __pa_2   0x001026    program     static /Users/darrenramsook/Documents/ECNG3006/GP/TemperatureSensor.X/TempMain.c
                  __pa_20   0x000aca    program     static E:\c18v3.46\pic18-lt\cxx-framework\src\traditional\stdclib\vfprintf.c
                  __pa_21   0x000ada    program     static E:\c18v3.46\pic18-lt\cxx-framework\src\traditional\stdclib\vfprintf.c
                  __pa_22   0x000aea    program     static E:\c18v3.46\pic18-lt\cxx-framework\src\traditional\stdclib\vfprintf.c
                  __pa_23   0x000af6    program     static E:\c18v3.46\pic18-lt\cxx-framework\src\traditional\stdclib\vfprintf.c
                  __pa_24   0x000b04    program     static E:\c18v3.46\pic18-lt\cxx-framework\src\traditional\stdclib\vfprintf.c
                  __pa_25   0x000b0c    program     static E:\c18v3.46\pic18-lt\cxx-framework\src\traditional\stdclib\vfprintf.c
                  __pa_26   0x000b16    program     static E:\c18v3.46\pic18-lt\cxx-framework\src\traditional\stdclib\vfprintf.c
                  __pa_27   0x000b20    program     static E:\c18v3.46\pic18-lt\cxx-framework\src\traditional\stdclib\vfprintf.c
                  __pa_28   0x000b28    program     static E:\c18v3.46\pic18-lt\cxx-framework\src\traditional\stdclib\vfprintf.c
                  __pa_29   0x000b36    program     static E:\c18v3.46\pic18-lt\cxx-framework\src\traditional\stdclib\vfprintf.c
                   __pa_3   0x000970    program     static E:\c18v3.46\pic18-lt\cxx-framework\src\traditional\stdclib\vfprintf.c
                   __pa_3   0x00102e    program     static /Users/darrenramsook/Documents/ECNG3006/GP/TemperatureSensor.X/TempMain.c
                  __pa_30   0x000b52    program     static E:\c18v3.46\pic18-lt\cxx-framework\src\traditional\stdclib\vfprintf.c
                  __pa_31   0x000b6c    program     static E:\c18v3.46\pic18-lt\cxx-framework\src\traditional\stdclib\vfprintf.c
                  __pa_32   0x000b86    program     static E:\c18v3.46\pic18-lt\cxx-framework\src\traditional\stdclib\vfprintf.c
                  __pa_33   0x000b9e    program     static E:\c18v3.46\pic18-lt\cxx-framework\src\traditional\stdclib\vfprintf.c
                  __pa_34   0x000ba8    program     static E:\c18v3.46\pic18-lt\cxx-framework\src\traditional\stdclib\vfprintf.c
                  __pa_35   0x000bb6    program     static E:\c18v3.46\pic18-lt\cxx-framework\src\traditional\stdclib\vfprintf.c
                  __pa_36   0x000bbe    program     static E:\c18v3.46\pic18-lt\cxx-framework\src\traditional\stdclib\vfprintf.c
                  __pa_37   0x000bc8    program     static E:\c18v3.46\pic18-lt\cxx-framework\src\traditional\stdclib\vfprintf.c
                  __pa_38   0x000bd8    program     static E:\c18v3.46\pic18-lt\cxx-framework\src\traditional\stdclib\vfprintf.c
                  __pa_39   0x000be6    program     static E:\c18v3.46\pic18-lt\cxx-framework\src\traditional\stdclib\vfprintf.c
                   __pa_4   0x001040    program     static /Users/darrenramsook/Documents/ECNG3006/GP/TemperatureSensor.X/TempMain.c
                   __pa_4   0x000988    program     static E:\c18v3.46\pic18-lt\cxx-framework\src\traditional\stdclib\vfprintf.c
                  __pa_40   0x000bf2    program     static E:\c18v3.46\pic18-lt\cxx-framework\src\traditional\stdclib\vfprintf.c
                  __pa_41   0x000bfe    program     static E:\c18v3.46\pic18-lt\cxx-framework\src\traditional\stdclib\vfprintf.c
                  __pa_42   0x000c06    program     static E:\c18v3.46\pic18-lt\cxx-framework\src\traditional\stdclib\vfprintf.c
                  __pa_43   0x000c10    program     static E:\c18v3.46\pic18-lt\cxx-framework\src\traditional\stdclib\vfprintf.c
                  __pa_44   0x000c16    program     static E:\c18v3.46\pic18-lt\cxx-framework\src\traditional\stdclib\vfprintf.c
                  __pa_45   0x000c20    program     static E:\c18v3.46\pic18-lt\cxx-framework\src\traditional\stdclib\vfprintf.c
                  __pa_46   0x000c2c    program     static E:\c18v3.46\pic18-lt\cxx-framework\src\traditional\stdclib\vfprintf.c
                   __pa_5   0x00099c    program     static E:\c18v3.46\pic18-lt\cxx-framework\src\traditional\stdclib\vfprintf.c
                   __pa_5   0x001052    program     static /Users/darrenramsook/Documents/ECNG3006/GP/TemperatureSensor.X/TempMain.c
                   __pa_6   0x0009b8    program     static E:\c18v3.46\pic18-lt\cxx-framework\src\traditional\stdclib\vfprintf.c
                   __pa_6   0x00105a    program     static /Users/darrenramsook/Documents/ECNG3006/GP/TemperatureSensor.X/TempMain.c
                   __pa_7   0x001068    program     static /Users/darrenramsook/Documents/ECNG3006/GP/TemperatureSensor.X/TempMain.c
                   __pa_7   0x0009c2    program     static E:\c18v3.46\pic18-lt\cxx-framework\src\traditional\stdclib\vfprintf.c
                   __pa_8   0x0009ce    program     static E:\c18v3.46\pic18-lt\cxx-framework\src\traditional\stdclib\vfprintf.c
                   __pa_9   0x0009f0    program     static E:\c18v3.46\pic18-lt\cxx-framework\src\traditional\stdclib\vfprintf.c
               __string_0   0x001b49    program     static /Users/darrenramsook/Documents/ECNG3006/GP/TemperatureSensor.X/TempMain.c
               __tmplbl_1   0x000cf8    program     static                          
              __tmplbl_42   0x000aea    program     static                          
              __tmplbl_43   0x000932    program     static                          
              __tmplbl_44   0x000918    program     static                          
              __tmplbl_85   0x00006a    program     static                          
            __zero_memory   0x001aae    program     extern E:\c18v3.46\pic18-lt\cxx-framework\src\traditional\proc\p18f452.asm
                _do_cinit   0x00150c    program     extern E:\c18v3.46\pic18-lt\cxx-framework\src\traditional\startup\c018i.c
                   _entry   0x000000    program     extern E:\c18v3.46\pic18-lt\cxx-framework\src\traditional\startup\c018i.c
                   _false   0x001870    program     static                          
                 _startup   0x001ace    program     extern E:\c18v3.46\pic18-lt\cxx-framework\src\traditional\startup\c018i.c
              _usart_putc   0x001aea    program     extern E:\c18v3.46\pic18-lt\cxx-framework\src\pmc_common\USART\_usartpc.asm
               _user_putc   0x001b58    program     extern E:\c18v3.46\pic18-lt\cxx-framework\src\traditional\stdclib\_user_putc.c
                compare_l   0x001ac4    program     static E:\c18v3.46\pic18-lt\cxx-framework\src\traditional\proc\p18f452.asm
                copy_loop   0x00157e    program     static                          
            copy_one_byte   0x001584    program     static                          
                  display   0x000f0e    program     extern /Users/darrenramsook/Documents/ECNG3006/GP/TemperatureSensor.X/TempMain.c
                     done   0x0015a8    program     static                          
             done_copying   0x001592    program     static                          
                  endloop   0x001b1c    program     static                          
               fractional   0x000d80    program     extern /Users/darrenramsook/Documents/ECNG3006/GP/TemperatureSensor.X/TempMain.c
                integeral   0x000ec6    program     extern /Users/darrenramsook/Documents/ECNG3006/GP/TemperatureSensor.X/TempMain.c
                  isdigit   0x001a6a    program     extern E:\c18v3.46\pic18-lt\cxx-framework\src\traditional\stdclib\isdigit.asm
                 jANotInf   0x0011e0    program     static E:\c18v3.46\pic18-lt\cxx-framework\src\traditional\math\mulFP.asm
                 jANotInf   0x0010be    program     static E:\c18v3.46\pic18-lt\cxx-framework\src\traditional\math\addFP.asm
                 jANotNeg   0x001152    program     static E:\c18v3.46\pic18-lt\cxx-framework\src\traditional\math\addFP.asm
              jAandWsetup   0x001122    program     static E:\c18v3.46\pic18-lt\cxx-framework\src\traditional\math\addFP.asm
                 jAltBexp   0x001110    program     static E:\c18v3.46\pic18-lt\cxx-framework\src\traditional\math\addFP.asm
                jBANotInf   0x0010b4    program     static E:\c18v3.46\pic18-lt\cxx-framework\src\traditional\math\addFP.asm
                 jBNotInf   0x0010cc    program     static E:\c18v3.46\pic18-lt\cxx-framework\src\traditional\math\addFP.asm
              jBothFinite   0x0011ee    program     static E:\c18v3.46\pic18-lt\cxx-framework\src\traditional\math\mulFP.asm
             jBothNotZero   0x0011fa    program     static E:\c18v3.46\pic18-lt\cxx-framework\src\traditional\math\mulFP.asm
            jDifOrPosSign   0x0010e0    program     static E:\c18v3.46\pic18-lt\cxx-framework\src\traditional\math\addFP.asm
                     jEnd   0x001752    program     static E:\c18v3.46\pic18-lt\cxx-framework\src\traditional\stdclib\strlen.asm
                     jEnd   0x00178a    program     static E:\c18v3.46\pic18-lt\cxx-framework\src\traditional\stdclib\slenpgm.asm
                    jExit   0x0012f8    program     static E:\c18v3.46\pic18-lt\cxx-framework\src\traditional\math\castFP16.asm
               jFinalSign   0x0011ba    program     static E:\c18v3.46\pic18-lt\cxx-framework\src\traditional\math\addFP.asm
                jHaveZero   0x0011f6    program     static E:\c18v3.46\pic18-lt\cxx-framework\src\traditional\math\mulFP.asm
                jI2F08Beg   0x001080    program     static E:\c18v3.46\pic18-lt\cxx-framework\src\traditional\math\cast08FP.asm
                    jLoop   0x001772    program     static E:\c18v3.46\pic18-lt\cxx-framework\src\traditional\stdclib\slenpgm.asm
                    jLoop   0x001748    program     static E:\c18v3.46\pic18-lt\cxx-framework\src\traditional\stdclib\strlen.asm
                    jLoop   0x0012d8    program     static E:\c18v3.46\pic18-lt\cxx-framework\src\traditional\math\castFP16.asm
                jLoopExit   0x0012e8    program     static E:\c18v3.46\pic18-lt\cxx-framework\src\traditional\math\castFP16.asm
                   jMatch   0x001a8a    program     static E:\c18v3.46\pic18-lt\cxx-framework\src\traditional\stdclib\isdigit.asm
                     jMax   0x0012ac    program     static E:\c18v3.46\pic18-lt\cxx-framework\src\traditional\math\castFP16.asm
                  jMaxNeg   0x0012ba    program     static E:\c18v3.46\pic18-lt\cxx-framework\src\traditional\math\castFP16.asm
                  jMaxPos   0x0012b0    program     static E:\c18v3.46\pic18-lt\cxx-framework\src\traditional\math\castFP16.asm
                 jNoMatch   0x001a8c    program     static E:\c18v3.46\pic18-lt\cxx-framework\src\traditional\stdclib\isdigit.asm
             jNotBothZero   0x0010e4    program     static E:\c18v3.46\pic18-lt\cxx-framework\src\traditional\math\addFP.asm
                  jNotInf   0x0012c8    program     static E:\c18v3.46\pic18-lt\cxx-framework\src\traditional\math\castFP16.asm
                  jPkLoop   0x001340    program     static E:\c18v3.46\pic18-lt\cxx-framework\src\traditional\math\packFP.asm
             jPkRoundDone   0x00138a    program     static E:\c18v3.46\pic18-lt\cxx-framework\src\traditional\math\packFP.asm
               jPkRoundIt   0x001372    program     static E:\c18v3.46\pic18-lt\cxx-framework\src\traditional\math\packFP.asm
             jPkShiftDone   0x00135c    program     static E:\c18v3.46\pic18-lt\cxx-framework\src\traditional\math\packFP.asm
           jReturnPosInf0   0x001316    program     static E:\c18v3.46\pic18-lt\cxx-framework\src\traditional\math\packFP.asm
               jShiftDone   0x00117a    program     static E:\c18v3.46\pic18-lt\cxx-framework\src\traditional\math\addFP.asm
               jShiftLoop   0x00116c    program     static E:\c18v3.46\pic18-lt\cxx-framework\src\traditional\math\addFP.asm
                jSignDone   0x0011aa    program     static E:\c18v3.46\pic18-lt\cxx-framework\src\traditional\math\addFP.asm
                  jUnpkA1   0x0013b4    program     static E:\c18v3.46\pic18-lt\cxx-framework\src\traditional\math\UnpackFP.asm
                  jUnpkA2   0x0013cc    program     static E:\c18v3.46\pic18-lt\cxx-framework\src\traditional\math\UnpackFP.asm
                 jUnpkANZ   0x0013c2    program     static E:\c18v3.46\pic18-lt\cxx-framework\src\traditional\math\UnpackFP.asm
                  jUnpkB1   0x0013e4    program     static E:\c18v3.46\pic18-lt\cxx-framework\src\traditional\math\UnpackFP.asm
                  jUnpkB2   0x0013fc    program     static E:\c18v3.46\pic18-lt\cxx-framework\src\traditional\math\UnpackFP.asm
                 jUnpkBNZ   0x0013f2    program     static E:\c18v3.46\pic18-lt\cxx-framework\src\traditional\math\UnpackFP.asm
                 jUnpkNaN   0x0013d6    program     static E:\c18v3.46\pic18-lt\cxx-framework\src\traditional\math\UnpackFP.asm
                 jWNotNeg   0x001166    program     static E:\c18v3.46\pic18-lt\cxx-framework\src\traditional\math\addFP.asm
                    jZero   0x0012c2    program     static E:\c18v3.46\pic18-lt\cxx-framework\src\traditional\math\castFP16.asm
               jZero1and2   0x00131a    program     static E:\c18v3.46\pic18-lt\cxx-framework\src\traditional\math\packFP.asm
                     loop   0x001ade    program     static                          
                     loop   0x00183c    program     static                          
                     loop   0x001afa    program     static E:\c18v3.46\pic18-lt\cxx-framework\src\pmc_common\USART\_usartpc.asm
                     loop   0x001b0e    program     static                          
                   loop_h   0x001abc    program     static E:\c18v3.46\pic18-lt\cxx-framework\src\traditional\proc\p18f452.asm
                   loop_l   0x001ac6    program     static E:\c18v3.46\pic18-lt\cxx-framework\src\traditional\proc\p18f452.asm
                     main   0x000f7a    program     extern /Users/darrenramsook/Documents/ECNG3006/GP/TemperatureSensor.X/TempMain.c
             ow_read_byte   0x000cd2    program     extern /Users/darrenramsook/Documents/ECNG3006/GP/TemperatureSensor.X/ow.h
                 ow_reset   0x000c36    program     extern /Users/darrenramsook/Documents/ECNG3006/GP/TemperatureSensor.X/ow.h
            ow_write_byte   0x000c7e    program     extern /Users/darrenramsook/Documents/ECNG3006/GP/TemperatureSensor.X/ow.h
                     putc   0x001644    program     extern E:\c18v3.46\pic18-lt\cxx-framework\src\traditional\stdclib\putc.c
                putrsXLCD   0x00198a    program     extern /Users/darrenramsook/Documents/ECNG3006/GP/TemperatureSensor.X/XLCD/putrxlcd.c
                 putsXLCD   0x0019ce    program     extern /Users/darrenramsook/Documents/ECNG3006/GP/TemperatureSensor.X/XLCD/putsxlcd.c
                    reset   0x000d74    program     extern /Users/darrenramsook/Documents/ECNG3006/GP/TemperatureSensor.X/TempMain.c
                 s_digits   0x001b38    program     static E:\c18v3.46\pic18-lt\cxx-framework\src\traditional\stdclib\vfprintf.c
            s_put_n_chars   0x000014    program     static E:\c18v3.46\pic18-lt\cxx-framework\src\traditional\stdclib\vfprintf.c
                  sprintf   0x001460    program     extern E:\c18v3.46\pic18-lt\cxx-framework\src\traditional\stdclib\sprintf.c
                   strlen   0x001738    program     extern E:\c18v3.46\pic18-lt\cxx-framework\src\traditional\stdclib\strlen.asm
                strlenpgm   0x001754    program     extern E:\c18v3.46\pic18-lt\cxx-framework\src\traditional\stdclib\slenpgm.asm
                     test   0x001526    program     static                          
                 vfprintf   0x000040    program     extern E:\c18v3.46\pic18-lt\cxx-framework\src\traditional\stdclib\vfprintf.c
               zero_block   0x001abc    program     static E:\c18v3.46\pic18-lt\cxx-framework\src\traditional\proc\p18f452.asm
                   ADCON0   0x000fc2       data     extern E:\c18v3.46\pic18-lt\cxx-framework\src\traditional\proc\p18f452.asm
               ADCON0bits   0x000fc2       data     extern E:\c18v3.46\pic18-lt\cxx-framework\src\traditional\proc\p18f452.asm
                   ADCON1   0x000fc1       data     extern E:\c18v3.46\pic18-lt\cxx-framework\src\traditional\proc\p18f452.asm
               ADCON1bits   0x000fc1       data     extern E:\c18v3.46\pic18-lt\cxx-framework\src\traditional\proc\p18f452.asm
                    ADRES   0x000fc3       data     extern E:\c18v3.46\pic18-lt\cxx-framework\src\traditional\proc\p18f452.asm
                   ADRESH   0x000fc4       data     extern E:\c18v3.46\pic18-lt\cxx-framework\src\traditional\proc\p18f452.asm
                   ADRESL   0x000fc3       data     extern E:\c18v3.46\pic18-lt\cxx-framework\src\traditional\proc\p18f452.asm
                      BSR   0x000fe0       data     extern E:\c18v3.46\pic18-lt\cxx-framework\src\traditional\proc\p18f452.asm
                  CCP1CON   0x000fbd       data     extern E:\c18v3.46\pic18-lt\cxx-framework\src\traditional\proc\p18f452.asm
              CCP1CONbits   0x000fbd       data     extern E:\c18v3.46\pic18-lt\cxx-framework\src\traditional\proc\p18f452.asm
                  CCP2CON   0x000fba       data     extern E:\c18v3.46\pic18-lt\cxx-framework\src\traditional\proc\p18f452.asm
              CCP2CONbits   0x000fba       data     extern E:\c18v3.46\pic18-lt\cxx-framework\src\traditional\proc\p18f452.asm
                    CCPR1   0x000fbe       data     extern E:\c18v3.46\pic18-lt\cxx-framework\src\traditional\proc\p18f452.asm
                   CCPR1H   0x000fbf       data     extern E:\c18v3.46\pic18-lt\cxx-framework\src\traditional\proc\p18f452.asm
                   CCPR1L   0x000fbe       data     extern E:\c18v3.46\pic18-lt\cxx-framework\src\traditional\proc\p18f452.asm
                    CCPR2   0x000fbb       data     extern E:\c18v3.46\pic18-lt\cxx-framework\src\traditional\proc\p18f452.asm
                   CCPR2H   0x000fbc       data     extern E:\c18v3.46\pic18-lt\cxx-framework\src\traditional\proc\p18f452.asm
                   CCPR2L   0x000fbb       data     extern E:\c18v3.46\pic18-lt\cxx-framework\src\traditional\proc\p18f452.asm
                     DDRA   0x000f92       data     extern E:\c18v3.46\pic18-lt\cxx-framework\src\traditional\proc\p18f452.asm
                 DDRAbits   0x000f92       data     extern E:\c18v3.46\pic18-lt\cxx-framework\src\traditional\proc\p18f452.asm
                     DDRB   0x000f93       data     extern E:\c18v3.46\pic18-lt\cxx-framework\src\traditional\proc\p18f452.asm
                 DDRBbits   0x000f93       data     extern E:\c18v3.46\pic18-lt\cxx-framework\src\traditional\proc\p18f452.asm
                     DDRC   0x000f94       data     extern E:\c18v3.46\pic18-lt\cxx-framework\src\traditional\proc\p18f452.asm
                 DDRCbits   0x000f94       data     extern E:\c18v3.46\pic18-lt\cxx-framework\src\traditional\proc\p18f452.asm
                     DDRD   0x000f95       data     extern E:\c18v3.46\pic18-lt\cxx-framework\src\traditional\proc\p18f452.asm
                 DDRDbits   0x000f95       data     extern E:\c18v3.46\pic18-lt\cxx-framework\src\traditional\proc\p18f452.asm
                     DDRE   0x000f96       data     extern E:\c18v3.46\pic18-lt\cxx-framework\src\traditional\proc\p18f452.asm
                 DDREbits   0x000f96       data     extern E:\c18v3.46\pic18-lt\cxx-framework\src\traditional\proc\p18f452.asm
            DelayCounter1   0x00002b       data     extern E:\c18v3.46\pic18-lt\cxx-framework\src\traditional\delays\delayd1.asm
            DelayCounter2   0x00002a       data     extern E:\c18v3.46\pic18-lt\cxx-framework\src\traditional\delays\delayd2.asm
                    EEADR   0x000fa9       data     extern E:\c18v3.46\pic18-lt\cxx-framework\src\traditional\proc\p18f452.asm
                   EECON1   0x000fa6       data     extern E:\c18v3.46\pic18-lt\cxx-framework\src\traditional\proc\p18f452.asm
               EECON1bits   0x000fa6       data     extern E:\c18v3.46\pic18-lt\cxx-framework\src\traditional\proc\p18f452.asm
                   EECON2   0x000fa7       data     extern E:\c18v3.46\pic18-lt\cxx-framework\src\traditional\proc\p18f452.asm
                   EEDATA   0x000fa8       data     extern E:\c18v3.46\pic18-lt\cxx-framework\src\traditional\proc\p18f452.asm
                     FSR0   0x000fe9       data     extern E:\c18v3.46\pic18-lt\cxx-framework\src\traditional\proc\p18f452.asm
                    FSR0H   0x000fea       data     extern E:\c18v3.46\pic18-lt\cxx-framework\src\traditional\proc\p18f452.asm
                    FSR0L   0x000fe9       data     extern E:\c18v3.46\pic18-lt\cxx-framework\src\traditional\proc\p18f452.asm
                     FSR1   0x000fe1       data     extern E:\c18v3.46\pic18-lt\cxx-framework\src\traditional\proc\p18f452.asm
                    FSR1H   0x000fe2       data     extern E:\c18v3.46\pic18-lt\cxx-framework\src\traditional\proc\p18f452.asm
                    FSR1L   0x000fe1       data     extern E:\c18v3.46\pic18-lt\cxx-framework\src\traditional\proc\p18f452.asm
                     FSR2   0x000fd9       data     extern E:\c18v3.46\pic18-lt\cxx-framework\src\traditional\proc\p18f452.asm
                    FSR2H   0x000fda       data     extern E:\c18v3.46\pic18-lt\cxx-framework\src\traditional\proc\p18f452.asm
                    FSR2L   0x000fd9       data     extern E:\c18v3.46\pic18-lt\cxx-framework\src\traditional\proc\p18f452.asm
                    INDF0   0x000fef       data     extern E:\c18v3.46\pic18-lt\cxx-framework\src\traditional\proc\p18f452.asm
                    INDF1   0x000fe7       data     extern E:\c18v3.46\pic18-lt\cxx-framework\src\traditional\proc\p18f452.asm
                    INDF2   0x000fdf       data     extern E:\c18v3.46\pic18-lt\cxx-framework\src\traditional\proc\p18f452.asm
                   INTCON   0x000ff2       data     extern E:\c18v3.46\pic18-lt\cxx-framework\src\traditional\proc\p18f452.asm
                  INTCON1   0x000ff2       data     extern E:\c18v3.46\pic18-lt\cxx-framework\src\traditional\proc\p18f452.asm
              INTCON1bits   0x000ff2       data     extern E:\c18v3.46\pic18-lt\cxx-framework\src\traditional\proc\p18f452.asm
                  INTCON2   0x000ff1       data     extern E:\c18v3.46\pic18-lt\cxx-framework\src\traditional\proc\p18f452.asm
              INTCON2bits   0x000ff1       data     extern E:\c18v3.46\pic18-lt\cxx-framework\src\traditional\proc\p18f452.asm
                  INTCON3   0x000ff0       data     extern E:\c18v3.46\pic18-lt\cxx-framework\src\traditional\proc\p18f452.asm
              INTCON3bits   0x000ff0       data     extern E:\c18v3.46\pic18-lt\cxx-framework\src\traditional\proc\p18f452.asm
               INTCONbits   0x000ff2       data     extern E:\c18v3.46\pic18-lt\cxx-framework\src\traditional\proc\p18f452.asm
                     IPR1   0x000f9f       data     extern E:\c18v3.46\pic18-lt\cxx-framework\src\traditional\proc\p18f452.asm
                 IPR1bits   0x000f9f       data     extern E:\c18v3.46\pic18-lt\cxx-framework\src\traditional\proc\p18f452.asm
                     IPR2   0x000fa2       data     extern E:\c18v3.46\pic18-lt\cxx-framework\src\traditional\proc\p18f452.asm
                 IPR2bits   0x000fa2       data     extern E:\c18v3.46\pic18-lt\cxx-framework\src\traditional\proc\p18f452.asm
                     LATA   0x000f89       data     extern E:\c18v3.46\pic18-lt\cxx-framework\src\traditional\proc\p18f452.asm
                 LATAbits   0x000f89       data     extern E:\c18v3.46\pic18-lt\cxx-framework\src\traditional\proc\p18f452.asm
                     LATB   0x000f8a       data     extern E:\c18v3.46\pic18-lt\cxx-framework\src\traditional\proc\p18f452.asm
                 LATBbits   0x000f8a       data     extern E:\c18v3.46\pic18-lt\cxx-framework\src\traditional\proc\p18f452.asm
                     LATC   0x000f8b       data     extern E:\c18v3.46\pic18-lt\cxx-framework\src\traditional\proc\p18f452.asm
                 LATCbits   0x000f8b       data     extern E:\c18v3.46\pic18-lt\cxx-framework\src\traditional\proc\p18f452.asm
                     LATD   0x000f8c       data     extern E:\c18v3.46\pic18-lt\cxx-framework\src\traditional\proc\p18f452.asm
                 LATDbits   0x000f8c       data     extern E:\c18v3.46\pic18-lt\cxx-framework\src\traditional\proc\p18f452.asm
                     LATE   0x000f8d       data     extern E:\c18v3.46\pic18-lt\cxx-framework\src\traditional\proc\p18f452.asm
                 LATEbits   0x000f8d       data     extern E:\c18v3.46\pic18-lt\cxx-framework\src\traditional\proc\p18f452.asm
                   LVDCON   0x000fd2       data     extern E:\c18v3.46\pic18-lt\cxx-framework\src\traditional\proc\p18f452.asm
               LVDCONbits   0x000fd2       data     extern E:\c18v3.46\pic18-lt\cxx-framework\src\traditional\proc\p18f452.asm
                   OSCCON   0x000fd3       data     extern E:\c18v3.46\pic18-lt\cxx-framework\src\traditional\proc\p18f452.asm
               OSCCONbits   0x000fd3       data     extern E:\c18v3.46\pic18-lt\cxx-framework\src\traditional\proc\p18f452.asm
                       PC   0x000ff9       data     extern E:\c18v3.46\pic18-lt\cxx-framework\src\traditional\proc\p18f452.asm
                      PCL   0x000ff9       data     extern E:\c18v3.46\pic18-lt\cxx-framework\src\traditional\proc\p18f452.asm
                   PCLATH   0x000ffa       data     extern E:\c18v3.46\pic18-lt\cxx-framework\src\traditional\proc\p18f452.asm
                   PCLATU   0x000ffb       data     extern E:\c18v3.46\pic18-lt\cxx-framework\src\traditional\proc\p18f452.asm
                     PIE1   0x000f9d       data     extern E:\c18v3.46\pic18-lt\cxx-framework\src\traditional\proc\p18f452.asm
                 PIE1bits   0x000f9d       data     extern E:\c18v3.46\pic18-lt\cxx-framework\src\traditional\proc\p18f452.asm
                     PIE2   0x000fa0       data     extern E:\c18v3.46\pic18-lt\cxx-framework\src\traditional\proc\p18f452.asm
                 PIE2bits   0x000fa0       data     extern E:\c18v3.46\pic18-lt\cxx-framework\src\traditional\proc\p18f452.asm
                     PIR1   0x000f9e       data     extern E:\c18v3.46\pic18-lt\cxx-framework\src\traditional\proc\p18f452.asm
                 PIR1bits   0x000f9e       data     extern E:\c18v3.46\pic18-lt\cxx-framework\src\traditional\proc\p18f452.asm
                     PIR2   0x000fa1       data     extern E:\c18v3.46\pic18-lt\cxx-framework\src\traditional\proc\p18f452.asm
                 PIR2bits   0x000fa1       data     extern E:\c18v3.46\pic18-lt\cxx-framework\src\traditional\proc\p18f452.asm
                   PLUSW0   0x000feb       data     extern E:\c18v3.46\pic18-lt\cxx-framework\src\traditional\proc\p18f452.asm
                   PLUSW1   0x000fe3       data     extern E:\c18v3.46\pic18-lt\cxx-framework\src\traditional\proc\p18f452.asm
                   PLUSW2   0x000fdb       data     extern E:\c18v3.46\pic18-lt\cxx-framework\src\traditional\proc\p18f452.asm
                    PORTA   0x000f80       data     extern E:\c18v3.46\pic18-lt\cxx-framework\src\traditional\proc\p18f452.asm
                PORTAbits   0x000f80       data     extern E:\c18v3.46\pic18-lt\cxx-framework\src\traditional\proc\p18f452.asm
                    PORTB   0x000f81       data     extern E:\c18v3.46\pic18-lt\cxx-framework\src\traditional\proc\p18f452.asm
                PORTBbits   0x000f81       data     extern E:\c18v3.46\pic18-lt\cxx-framework\src\traditional\proc\p18f452.asm
                    PORTC   0x000f82       data     extern E:\c18v3.46\pic18-lt\cxx-framework\src\traditional\proc\p18f452.asm
                PORTCbits   0x000f82       data     extern E:\c18v3.46\pic18-lt\cxx-framework\src\traditional\proc\p18f452.asm
                    PORTD   0x000f83       data     extern E:\c18v3.46\pic18-lt\cxx-framework\src\traditional\proc\p18f452.asm
                PORTDbits   0x000f83       data     extern E:\c18v3.46\pic18-lt\cxx-framework\src\traditional\proc\p18f452.asm
                    PORTE   0x000f84       data     extern E:\c18v3.46\pic18-lt\cxx-framework\src\traditional\proc\p18f452.asm
                PORTEbits   0x000f84       data     extern E:\c18v3.46\pic18-lt\cxx-framework\src\traditional\proc\p18f452.asm
                 POSTDEC0   0x000fed       data     extern E:\c18v3.46\pic18-lt\cxx-framework\src\traditional\proc\p18f452.asm
                 POSTDEC1   0x000fe5       data     extern E:\c18v3.46\pic18-lt\cxx-framework\src\traditional\proc\p18f452.asm
                 POSTDEC2   0x000fdd       data     extern E:\c18v3.46\pic18-lt\cxx-framework\src\traditional\proc\p18f452.asm
                 POSTINC0   0x000fee       data     extern E:\c18v3.46\pic18-lt\cxx-framework\src\traditional\proc\p18f452.asm
                 POSTINC1   0x000fe6       data     extern E:\c18v3.46\pic18-lt\cxx-framework\src\traditional\proc\p18f452.asm
                 POSTINC2   0x000fde       data     extern E:\c18v3.46\pic18-lt\cxx-framework\src\traditional\proc\p18f452.asm
                      PR2   0x000fcb       data     extern E:\c18v3.46\pic18-lt\cxx-framework\src\traditional\proc\p18f452.asm
                  PREINC0   0x000fec       data     extern E:\c18v3.46\pic18-lt\cxx-framework\src\traditional\proc\p18f452.asm
                  PREINC1   0x000fe4       data     extern E:\c18v3.46\pic18-lt\cxx-framework\src\traditional\proc\p18f452.asm
                  PREINC2   0x000fdc       data     extern E:\c18v3.46\pic18-lt\cxx-framework\src\traditional\proc\p18f452.asm
                     PROD   0x000ff3       data     extern E:\c18v3.46\pic18-lt\cxx-framework\src\traditional\proc\p18f452.asm
                    PRODH   0x000ff4       data     extern E:\c18v3.46\pic18-lt\cxx-framework\src\traditional\proc\p18f452.asm
                    PRODL   0x000ff3       data     extern E:\c18v3.46\pic18-lt\cxx-framework\src\traditional\proc\p18f452.asm
                     RCON   0x000fd0       data     extern E:\c18v3.46\pic18-lt\cxx-framework\src\traditional\proc\p18f452.asm
                 RCONbits   0x000fd0       data     extern E:\c18v3.46\pic18-lt\cxx-framework\src\traditional\proc\p18f452.asm
                    RCREG   0x000fae       data     extern E:\c18v3.46\pic18-lt\cxx-framework\src\traditional\proc\p18f452.asm
                    RCSTA   0x000fab       data     extern E:\c18v3.46\pic18-lt\cxx-framework\src\traditional\proc\p18f452.asm
                RCSTAbits   0x000fab       data     extern E:\c18v3.46\pic18-lt\cxx-framework\src\traditional\proc\p18f452.asm
                     SIGN   0x000024       data     extern E:\c18v3.46\pic18-lt\cxx-framework\src\traditional\math\cmath18.asm
                    SPBRG   0x000faf       data     extern E:\c18v3.46\pic18-lt\cxx-framework\src\traditional\proc\p18f452.asm
                   SSPADD   0x000fc8       data     extern E:\c18v3.46\pic18-lt\cxx-framework\src\traditional\proc\p18f452.asm
                   SSPBUF   0x000fc9       data     extern E:\c18v3.46\pic18-lt\cxx-framework\src\traditional\proc\p18f452.asm
                  SSPCON1   0x000fc6       data     extern E:\c18v3.46\pic18-lt\cxx-framework\src\traditional\proc\p18f452.asm
              SSPCON1bits   0x000fc6       data     extern E:\c18v3.46\pic18-lt\cxx-framework\src\traditional\proc\p18f452.asm
                  SSPCON2   0x000fc5       data     extern E:\c18v3.46\pic18-lt\cxx-framework\src\traditional\proc\p18f452.asm
              SSPCON2bits   0x000fc5       data     extern E:\c18v3.46\pic18-lt\cxx-framework\src\traditional\proc\p18f452.asm
                  SSPSTAT   0x000fc7       data     extern E:\c18v3.46\pic18-lt\cxx-framework\src\traditional\proc\p18f452.asm
              SSPSTATbits   0x000fc7       data     extern E:\c18v3.46\pic18-lt\cxx-framework\src\traditional\proc\p18f452.asm
                   STATUS   0x000fd8       data     extern E:\c18v3.46\pic18-lt\cxx-framework\src\traditional\proc\p18f452.asm
               STATUSbits   0x000fd8       data     extern E:\c18v3.46\pic18-lt\cxx-framework\src\traditional\proc\p18f452.asm
                   STKPTR   0x000ffc       data     extern E:\c18v3.46\pic18-lt\cxx-framework\src\traditional\proc\p18f452.asm
               STKPTRbits   0x000ffc       data     extern E:\c18v3.46\pic18-lt\cxx-framework\src\traditional\proc\p18f452.asm
                    T0CON   0x000fd5       data     extern E:\c18v3.46\pic18-lt\cxx-framework\src\traditional\proc\p18f452.asm
                T0CONbits   0x000fd5       data     extern E:\c18v3.46\pic18-lt\cxx-framework\src\traditional\proc\p18f452.asm
                    T1CON   0x000fcd       data     extern E:\c18v3.46\pic18-lt\cxx-framework\src\traditional\proc\p18f452.asm
                T1CONbits   0x000fcd       data     extern E:\c18v3.46\pic18-lt\cxx-framework\src\traditional\proc\p18f452.asm
                    T2CON   0x000fca       data     extern E:\c18v3.46\pic18-lt\cxx-framework\src\traditional\proc\p18f452.asm
                T2CONbits   0x000fca       data     extern E:\c18v3.46\pic18-lt\cxx-framework\src\traditional\proc\p18f452.asm
                    T3CON   0x000fb1       data     extern E:\c18v3.46\pic18-lt\cxx-framework\src\traditional\proc\p18f452.asm
                T3CONbits   0x000fb1       data     extern E:\c18v3.46\pic18-lt\cxx-framework\src\traditional\proc\p18f452.asm
                   TABLAT   0x000ff5       data     extern E:\c18v3.46\pic18-lt\cxx-framework\src\traditional\proc\p18f452.asm
                   TBLPTR   0x000ff6       data     extern E:\c18v3.46\pic18-lt\cxx-framework\src\traditional\proc\p18f452.asm
                  TBLPTRH   0x000ff7       data     extern E:\c18v3.46\pic18-lt\cxx-framework\src\traditional\proc\p18f452.asm
                  TBLPTRL   0x000ff6       data     extern E:\c18v3.46\pic18-lt\cxx-framework\src\traditional\proc\p18f452.asm
                  TBLPTRU   0x000ff8       data     extern E:\c18v3.46\pic18-lt\cxx-framework\src\traditional\proc\p18f452.asm
                    TMR0H   0x000fd7       data     extern E:\c18v3.46\pic18-lt\cxx-framework\src\traditional\proc\p18f452.asm
                    TMR0L   0x000fd6       data     extern E:\c18v3.46\pic18-lt\cxx-framework\src\traditional\proc\p18f452.asm
                    TMR1H   0x000fcf       data     extern E:\c18v3.46\pic18-lt\cxx-framework\src\traditional\proc\p18f452.asm
                    TMR1L   0x000fce       data     extern E:\c18v3.46\pic18-lt\cxx-framework\src\traditional\proc\p18f452.asm
                     TMR2   0x000fcc       data     extern E:\c18v3.46\pic18-lt\cxx-framework\src\traditional\proc\p18f452.asm
                    TMR3H   0x000fb3       data     extern E:\c18v3.46\pic18-lt\cxx-framework\src\traditional\proc\p18f452.asm
                    TMR3L   0x000fb2       data     extern E:\c18v3.46\pic18-lt\cxx-framework\src\traditional\proc\p18f452.asm
                      TOS   0x000ffd       data     extern E:\c18v3.46\pic18-lt\cxx-framework\src\traditional\proc\p18f452.asm
                     TOSH   0x000ffe       data     extern E:\c18v3.46\pic18-lt\cxx-framework\src\traditional\proc\p18f452.asm
                     TOSL   0x000ffd       data     extern E:\c18v3.46\pic18-lt\cxx-framework\src\traditional\proc\p18f452.asm
                     TOSU   0x000fff       data     extern E:\c18v3.46\pic18-lt\cxx-framework\src\traditional\proc\p18f452.asm
                    TRISA   0x000f92       data     extern E:\c18v3.46\pic18-lt\cxx-framework\src\traditional\proc\p18f452.asm
                TRISAbits   0x000f92       data     extern E:\c18v3.46\pic18-lt\cxx-framework\src\traditional\proc\p18f452.asm
                    TRISB   0x000f93       data     extern E:\c18v3.46\pic18-lt\cxx-framework\src\traditional\proc\p18f452.asm
                TRISBbits   0x000f93       data     extern E:\c18v3.46\pic18-lt\cxx-framework\src\traditional\proc\p18f452.asm
                    TRISC   0x000f94       data     extern E:\c18v3.46\pic18-lt\cxx-framework\src\traditional\proc\p18f452.asm
                TRISCbits   0x000f94       data     extern E:\c18v3.46\pic18-lt\cxx-framework\src\traditional\proc\p18f452.asm
                    TRISD   0x000f95       data     extern E:\c18v3.46\pic18-lt\cxx-framework\src\traditional\proc\p18f452.asm
                TRISDbits   0x000f95       data     extern E:\c18v3.46\pic18-lt\cxx-framework\src\traditional\proc\p18f452.asm
                    TRISE   0x000f96       data     extern E:\c18v3.46\pic18-lt\cxx-framework\src\traditional\proc\p18f452.asm
                TRISEbits   0x000f96       data     extern E:\c18v3.46\pic18-lt\cxx-framework\src\traditional\proc\p18f452.asm
                    TXREG   0x000fad       data     extern E:\c18v3.46\pic18-lt\cxx-framework\src\traditional\proc\p18f452.asm
                    TXSTA   0x000fac       data     extern E:\c18v3.46\pic18-lt\cxx-framework\src\traditional\proc\p18f452.asm
                TXSTAbits   0x000fac       data     extern E:\c18v3.46\pic18-lt\cxx-framework\src\traditional\proc\p18f452.asm
                        W   0x000fe8       data     extern E:\c18v3.46\pic18-lt\cxx-framework\src\traditional\proc\p18f452.asm
                   WDTCON   0x000fd1       data     extern E:\c18v3.46\pic18-lt\cxx-framework\src\traditional\proc\p18f452.asm
               WDTCONbits   0x000fd1       data     extern E:\c18v3.46\pic18-lt\cxx-framework\src\traditional\proc\p18f452.asm
                     WREG   0x000fe8       data     extern E:\c18v3.46\pic18-lt\cxx-framework\src\traditional\proc\p18f452.asm
                 __AARGB0   0x00001d       data     extern E:\c18v3.46\pic18-lt\cxx-framework\src\traditional\math\aarg.asm
                 __AARGB1   0x00001c       data     extern E:\c18v3.46\pic18-lt\cxx-framework\src\traditional\math\aarg.asm
                 __AARGB2   0x00001b       data     extern E:\c18v3.46\pic18-lt\cxx-framework\src\traditional\math\aarg.asm
                 __AARGB3   0x00001a       data     extern E:\c18v3.46\pic18-lt\cxx-framework\src\traditional\math\aarg.asm
                 __AARGB4   0x000019       data     extern E:\c18v3.46\pic18-lt\cxx-framework\src\traditional\math\aarg.asm
                 __AARGB5   0x000018       data     extern E:\c18v3.46\pic18-lt\cxx-framework\src\traditional\math\aarg.asm
                 __AARGB6   0x000017       data     extern E:\c18v3.46\pic18-lt\cxx-framework\src\traditional\math\aarg.asm
                 __AARGB7   0x000016       data     extern E:\c18v3.46\pic18-lt\cxx-framework\src\traditional\math\aarg.asm
                   __AEXP   0x00001e       data     extern E:\c18v3.46\pic18-lt\cxx-framework\src\traditional\math\aarg.asm
                 __BARGB0   0x000022       data     extern E:\c18v3.46\pic18-lt\cxx-framework\src\traditional\math\barg.asm
                 __BARGB1   0x000021       data     extern E:\c18v3.46\pic18-lt\cxx-framework\src\traditional\math\barg.asm
                 __BARGB2   0x000020       data     extern E:\c18v3.46\pic18-lt\cxx-framework\src\traditional\math\barg.asm
                 __BARGB3   0x00001f       data     extern E:\c18v3.46\pic18-lt\cxx-framework\src\traditional\math\barg.asm
                   __BEXP   0x000023       data     extern E:\c18v3.46\pic18-lt\cxx-framework\src\traditional\math\barg.asm
                __FPFLAGS   0x000025       data     extern E:\c18v3.46\pic18-lt\cxx-framework\src\traditional\math\cmath18.asm
            __FPFLAGSbits   0x000025       data     extern E:\c18v3.46\pic18-lt\cxx-framework\src\traditional\math\cmath18.asm
                  __REMB0   0x000019       data     extern E:\c18v3.46\pic18-lt\cxx-framework\src\traditional\math\aarg.asm
                  __REMB1   0x000018       data     extern E:\c18v3.46\pic18-lt\cxx-framework\src\traditional\math\aarg.asm
                  __REMB2   0x000017       data     extern E:\c18v3.46\pic18-lt\cxx-framework\src\traditional\math\aarg.asm
                  __REMB3   0x000016       data     extern E:\c18v3.46\pic18-lt\cxx-framework\src\traditional\math\aarg.asm
                   __TEMP   0x000029       data     extern E:\c18v3.46\pic18-lt\cxx-framework\src\traditional\math\temparg.asm
                 __TEMPB0   0x000029       data     extern E:\c18v3.46\pic18-lt\cxx-framework\src\traditional\math\temparg.asm
                 __TEMPB1   0x000028       data     extern E:\c18v3.46\pic18-lt\cxx-framework\src\traditional\math\temparg.asm
                 __TEMPB2   0x000027       data     extern E:\c18v3.46\pic18-lt\cxx-framework\src\traditional\math\temparg.asm
                 __TEMPB3   0x000026       data     extern E:\c18v3.46\pic18-lt\cxx-framework\src\traditional\math\temparg.asm
                  __tmp_0   0x000000       data     static E:\c18v3.46\pic18-lt\cxx-framework\src\traditional\stdclib\sprintf.c
                  __tmp_0   0x000000       data     static E:\c18v3.46\pic18-lt\cxx-framework\src\traditional\stdclib\vfprintf.c
                  __tmp_0   0x000000       data     static E:\c18v3.46\pic18-lt\cxx-framework\src\traditional\stdclib\putc.c
                  __tmp_0   0x000000       data     static /Users/darrenramsook/Documents/ECNG3006/GP/TemperatureSensor.X/TempMain.c
                curr_byte   0x00008e       data     static E:\c18v3.46\pic18-lt\cxx-framework\src\traditional\startup\c018i.c
               curr_entry   0x000090       data     static E:\c18v3.46\pic18-lt\cxx-framework\src\traditional\startup\c018i.c
                 data_ptr   0x000092       data     static E:\c18v3.46\pic18-lt\cxx-framework\src\traditional\startup\c018i.c
                    lbyte   0x000081       data     extern /Users/darrenramsook/Documents/ECNG3006/GP/TemperatureSensor.X/TempMain.c
                    mbyte   0x000080       data     extern /Users/darrenramsook/Documents/ECNG3006/GP/TemperatureSensor.X/TempMain.c
                     prom   0x00008b       data     static E:\c18v3.46\pic18-lt\cxx-framework\src\traditional\startup\c018i.c
                     sign   0x000082       data     extern /Users/darrenramsook/Documents/ECNG3006/GP/TemperatureSensor.X/TempMain.c
                tempfloat   0x000083       data     extern /Users/darrenramsook/Documents/ECNG3006/GP/TemperatureSensor.X/TempMain.c
             tempfractint   0x000089       data     extern /Users/darrenramsook/Documents/ECNG3006/GP/TemperatureSensor.X/TempMain.c
                  tempint   0x000087       data     extern /Users/darrenramsook/Documents/ECNG3006/GP/TemperatureSensor.X/TempMain.c



                              Symbols - Sorted by Address
                     Name    Address   Location    Storage File                     
                ---------  ---------  ---------  --------- ---------                
                   _entry   0x000000    program     extern E:\c18v3.46\pic18-lt\cxx-framework\src\traditional\startup\c018i.c
       ___return_lbl00000   0x000004    program     static                          
            s_put_n_chars   0x000014    program     static E:\c18v3.46\pic18-lt\cxx-framework\src\traditional\stdclib\vfprintf.c
                 vfprintf   0x000040    program     extern E:\c18v3.46\pic18-lt\cxx-framework\src\traditional\stdclib\vfprintf.c
              __tmplbl_85   0x00006a    program     static                          
              __tmplbl_44   0x000918    program     static                          
              __tmplbl_43   0x000932    program     static                          
                   __pa_0   0x000954    program     static E:\c18v3.46\pic18-lt\cxx-framework\src\traditional\stdclib\vfprintf.c
                   __pa_1   0x00095c    program     static E:\c18v3.46\pic18-lt\cxx-framework\src\traditional\stdclib\vfprintf.c
                   __pa_2   0x000966    program     static E:\c18v3.46\pic18-lt\cxx-framework\src\traditional\stdclib\vfprintf.c
                   __pa_3   0x000970    program     static E:\c18v3.46\pic18-lt\cxx-framework\src\traditional\stdclib\vfprintf.c
                   __pa_4   0x000988    program     static E:\c18v3.46\pic18-lt\cxx-framework\src\traditional\stdclib\vfprintf.c
                   __pa_5   0x00099c    program     static E:\c18v3.46\pic18-lt\cxx-framework\src\traditional\stdclib\vfprintf.c
                   __pa_6   0x0009b8    program     static E:\c18v3.46\pic18-lt\cxx-framework\src\traditional\stdclib\vfprintf.c
                   __pa_7   0x0009c2    program     static E:\c18v3.46\pic18-lt\cxx-framework\src\traditional\stdclib\vfprintf.c
                   __pa_8   0x0009ce    program     static E:\c18v3.46\pic18-lt\cxx-framework\src\traditional\stdclib\vfprintf.c
                   __pa_9   0x0009f0    program     static E:\c18v3.46\pic18-lt\cxx-framework\src\traditional\stdclib\vfprintf.c
                  __pa_10   0x000a10    program     static E:\c18v3.46\pic18-lt\cxx-framework\src\traditional\stdclib\vfprintf.c
                  __pa_11   0x000a1e    program     static E:\c18v3.46\pic18-lt\cxx-framework\src\traditional\stdclib\vfprintf.c
                  __pa_12   0x000a34    program     static E:\c18v3.46\pic18-lt\cxx-framework\src\traditional\stdclib\vfprintf.c
                  __pa_13   0x000a4e    program     static E:\c18v3.46\pic18-lt\cxx-framework\src\traditional\stdclib\vfprintf.c
                  __pa_14   0x000a66    program     static E:\c18v3.46\pic18-lt\cxx-framework\src\traditional\stdclib\vfprintf.c
                  __pa_15   0x000a76    program     static E:\c18v3.46\pic18-lt\cxx-framework\src\traditional\stdclib\vfprintf.c
                  __pa_16   0x000a8c    program     static E:\c18v3.46\pic18-lt\cxx-framework\src\traditional\stdclib\vfprintf.c
                  __pa_17   0x000a9e    program     static E:\c18v3.46\pic18-lt\cxx-framework\src\traditional\stdclib\vfprintf.c
                  __pa_18   0x000ab0    program     static E:\c18v3.46\pic18-lt\cxx-framework\src\traditional\stdclib\vfprintf.c
                  __pa_19   0x000aba    program     static E:\c18v3.46\pic18-lt\cxx-framework\src\traditional\stdclib\vfprintf.c
                  __pa_20   0x000aca    program     static E:\c18v3.46\pic18-lt\cxx-framework\src\traditional\stdclib\vfprintf.c
                  __pa_21   0x000ada    program     static E:\c18v3.46\pic18-lt\cxx-framework\src\traditional\stdclib\vfprintf.c
                  __pa_22   0x000aea    program     static E:\c18v3.46\pic18-lt\cxx-framework\src\traditional\stdclib\vfprintf.c
              __tmplbl_42   0x000aea    program     static                          
                  __pa_23   0x000af6    program     static E:\c18v3.46\pic18-lt\cxx-framework\src\traditional\stdclib\vfprintf.c
                  __pa_24   0x000b04    program     static E:\c18v3.46\pic18-lt\cxx-framework\src\traditional\stdclib\vfprintf.c
                  __pa_25   0x000b0c    program     static E:\c18v3.46\pic18-lt\cxx-framework\src\traditional\stdclib\vfprintf.c
                  __pa_26   0x000b16    program     static E:\c18v3.46\pic18-lt\cxx-framework\src\traditional\stdclib\vfprintf.c
                  __pa_27   0x000b20    program     static E:\c18v3.46\pic18-lt\cxx-framework\src\traditional\stdclib\vfprintf.c
                  __pa_28   0x000b28    program     static E:\c18v3.46\pic18-lt\cxx-framework\src\traditional\stdclib\vfprintf.c
                  __pa_29   0x000b36    program     static E:\c18v3.46\pic18-lt\cxx-framework\src\traditional\stdclib\vfprintf.c
                  __pa_30   0x000b52    program     static E:\c18v3.46\pic18-lt\cxx-framework\src\traditional\stdclib\vfprintf.c
                  __pa_31   0x000b6c    program     static E:\c18v3.46\pic18-lt\cxx-framework\src\traditional\stdclib\vfprintf.c
                  __pa_32   0x000b86    program     static E:\c18v3.46\pic18-lt\cxx-framework\src\traditional\stdclib\vfprintf.c
                  __pa_33   0x000b9e    program     static E:\c18v3.46\pic18-lt\cxx-framework\src\traditional\stdclib\vfprintf.c
                  __pa_34   0x000ba8    program     static E:\c18v3.46\pic18-lt\cxx-framework\src\traditional\stdclib\vfprintf.c
                  __pa_35   0x000bb6    program     static E:\c18v3.46\pic18-lt\cxx-framework\src\traditional\stdclib\vfprintf.c
                  __pa_36   0x000bbe    program     static E:\c18v3.46\pic18-lt\cxx-framework\src\traditional\stdclib\vfprintf.c
                  __pa_37   0x000bc8    program     static E:\c18v3.46\pic18-lt\cxx-framework\src\traditional\stdclib\vfprintf.c
                  __pa_38   0x000bd8    program     static E:\c18v3.46\pic18-lt\cxx-framework\src\traditional\stdclib\vfprintf.c
                  __pa_39   0x000be6    program     static E:\c18v3.46\pic18-lt\cxx-framework\src\traditional\stdclib\vfprintf.c
                  __pa_40   0x000bf2    program     static E:\c18v3.46\pic18-lt\cxx-framework\src\traditional\stdclib\vfprintf.c
                  __pa_41   0x000bfe    program     static E:\c18v3.46\pic18-lt\cxx-framework\src\traditional\stdclib\vfprintf.c
                  __pa_42   0x000c06    program     static E:\c18v3.46\pic18-lt\cxx-framework\src\traditional\stdclib\vfprintf.c
                  __pa_43   0x000c10    program     static E:\c18v3.46\pic18-lt\cxx-framework\src\traditional\stdclib\vfprintf.c
                  __pa_44   0x000c16    program     static E:\c18v3.46\pic18-lt\cxx-framework\src\traditional\stdclib\vfprintf.c
                  __pa_45   0x000c20    program     static E:\c18v3.46\pic18-lt\cxx-framework\src\traditional\stdclib\vfprintf.c
                  __pa_46   0x000c2c    program     static E:\c18v3.46\pic18-lt\cxx-framework\src\traditional\stdclib\vfprintf.c
                 ow_reset   0x000c36    program     extern /Users/darrenramsook/Documents/ECNG3006/GP/TemperatureSensor.X/ow.h
            ow_write_byte   0x000c7e    program     extern /Users/darrenramsook/Documents/ECNG3006/GP/TemperatureSensor.X/ow.h
             ow_read_byte   0x000cd2    program     extern /Users/darrenramsook/Documents/ECNG3006/GP/TemperatureSensor.X/ow.h
          ___for_lbl00008   0x000ce4    program     static                          
               __tmplbl_1   0x000cf8    program     static                          
          ___for_lbl00006   0x000d40    program     static                          
          ___for_lbl00007   0x000d46    program     static                          
       ___return_lbl00005   0x000d4a    program     static                          
            DelayFor18TCY   0x000d62    program     extern /Users/darrenramsook/Documents/ECNG3006/GP/TemperatureSensor.X/TempMain.c
             DelayPORXLCD   0x000d68    program     extern /Users/darrenramsook/Documents/ECNG3006/GP/TemperatureSensor.X/TempMain.c
                DelayXLCD   0x000d6e    program     extern /Users/darrenramsook/Documents/ECNG3006/GP/TemperatureSensor.X/TempMain.c
                    reset   0x000d74    program     extern /Users/darrenramsook/Documents/ECNG3006/GP/TemperatureSensor.X/TempMain.c
               fractional   0x000d80    program     extern /Users/darrenramsook/Documents/ECNG3006/GP/TemperatureSensor.X/TempMain.c
                integeral   0x000ec6    program     extern /Users/darrenramsook/Documents/ECNG3006/GP/TemperatureSensor.X/TempMain.c
                  display   0x000f0e    program     extern /Users/darrenramsook/Documents/ECNG3006/GP/TemperatureSensor.X/TempMain.c
                     main   0x000f7a    program     extern /Users/darrenramsook/Documents/ECNG3006/GP/TemperatureSensor.X/TempMain.c
                   __pa_0   0x001012    program     static /Users/darrenramsook/Documents/ECNG3006/GP/TemperatureSensor.X/TempMain.c
                   __pa_1   0x00101c    program     static /Users/darrenramsook/Documents/ECNG3006/GP/TemperatureSensor.X/TempMain.c
                   __pa_2   0x001026    program     static /Users/darrenramsook/Documents/ECNG3006/GP/TemperatureSensor.X/TempMain.c
                   __pa_3   0x00102e    program     static /Users/darrenramsook/Documents/ECNG3006/GP/TemperatureSensor.X/TempMain.c
                   __pa_4   0x001040    program     static /Users/darrenramsook/Documents/ECNG3006/GP/TemperatureSensor.X/TempMain.c
                   __pa_5   0x001052    program     static /Users/darrenramsook/Documents/ECNG3006/GP/TemperatureSensor.X/TempMain.c
                   __pa_6   0x00105a    program     static /Users/darrenramsook/Documents/ECNG3006/GP/TemperatureSensor.X/TempMain.c
                   __pa_7   0x001068    program     static /Users/darrenramsook/Documents/ECNG3006/GP/TemperatureSensor.X/TempMain.c
                 FLO0832U   0x001072    program     extern E:\c18v3.46\pic18-lt\cxx-framework\src\traditional\math\cast08FP.asm
                 FLO0832S   0x001076    program     extern E:\c18v3.46\pic18-lt\cxx-framework\src\traditional\math\cast08FP.asm
                jI2F08Beg   0x001080    program     static E:\c18v3.46\pic18-lt\cxx-framework\src\traditional\math\cast08FP.asm
                    FPS32   0x001094    program     extern E:\c18v3.46\pic18-lt\cxx-framework\src\traditional\math\addFP.asm
                    FPA32   0x001096    program     extern E:\c18v3.46\pic18-lt\cxx-framework\src\traditional\math\addFP.asm
                jBANotInf   0x0010b4    program     static E:\c18v3.46\pic18-lt\cxx-framework\src\traditional\math\addFP.asm
                 jANotInf   0x0010be    program     static E:\c18v3.46\pic18-lt\cxx-framework\src\traditional\math\addFP.asm
                 jBNotInf   0x0010cc    program     static E:\c18v3.46\pic18-lt\cxx-framework\src\traditional\math\addFP.asm
            jDifOrPosSign   0x0010e0    program     static E:\c18v3.46\pic18-lt\cxx-framework\src\traditional\math\addFP.asm
             jNotBothZero   0x0010e4    program     static E:\c18v3.46\pic18-lt\cxx-framework\src\traditional\math\addFP.asm
                 jAltBexp   0x001110    program     static E:\c18v3.46\pic18-lt\cxx-framework\src\traditional\math\addFP.asm
              jAandWsetup   0x001122    program     static E:\c18v3.46\pic18-lt\cxx-framework\src\traditional\math\addFP.asm
                 jANotNeg   0x001152    program     static E:\c18v3.46\pic18-lt\cxx-framework\src\traditional\math\addFP.asm
                 jWNotNeg   0x001166    program     static E:\c18v3.46\pic18-lt\cxx-framework\src\traditional\math\addFP.asm
               jShiftLoop   0x00116c    program     static E:\c18v3.46\pic18-lt\cxx-framework\src\traditional\math\addFP.asm
               jShiftDone   0x00117a    program     static E:\c18v3.46\pic18-lt\cxx-framework\src\traditional\math\addFP.asm
                jSignDone   0x0011aa    program     static E:\c18v3.46\pic18-lt\cxx-framework\src\traditional\math\addFP.asm
               jFinalSign   0x0011ba    program     static E:\c18v3.46\pic18-lt\cxx-framework\src\traditional\math\addFP.asm
                    FPM32   0x0011c2    program     extern E:\c18v3.46\pic18-lt\cxx-framework\src\traditional\math\mulFP.asm
                 jANotInf   0x0011e0    program     static E:\c18v3.46\pic18-lt\cxx-framework\src\traditional\math\mulFP.asm
              jBothFinite   0x0011ee    program     static E:\c18v3.46\pic18-lt\cxx-framework\src\traditional\math\mulFP.asm
                jHaveZero   0x0011f6    program     static E:\c18v3.46\pic18-lt\cxx-framework\src\traditional\math\mulFP.asm
             jBothNotZero   0x0011fa    program     static E:\c18v3.46\pic18-lt\cxx-framework\src\traditional\math\mulFP.asm
                  INT3216   0x00129c    program     extern E:\c18v3.46\pic18-lt\cxx-framework\src\traditional\math\castFP16.asm
                     jMax   0x0012ac    program     static E:\c18v3.46\pic18-lt\cxx-framework\src\traditional\math\castFP16.asm
                  jMaxPos   0x0012b0    program     static E:\c18v3.46\pic18-lt\cxx-framework\src\traditional\math\castFP16.asm
                  jMaxNeg   0x0012ba    program     static E:\c18v3.46\pic18-lt\cxx-framework\src\traditional\math\castFP16.asm
                    jZero   0x0012c2    program     static E:\c18v3.46\pic18-lt\cxx-framework\src\traditional\math\castFP16.asm
                  jNotInf   0x0012c8    program     static E:\c18v3.46\pic18-lt\cxx-framework\src\traditional\math\castFP16.asm
                    jLoop   0x0012d8    program     static E:\c18v3.46\pic18-lt\cxx-framework\src\traditional\math\castFP16.asm
                jLoopExit   0x0012e8    program     static E:\c18v3.46\pic18-lt\cxx-framework\src\traditional\math\castFP16.asm
                    jExit   0x0012f8    program     static E:\c18v3.46\pic18-lt\cxx-framework\src\traditional\math\castFP16.asm
            __FpReturnNaN   0x0012fa    program     extern E:\c18v3.46\pic18-lt\cxx-framework\src\traditional\math\packFP.asm
                 __FpExit   0x001306    program     extern E:\c18v3.46\pic18-lt\cxx-framework\src\traditional\math\packFP.asm
        __FpReturnSignInf   0x001308    program     extern E:\c18v3.46\pic18-lt\cxx-framework\src\traditional\math\packFP.asm
         __FpReturnNegInf   0x00130c    program     extern E:\c18v3.46\pic18-lt\cxx-framework\src\traditional\math\packFP.asm
         __FpReturnPosInf   0x001312    program     extern E:\c18v3.46\pic18-lt\cxx-framework\src\traditional\math\packFP.asm
           jReturnPosInf0   0x001316    program     static E:\c18v3.46\pic18-lt\cxx-framework\src\traditional\math\packFP.asm
               jZero1and2   0x00131a    program     static E:\c18v3.46\pic18-lt\cxx-framework\src\traditional\math\packFP.asm
       __FpReturnSignZero   0x001320    program     extern E:\c18v3.46\pic18-lt\cxx-framework\src\traditional\math\packFP.asm
        __FpReturnNegZero   0x001324    program     extern E:\c18v3.46\pic18-lt\cxx-framework\src\traditional\math\packFP.asm
        __FpReturnPosZero   0x00132c    program     extern E:\c18v3.46\pic18-lt\cxx-framework\src\traditional\math\packFP.asm
                 __FpPack   0x001332    program     extern E:\c18v3.46\pic18-lt\cxx-framework\src\traditional\math\packFP.asm
                  jPkLoop   0x001340    program     static E:\c18v3.46\pic18-lt\cxx-framework\src\traditional\math\packFP.asm
             jPkShiftDone   0x00135c    program     static E:\c18v3.46\pic18-lt\cxx-framework\src\traditional\math\packFP.asm
               jPkRoundIt   0x001372    program     static E:\c18v3.46\pic18-lt\cxx-framework\src\traditional\math\packFP.asm
             jPkRoundDone   0x00138a    program     static E:\c18v3.46\pic18-lt\cxx-framework\src\traditional\math\packFP.asm
              __FpReturnW   0x00138a    program     extern E:\c18v3.46\pic18-lt\cxx-framework\src\traditional\math\packFP.asm
              __FpUnPackA   0x0013aa    program     extern E:\c18v3.46\pic18-lt\cxx-framework\src\traditional\math\UnpackFP.asm
                  jUnpkA1   0x0013b4    program     static E:\c18v3.46\pic18-lt\cxx-framework\src\traditional\math\UnpackFP.asm
                 jUnpkANZ   0x0013c2    program     static E:\c18v3.46\pic18-lt\cxx-framework\src\traditional\math\UnpackFP.asm
                  jUnpkA2   0x0013cc    program     static E:\c18v3.46\pic18-lt\cxx-framework\src\traditional\math\UnpackFP.asm
[...]
                     LATA   0x000f89       data     extern E:\c18v3.46\pic18-lt\cxx-framework\src\traditional\proc\p18f452.asm
                 LATBbits   0x000f8a       data     extern E:\c18v3.46\pic18-lt\cxx-framework\src\traditional\proc\p18f452.asm
                     LATB   0x000f8a       data     extern E:\c18v3.46\pic18-lt\cxx-framework\src\traditional\proc\p18f452.asm
                     LATC   0x000f8b       data     extern E:\c18v3.46\pic18-lt\cxx-framework\src\traditional\proc\p18f452.asm
                 LATCbits   0x000f8b       data     extern E:\c18v3.46\pic18-lt\cxx-framework\src\traditional\proc\p18f452.asm
                     LATD   0x000f8c       data     extern E:\c18v3.46\pic18-lt\cxx-framework\src\traditional\proc\p18f452.asm
                 LATDbits   0x000f8c       data     extern E:\c18v3.46\pic18-lt\cxx-framework\src\traditional\proc\p18f452.asm
                     LATE   0x000f8d       data     extern E:\c18v3.46\pic18-lt\cxx-framework\src\traditional\proc\p18f452.asm
                 LATEbits   0x000f8d       data     extern E:\c18v3.46\pic18-lt\cxx-framework\src\traditional\proc\p18f452.asm
                 DDRAbits   0x000f92       data     extern E:\c18v3.46\pic18-lt\cxx-framework\src\traditional\proc\p18f452.asm
                     DDRA   0x000f92       data     extern E:\c18v3.46\pic18-lt\cxx-framework\src\traditional\proc\p18f452.asm
                    TRISA   0x000f92       data     extern E:\c18v3.46\pic18-lt\cxx-framework\src\traditional\proc\p18f452.asm
                TRISAbits   0x000f92       data     extern E:\c18v3.46\pic18-lt\cxx-framework\src\traditional\proc\p18f452.asm
                 DDRBbits   0x000f93       data     extern E:\c18v3.46\pic18-lt\cxx-framework\src\traditional\proc\p18f452.asm
                     DDRB   0x000f93       data     extern E:\c18v3.46\pic18-lt\cxx-framework\src\traditional\proc\p18f452.asm
                    TRISB   0x000f93       data     extern E:\c18v3.46\pic18-lt\cxx-framework\src\traditional\proc\p18f452.asm
                TRISBbits   0x000f93       data     extern E:\c18v3.46\pic18-lt\cxx-framework\src\traditional\proc\p18f452.asm
                    TRISC   0x000f94       data     extern E:\c18v3.46\pic18-lt\cxx-framework\src\traditional\proc\p18f452.asm
                 DDRCbits   0x000f94       data     extern E:\c18v3.46\pic18-lt\cxx-framework\src\traditional\proc\p18f452.asm
                     DDRC   0x000f94       data     extern E:\c18v3.46\pic18-lt\cxx-framework\src\traditional\proc\p18f452.asm
                TRISCbits   0x000f94       data     extern E:\c18v3.46\pic18-lt\cxx-framework\src\traditional\proc\p18f452.asm
                 DDRDbits   0x000f95       data     extern E:\c18v3.46\pic18-lt\cxx-framework\src\traditional\proc\p18f452.asm
                     DDRD   0x000f95       data     extern E:\c18v3.46\pic18-lt\cxx-framework\src\traditional\proc\p18f452.asm
                TRISDbits   0x000f95       data     extern E:\c18v3.46\pic18-lt\cxx-framework\src\traditional\proc\p18f452.asm
                    TRISD   0x000f95       data     extern E:\c18v3.46\pic18-lt\cxx-framework\src\traditional\proc\p18f452.asm
                 DDREbits   0x000f96       data     extern E:\c18v3.46\pic18-lt\cxx-framework\src\traditional\proc\p18f452.asm
                     DDRE   0x000f96       data     extern E:\c18v3.46\pic18-lt\cxx-framework\src\traditional\proc\p18f452.asm
                TRISEbits   0x000f96       data     extern E:\c18v3.46\pic18-lt\cxx-framework\src\traditional\proc\p18f452.asm
                    TRISE   0x000f96       data     extern E:\c18v3.46\pic18-lt\cxx-framework\src\traditional\proc\p18f452.asm
                     PIE1   0x000f9d       data     extern E:\c18v3.46\pic18-lt\cxx-framework\src\traditional\proc\p18f452.asm
                 PIE1bits   0x000f9d       data     extern E:\c18v3.46\pic18-lt\cxx-framework\src\traditional\proc\p18f452.asm
                 PIR1bits   0x000f9e       data     extern E:\c18v3.46\pic18-lt\cxx-framework\src\traditional\proc\p18f452.asm
                     PIR1   0x000f9e       data     extern E:\c18v3.46\pic18-lt\cxx-framework\src\traditional\proc\p18f452.asm
                 IPR1bits   0x000f9f       data     extern E:\c18v3.46\pic18-lt\cxx-framework\src\traditional\proc\p18f452.asm
                     IPR1   0x000f9f       data     extern E:\c18v3.46\pic18-lt\cxx-framework\src\traditional\proc\p18f452.asm
                 PIE2bits   0x000fa0       data     extern E:\c18v3.46\pic18-lt\cxx-framework\src\traditional\proc\p18f452.asm
                     PIE2   0x000fa0       data     extern E:\c18v3.46\pic18-lt\cxx-framework\src\traditional\proc\p18f452.asm
                 PIR2bits   0x000fa1       data     extern E:\c18v3.46\pic18-lt\cxx-framework\src\traditional\proc\p18f452.asm
                     PIR2   0x000fa1       data     extern E:\c18v3.46\pic18-lt\cxx-framework\src\traditional\proc\p18f452.asm
                     IPR2   0x000fa2       data     extern E:\c18v3.46\pic18-lt\cxx-framework\src\traditional\proc\p18f452.asm
                 IPR2bits   0x000fa2       data     extern E:\c18v3.46\pic18-lt\cxx-framework\src\traditional\proc\p18f452.asm
               EECON1bits   0x000fa6       data     extern E:\c18v3.46\pic18-lt\cxx-framework\src\traditional\proc\p18f452.asm
                   EECON1   0x000fa6       data     extern E:\c18v3.46\pic18-lt\cxx-framework\src\traditional\proc\p18f452.asm
                   EECON2   0x000fa7       data     extern E:\c18v3.46\pic18-lt\cxx-framework\src\traditional\proc\p18f452.asm
                   EEDATA   0x000fa8       data     extern E:\c18v3.46\pic18-lt\cxx-framework\src\traditional\proc\p18f452.asm
                    EEADR   0x000fa9       data     extern E:\c18v3.46\pic18-lt\cxx-framework\src\traditional\proc\p18f452.asm
                    RCSTA   0x000fab       data     extern E:\c18v3.46\pic18-lt\cxx-framework\src\traditional\proc\p18f452.asm
                RCSTAbits   0x000fab       data     extern E:\c18v3.46\pic18-lt\cxx-framework\src\traditional\proc\p18f452.asm
                TXSTAbits   0x000fac       data     extern E:\c18v3.46\pic18-lt\cxx-framework\src\traditional\proc\p18f452.asm
                    TXSTA   0x000fac       data     extern E:\c18v3.46\pic18-lt\cxx-framework\src\traditional\proc\p18f452.asm
                    TXREG   0x000fad       data     extern E:\c18v3.46\pic18-lt\cxx-framework\src\traditional\proc\p18f452.asm
                    RCREG   0x000fae       data     extern E:\c18v3.46\pic18-lt\cxx-framework\src\traditional\proc\p18f452.asm
                    SPBRG   0x000faf       data     extern E:\c18v3.46\pic18-lt\cxx-framework\src\traditional\proc\p18f452.asm
                    T3CON   0x000fb1       data     extern E:\c18v3.46\pic18-lt\cxx-framework\src\traditional\proc\p18f452.asm
                T3CONbits   0x000fb1       data     extern E:\c18v3.46\pic18-lt\cxx-framework\src\traditional\proc\p18f452.asm
                    TMR3L   0x000fb2       data     extern E:\c18v3.46\pic18-lt\cxx-framework\src\traditional\proc\p18f452.asm
                    TMR3H   0x000fb3       data     extern E:\c18v3.46\pic18-lt\cxx-framework\src\traditional\proc\p18f452.asm
                  CCP2CON   0x000fba       data     extern E:\c18v3.46\pic18-lt\cxx-framework\src\traditional\proc\p18f452.asm
              CCP2CONbits   0x000fba       data     extern E:\c18v3.46\pic18-lt\cxx-framework\src\traditional\proc\p18f452.asm
                    CCPR2   0x000fbb       data     extern E:\c18v3.46\pic18-lt\cxx-framework\src\traditional\proc\p18f452.asm
                   CCPR2L   0x000fbb       data     extern E:\c18v3.46\pic18-lt\cxx-framework\src\traditional\proc\p18f452.asm
                   CCPR2H   0x000fbc       data     extern E:\c18v3.46\pic18-lt\cxx-framework\src\traditional\proc\p18f452.asm
                  CCP1CON   0x000fbd       data     extern E:\c18v3.46\pic18-lt\cxx-framework\src\traditional\proc\p18f452.asm
              CCP1CONbits   0x000fbd       data     extern E:\c18v3.46\pic18-lt\cxx-framework\src\traditional\proc\p18f452.asm
                    CCPR1   0x000fbe       data     extern E:\c18v3.46\pic18-lt\cxx-framework\src\traditional\proc\p18f452.asm
                   CCPR1L   0x000fbe       data     extern E:\c18v3.46\pic18-lt\cxx-framework\src\traditional\proc\p18f452.asm
                   CCPR1H   0x000fbf       data     extern E:\c18v3.46\pic18-lt\cxx-framework\src\traditional\proc\p18f452.asm
               ADCON1bits   0x000fc1       data     extern E:\c18v3.46\pic18-lt\cxx-framework\src\traditional\proc\p18f452.asm
                   ADCON1   0x000fc1       data     extern E:\c18v3.46\pic18-lt\cxx-framework\src\traditional\proc\p18f452.asm
                   ADCON0   0x000fc2       data     extern E:\c18v3.46\pic18-lt\cxx-framework\src\traditional\proc\p18f452.asm
               ADCON0bits   0x000fc2       data     extern E:\c18v3.46\pic18-lt\cxx-framework\src\traditional\proc\p18f452.asm
                    ADRES   0x000fc3       data     extern E:\c18v3.46\pic18-lt\cxx-framework\src\traditional\proc\p18f452.asm
                   ADRESL   0x000fc3       data     extern E:\c18v3.46\pic18-lt\cxx-framework\src\traditional\proc\p18f452.asm
                   ADRESH   0x000fc4       data     extern E:\c18v3.46\pic18-lt\cxx-framework\src\traditional\proc\p18f452.asm
                  SSPCON2   0x000fc5       data     extern E:\c18v3.46\pic18-lt\cxx-framework\src\traditional\proc\p18f452.asm
              SSPCON2bits   0x000fc5       data     extern E:\c18v3.46\pic18-lt\cxx-framework\src\traditional\proc\p18f452.asm
                  SSPCON1   0x000fc6       data     extern E:\c18v3.46\pic18-lt\cxx-framework\src\traditional\proc\p18f452.asm
              SSPCON1bits   0x000fc6       data     extern E:\c18v3.46\pic18-lt\cxx-framework\src\traditional\proc\p18f452.asm
              SSPSTATbits   0x000fc7       data     extern E:\c18v3.46\pic18-lt\cxx-framework\src\traditional\proc\p18f452.asm
                  SSPSTAT   0x000fc7       data     extern E:\c18v3.46\pic18-lt\cxx-framework\src\traditional\proc\p18f452.asm
                   SSPADD   0x000fc8       data     extern E:\c18v3.46\pic18-lt\cxx-framework\src\traditional\proc\p18f452.asm
                   SSPBUF   0x000fc9       data     extern E:\c18v3.46\pic18-lt\cxx-framework\src\traditional\proc\p18f452.asm
                    T2CON   0x000fca       data     extern E:\c18v3.46\pic18-lt\cxx-framework\src\traditional\proc\p18f452.asm
                T2CONbits   0x000fca       data     extern E:\c18v3.46\pic18-lt\cxx-framework\src\traditional\proc\p18f452.asm
                      PR2   0x000fcb       data     extern E:\c18v3.46\pic18-lt\cxx-framework\src\traditional\proc\p18f452.asm
                     TMR2   0x000fcc       data     extern E:\c18v3.46\pic18-lt\cxx-framework\src\traditional\proc\p18f452.asm
                    T1CON   0x000fcd       data     extern E:\c18v3.46\pic18-lt\cxx-framework\src\traditional\proc\p18f452.asm
                T1CONbits   0x000fcd       data     extern E:\c18v3.46\pic18-lt\cxx-framework\src\traditional\proc\p18f452.asm
                    TMR1L   0x000fce       data     extern E:\c18v3.46\pic18-lt\cxx-framework\src\traditional\proc\p18f452.asm
                    TMR1H   0x000fcf       data     extern E:\c18v3.46\pic18-lt\cxx-framework\src\traditional\proc\p18f452.asm
                     RCON   0x000fd0       data     extern E:\c18v3.46\pic18-lt\cxx-framework\src\traditional\proc\p18f452.asm
                 RCONbits   0x000fd0       data     extern E:\c18v3.46\pic18-lt\cxx-framework\src\traditional\proc\p18f452.asm
               WDTCONbits   0x000fd1       data     extern E:\c18v3.46\pic18-lt\cxx-framework\src\traditional\proc\p18f452.asm
                   WDTCON   0x000fd1       data     extern E:\c18v3.46\pic18-lt\cxx-framework\src\traditional\proc\p18f452.asm
                   LVDCON   0x000fd2       data     extern E:\c18v3.46\pic18-lt\cxx-framework\src\traditional\proc\p18f452.asm
               LVDCONbits   0x000fd2       data     extern E:\c18v3.46\pic18-lt\cxx-framework\src\traditional\proc\p18f452.asm
                   OSCCON   0x000fd3       data     extern E:\c18v3.46\pic18-lt\cxx-framework\src\traditional\proc\p18f452.asm
               OSCCONbits   0x000fd3       data     extern E:\c18v3.46\pic18-lt\cxx-framework\src\traditional\proc\p18f452.asm
                    T0CON   0x000fd5       data     extern E:\c18v3.46\pic18-lt\cxx-framework\src\traditional\proc\p18f452.asm
                T0CONbits   0x000fd5       data     extern E:\c18v3.46\pic18-lt\cxx-framework\src\traditional\proc\p18f452.asm
                    TMR0L   0x000fd6       data     extern E:\c18v3.46\pic18-lt\cxx-framework\src\traditional\proc\p18f452.asm
                    TMR0H   0x000fd7       data     extern E:\c18v3.46\pic18-lt\cxx-framework\src\traditional\proc\p18f452.asm
               STATUSbits   0x000fd8       data     extern E:\c18v3.46\pic18-lt\cxx-framework\src\traditional\proc\p18f452.asm
                   STATUS   0x000fd8       data     extern E:\c18v3.46\pic18-lt\cxx-framework\src\traditional\proc\p18f452.asm
                     FSR2   0x000fd9       data     extern E:\c18v3.46\pic18-lt\cxx-framework\src\traditional\proc\p18f452.asm
                    FSR2L   0x000fd9       data     extern E:\c18v3.46\pic18-lt\cxx-framework\src\traditional\proc\p18f452.asm
                    FSR2H   0x000fda       data     extern E:\c18v3.46\pic18-lt\cxx-framework\src\traditional\proc\p18f452.asm
                   PLUSW2   0x000fdb       data     extern E:\c18v3.46\pic18-lt\cxx-framework\src\traditional\proc\p18f452.asm
                  PREINC2   0x000fdc       data     extern E:\c18v3.46\pic18-lt\cxx-framework\src\traditional\proc\p18f452.asm
                 POSTDEC2   0x000fdd       data     extern E:\c18v3.46\pic18-lt\cxx-framework\src\traditional\proc\p18f452.asm
                 POSTINC2   0x000fde       data     extern E:\c18v3.46\pic18-lt\cxx-framework\src\traditional\proc\p18f452.asm
                    INDF2   0x000fdf       data     extern E:\c18v3.46\pic18-lt\cxx-framework\src\traditional\proc\p18f452.asm
                      BSR   0x000fe0       data     extern E:\c18v3.46\pic18-lt\cxx-framework\src\traditional\proc\p18f452.asm
                    FSR1L   0x000fe1       data     extern E:\c18v3.46\pic18-lt\cxx-framework\src\traditional\proc\p18f452.asm
                     FSR1   0x000fe1       data     extern E:\c18v3.46\pic18-lt\cxx-framework\src\traditional\proc\p18f452.asm
                    FSR1H   0x000fe2       data     extern E:\c18v3.46\pic18-lt\cxx-framework\src\traditional\proc\p18f452.asm
                   PLUSW1   0x000fe3       data     extern E:\c18v3.46\pic18-lt\cxx-framework\src\traditional\proc\p18f452.asm
                  PREINC1   0x000fe4       data     extern E:\c18v3.46\pic18-lt\cxx-framework\src\traditional\proc\p18f452.asm
                 POSTDEC1   0x000fe5       data     extern E:\c18v3.46\pic18-lt\cxx-framework\src\traditional\proc\p18f452.asm
                 POSTINC1   0x000fe6       data     extern E:\c18v3.46\pic18-lt\cxx-framework\src\traditional\proc\p18f452.asm
                    INDF1   0x000fe7       data     extern E:\c18v3.46\pic18-lt\cxx-framework\src\traditional\proc\p18f452.asm
                        W   0x000fe8       data     extern E:\c18v3.46\pic18-lt\cxx-framework\src\traditional\proc\p18f452.asm
                     WREG   0x000fe8       data     extern E:\c18v3.46\pic18-lt\cxx-framework\src\traditional\proc\p18f452.asm
                    FSR0L   0x000fe9       data     extern E:\c18v3.46\pic18-lt\cxx-framework\src\traditional\proc\p18f452.asm
                     FSR0   0x000fe9       data     extern E:\c18v3.46\pic18-lt\cxx-framework\src\traditional\proc\p18f452.asm
                    FSR0H   0x000fea       data     extern E:\c18v3.46\pic18-lt\cxx-framework\src\traditional\proc\p18f452.asm
                   PLUSW0   0x000feb       data     extern E:\c18v3.46\pic18-lt\cxx-framework\src\traditional\proc\p18f452.asm
                  PREINC0   0x000fec       data     extern E:\c18v3.46\pic18-lt\cxx-framework\src\traditional\proc\p18f452.asm
                 POSTDEC0   0x000fed       data     extern E:\c18v3.46\pic18-lt\cxx-framework\src\traditional\proc\p18f452.asm
                 POSTINC0   0x000fee       data     extern E:\c18v3.46\pic18-lt\cxx-framework\src\traditional\proc\p18f452.asm
                    INDF0   0x000fef       data     extern E:\c18v3.46\pic18-lt\cxx-framework\src\traditional\proc\p18f452.asm
                  INTCON3   0x000ff0       data     extern E:\c18v3.46\pic18-lt\cxx-framework\src\traditional\proc\p18f452.asm
              INTCON3bits   0x000ff0       data     extern E:\c18v3.46\pic18-lt\cxx-framework\src\traditional\proc\p18f452.asm
              INTCON2bits   0x000ff1       data     extern E:\c18v3.46\pic18-lt\cxx-framework\src\traditional\proc\p18f452.asm
                  INTCON2   0x000ff1       data     extern E:\c18v3.46\pic18-lt\cxx-framework\src\traditional\proc\p18f452.asm
               INTCONbits   0x000ff2       data     extern E:\c18v3.46\pic18-lt\cxx-framework\src\traditional\proc\p18f452.asm
              INTCON1bits   0x000ff2       data     extern E:\c18v3.46\pic18-lt\cxx-framework\src\traditional\proc\p18f452.asm
                  INTCON1   0x000ff2       data     extern E:\c18v3.46\pic18-lt\cxx-framework\src\traditional\proc\p18f452.asm
                   INTCON   0x000ff2       data     extern E:\c18v3.46\pic18-lt\cxx-framework\src\traditional\proc\p18f452.asm
                    PRODL   0x000ff3       data     extern E:\c18v3.46\pic18-lt\cxx-framework\src\traditional\proc\p18f452.asm
                     PROD   0x000ff3       data     extern E:\c18v3.46\pic18-lt\cxx-framework\src\traditional\proc\p18f452.asm
                    PRODH   0x000ff4       data     extern E:\c18v3.46\pic18-lt\cxx-framework\src\traditional\proc\p18f452.asm
                   TABLAT   0x000ff5       data     extern E:\c18v3.46\pic18-lt\cxx-framework\src\traditional\proc\p18f452.asm
                   TBLPTR   0x000ff6       data     extern E:\c18v3.46\pic18-lt\cxx-framework\src\traditional\proc\p18f452.asm
                  TBLPTRL   0x000ff6       data     extern E:\c18v3.46\pic18-lt\cxx-framework\src\traditional\proc\p18f452.asm
                  TBLPTRH   0x000ff7       data     extern E:\c18v3.46\pic18-lt\cxx-framework\src\traditional\proc\p18f452.asm
                  TBLPTRU   0x000ff8       data     extern E:\c18v3.46\pic18-lt\cxx-framework\src\traditional\proc\p18f452.asm
                       PC   0x000ff9       data     extern E:\c18v3.46\pic18-lt\cxx-framework\src\traditional\proc\p18f452.asm
                      PCL   0x000ff9       data     extern E:\c18v3.46\pic18-lt\cxx-framework\src\traditional\proc\p18f452.asm
                   PCLATH   0x000ffa       data     extern E:\c18v3.46\pic18-lt\cxx-framework\src\traditional\proc\p18f452.asm
                   PCLATU   0x000ffb       data     extern E:\c18v3.46\pic18-lt\cxx-framework\src\traditional\proc\p18f452.asm
               STKPTRbits   0x000ffc       data     extern E:\c18v3.46\pic18-lt\cxx-framework\src\traditional\proc\p18f452.asm
                   STKPTR   0x000ffc       data     extern E:\c18v3.46\pic18-lt\cxx-framework\src\traditional\proc\p18f452.asm
                     TOSL   0x000ffd       data     extern E:\c18v3.46\pic18-lt\cxx-framework\src\traditional\proc\p18f452.asm
                      TOS   0x000ffd       data     extern E:\c18v3.46\pic18-lt\cxx-framework\src\traditional\proc\p18f452.asm
                     TOSH   0x000ffe       data     extern E:\c18v3.46\pic18-lt\cxx-framework\src\traditional\proc\p18f452.asm
                     TOSU   0x000fff       data     extern E:\c18v3.46\pic18-lt\cxx-framework\src\traditional\proc\p18f452.asm


