MPLINK 4.48, Linker
Linker Map File - Created Wed Nov 29 16:30:38 2017

                                 Section Info
                  Section       Type    Address   Location Size(Bytes)
                ---------  ---------  ---------  ---------  ---------
               _entry_scn       code   0x000000    program   0x000006
               highVector       code   0x000008    program   0x00000c
                lowVector       code   0x000018    program   0x000006
                   .cinit    romdata   0x00002a    program   0x00000e
          .code_UCOS_II.o       code   0x000038    program   0x00345e
   .code_keypaducosmain.o       code   0x003496    program   0x000658
         .code_OS_CPU_C.o       code   0x003aee    program   0x00054a
       .romdata_UCOS_II.o    romdata   0x004038    program   0x000108
         .code_openxlcd.o       code   0x004140    program   0x0000ec
               _cinit_scn       code   0x00422c    program   0x00009e
         .code_putrxlcd.o       code   0x0042ca    program   0x000076
          .code_fxm3232.o       code   0x004340    program   0x000070
         .code_setddram.o       code   0x0043b0    program   0x00005e
         .code_setcgram.o       code   0x00440e    program   0x00005e
         .code_writdata.o       code   0x00446c    program   0x00005c
         .code_wcmdxlcd.o       code   0x0044c8    program   0x00005c
         .code_putsxlcd.o       code   0x004524    program   0x00005a
         .code_readdata.o       code   0x00457e    program   0x000052
         .code_readaddr.o       code   0x0045d0    program   0x000052
         .code_fxd3232u.o       code   0x004622    program   0x000048
           .code_t1open.o       code   0x00466a    program   0x000042
         .code_busyxlcd.o       code   0x0046ac    program   0x00003e
          .code_t1write.o       code   0x0046ea    program   0x000038
          .code_t0write.o       code   0x004722    program   0x000038
           .code_t0open.o       code   0x00475a    program   0x000038
                   STRING       code   0x004792    program   0x000034
             D10KTCYXCODE       code   0x0047c6    program   0x00002e
              D1KTCYXCODE       code   0x0047f4    program   0x000020
             .stringtable    romdata   0x004814    program   0x000020
                    .code       code   0x004834    program   0x000020
          .code_VECTORS.o       code   0x004854    program   0x00001e
             _startup_scn       code   0x004872    program   0x00001c
              D10TCYXCODE       code   0x00488e    program   0x000016
           .code___init.o       code   0x0048a4    program   0x000002
       .romdata_fxm3232.o    romdata   0x0048a6    program   0x000000
        .idata_t0open.o_i    romdata   0x0048a6    program   0x000000
      .romdata_fxd3232u.o    romdata   0x0048a6    program   0x000000
        .romdata_t0open.o    romdata   0x0048a6    program   0x000000
        .idata_t1open.o_i    romdata   0x0048a6    program   0x000000
        .romdata_t1open.o    romdata   0x0048a6    program   0x000000
       .idata_t0write.o_i    romdata   0x0048a6    program   0x000000
       .romdata_t0write.o    romdata   0x0048a6    program   0x000000
       .idata_t1write.o_i    romdata   0x0048a6    program   0x000000
       .romdata_t1write.o    romdata   0x0048a6    program   0x000000
.romdata_keypaducosmain.o    romdata   0x0048a6    program   0x000000
        .romdata___init.o    romdata   0x0048a6    program   0x000000
.idata_keypaducosmain.o_i    romdata   0x0048a6    program   0x000001
      .romdata_putsxlcd.o    romdata   0x0048a6    program   0x000000
      .idata_readaddr.o_i    romdata   0x0048a6    program   0x000000
      .romdata_readaddr.o    romdata   0x0048a6    program   0x000000
      .idata_readdata.o_i    romdata   0x0048a6    program   0x000000
      .romdata_readdata.o    romdata   0x0048a6    program   0x000000
      .idata_setcgram.o_i    romdata   0x0048a6    program   0x000000
      .romdata_setcgram.o    romdata   0x0048a6    program   0x000000
      .idata_setddram.o_i    romdata   0x0048a6    program   0x000000
      .romdata_setddram.o    romdata   0x0048a6    program   0x000000
      .idata_wcmdxlcd.o_i    romdata   0x0048a6    program   0x000000
      .idata_putsxlcd.o_i    romdata   0x0048a6    program   0x000000
      .romdata_wcmdxlcd.o    romdata   0x0048a6    program   0x000000
      .idata_writdata.o_i    romdata   0x0048a6    program   0x000000
      .romdata_putrxlcd.o    romdata   0x0048a6    program   0x000000
      .romdata_writdata.o    romdata   0x0048a6    program   0x000000
      .idata_putrxlcd.o_i    romdata   0x0048a6    program   0x000000
      .romdata_OS_CPU_C.o    romdata   0x0048a6    program   0x000000
      .romdata_openxlcd.o    romdata   0x0048a6    program   0x000000
      .idata_openxlcd.o_i    romdata   0x0048a6    program   0x000000
      .romdata_busyxlcd.o    romdata   0x0048a6    program   0x000000
         .romdata_c018i.o    romdata   0x0048a6    program   0x000000
       .romdata_VECTORS.o    romdata   0x0048a6    program   0x000000
        .idata___init.o_i    romdata   0x0048a7    program   0x000000
      .idata_busyxlcd.o_i    romdata   0x0048a7    program   0x000000
         .idata_c018i.o_i    romdata   0x0048a7    program   0x000000
       .idata_fxm3232.o_i    romdata   0x0048a7    program   0x000000
      .idata_fxd3232u.o_i    romdata   0x0048a7    program   0x000000
      .idata_OS_CPU_C.o_i    romdata   0x0048a7    program   0x000000
       .idata_VECTORS.o_i    romdata   0x0048a7    program   0x000000
       .idata_UCOS_II.o_i    romdata   0x0048a7    program   0x000000
            .code_c018i.o       code   0x0048a8    program   0x000000
.config_300001_keypaducosmain.o    romdata   0x300001    program   0x000001
.config_300003_keypaducosmain.o    romdata   0x300003    program   0x000001
.config_300006_keypaducosmain.o    romdata   0x300006    program   0x000001
                 .tmpdata      udata   0x000000       data   0x000014
                MATH_DATA      udata   0x000014       data   0x000010
                DELAYDAT2      udata   0x000024       data   0x000001
                DELAYDAT1      udata   0x000025       data   0x000001
                   .stack      udata   0x000080       data   0x000030
         .udata_UCOS_II.o      udata   0x0000b0       data   0x0002be
  .udata_keypaducosmain.o      udata   0x00036e       data   0x0000cd
           .udata_c018i.o      udata   0x00043b       data   0x00000a
  .idata_keypaducosmain.o      idata   0x000445       data   0x000001
         .idata_VECTORS.o      idata   0x000446       data   0x000000
         .idata_UCOS_II.o      idata   0x000446       data   0x000000
        .udata_busyxlcd.o      udata   0x000446       data   0x000000
           .idata_c018i.o      idata   0x000446       data   0x000000
        .udata_fxd3232u.o      udata   0x000446       data   0x000000
        .idata_fxd3232u.o      idata   0x000446       data   0x000000
         .udata_fxm3232.o      udata   0x000446       data   0x000000
         .idata_fxm3232.o      idata   0x000446       data   0x000000
          .udata_t0open.o      udata   0x000446       data   0x000000
          .idata_t0open.o      idata   0x000446       data   0x000000
          .udata_t1open.o      udata   0x000446       data   0x000000
          .idata_t1open.o      idata   0x000446       data   0x000000
         .udata_t0write.o      udata   0x000446       data   0x000000
         .idata_t0write.o      idata   0x000446       data   0x000000
         .udata_t1write.o      udata   0x000446       data   0x000000
         .idata_t1write.o      idata   0x000446       data   0x000000
          .udata___init.o      udata   0x000446       data   0x000000
          .idata___init.o      idata   0x000446       data   0x000000
        .idata_busyxlcd.o      idata   0x000446       data   0x000000
        .udata_openxlcd.o      udata   0x000446       data   0x000000
        .idata_openxlcd.o      idata   0x000446       data   0x000000
        .udata_putrxlcd.o      udata   0x000446       data   0x000000
        .idata_putrxlcd.o      idata   0x000446       data   0x000000
        .udata_putsxlcd.o      udata   0x000446       data   0x000000
        .idata_putsxlcd.o      idata   0x000446       data   0x000000
        .udata_readaddr.o      udata   0x000446       data   0x000000
        .idata_readaddr.o      idata   0x000446       data   0x000000
        .udata_readdata.o      udata   0x000446       data   0x000000
        .idata_readdata.o      idata   0x000446       data   0x000000
        .udata_setcgram.o      udata   0x000446       data   0x000000
        .idata_setcgram.o      idata   0x000446       data   0x000000
        .udata_setddram.o      udata   0x000446       data   0x000000
        .idata_setddram.o      idata   0x000446       data   0x000000
        .udata_wcmdxlcd.o      udata   0x000446       data   0x000000
        .idata_wcmdxlcd.o      idata   0x000446       data   0x000000
        .udata_writdata.o      udata   0x000446       data   0x000000
        .idata_writdata.o      idata   0x000446       data   0x000000
        .udata_OS_CPU_C.o      udata   0x000446       data   0x000000
        .idata_OS_CPU_C.o      idata   0x000446       data   0x000000
         .udata_VECTORS.o      udata   0x000446       data   0x000000
            SFR_UNBANKED0      udata   0x000f80       data   0x000080



                              Program Memory Usage 
                               Start         End      
                           ---------   ---------      
                            0x000000    0x000005      
                            0x000008    0x000013      
                            0x000018    0x00001d      
                            0x00002a    0x0048a6      
                            0x300001    0x300001      
                            0x300003    0x300003      
                            0x300006    0x300006      
            18584 out of 33048 program addresses used, program memory utilization is 56%



                              Symbols - Sorted by Name
                     Name    Address   Location    Storage File                     
                ---------  ---------  ---------  --------- ---------                
                 BusyXLCD   0x0046ac    program     extern /Users/darrenramsook/Documents/ECNG3006/GP/KeyPad_uCOS/busyxlcd.c
     CPUhighInterruptHook   0x00486c    program     extern /Users/darrenramsook/Documents/ECNG3006/GP/KeyPad_uCOS/VECTORS.C
            CPUhighVector   0x000008    program     extern /Users/darrenramsook/Documents/ECNG3006/GP/KeyPad_uCOS/OS_CPU_C.C
          CPUlowInterrupt   0x003ede    program     extern /Users/darrenramsook/Documents/ECNG3006/GP/KeyPad_uCOS/OS_CPU_C.C
      CPUlowInterruptHook   0x004854    program     extern /Users/darrenramsook/Documents/ECNG3006/GP/KeyPad_uCOS/VECTORS.C
             CPUlowVector   0x000018    program     extern /Users/darrenramsook/Documents/ECNG3006/GP/KeyPad_uCOS/OS_CPU_C.C
                   D10K_1   0x0047d2    program     static E:\c18v3.46\pic18-lt\cxx-framework\src\traditional\delays\d10ktcyx.asm
                    D10Kl   0x0047de    program     static E:\c18v3.46\pic18-lt\cxx-framework\src\traditional\delays\d10ktcyx.asm
                    D10Kx   0x0047d0    program     static E:\c18v3.46\pic18-lt\cxx-framework\src\traditional\delays\d10ktcyx.asm
                    D10_1   0x00489e    program     static E:\c18v3.46\pic18-lt\cxx-framework\src\traditional\delays\d10tcyx.asm
                     D10x   0x004896    program     static E:\c18v3.46\pic18-lt\cxx-framework\src\traditional\delays\d10tcyx.asm
                    D1K_1   0x004800    program     static E:\c18v3.46\pic18-lt\cxx-framework\src\traditional\delays\d1ktcyx.asm
                     D1Kx   0x0047fe    program     static E:\c18v3.46\pic18-lt\cxx-framework\src\traditional\delays\d1ktcyx.asm
             Delay10KTCYx   0x0047c6    program     extern E:\c18v3.46\pic18-lt\cxx-framework\src\traditional\delays\d10ktcyx.asm
              Delay10TCYx   0x00488e    program     extern E:\c18v3.46\pic18-lt\cxx-framework\src\traditional\delays\d10tcyx.asm
              Delay1KTCYx   0x0047f4    program     extern E:\c18v3.46\pic18-lt\cxx-framework\src\traditional\delays\d1ktcyx.asm
            DelayFor18TCY   0x003952    program     extern /Users/darrenramsook/Documents/ECNG3006/GP/KeyPad_uCOS/keypaducosmain.C
             DelayPORXLCD   0x00395e    program     extern /Users/darrenramsook/Documents/ECNG3006/GP/KeyPad_uCOS/keypaducosmain.C
                DelayXLCD   0x00396a    program     extern /Users/darrenramsook/Documents/ECNG3006/GP/KeyPad_uCOS/keypaducosmain.C
                 FXD3232U   0x004622    program     extern E:\c18v3.46\pic18-lt\cxx-framework\src\traditional\math\fxd3232u.c
                  FXM3232   0x004340    program     extern E:\c18v3.46\pic18-lt\cxx-framework\src\traditional\math\fxm3232.c
                  OSCtxSw   0x003de8    program     extern /Users/darrenramsook/Documents/ECNG3006/GP/KeyPad_uCOS/OS_CPU_C.C
                   OSInit   0x000038    program     extern /Users/darrenramsook/Documents/ECNG3006/GP/KeyPad_uCOS/OS_CORE.C
          OSInitHookBegin   0x003d60    program     extern /Users/darrenramsook/Documents/ECNG3006/GP/KeyPad_uCOS/OS_CPU_C.C
            OSInitHookEnd   0x003d62    program     extern /Users/darrenramsook/Documents/ECNG3006/GP/KeyPad_uCOS/OS_CPU_C.C
               OSIntCtxSw   0x003f70    program     extern /Users/darrenramsook/Documents/ECNG3006/GP/KeyPad_uCOS/OS_CPU_C.C
               OSIntEnter   0x00005a    program     extern /Users/darrenramsook/Documents/ECNG3006/GP/KeyPad_uCOS/OS_CORE.C
                OSIntExit   0x00007e    program     extern /Users/darrenramsook/Documents/ECNG3006/GP/KeyPad_uCOS/OS_CORE.C
                 OSMapTbl   0x004038    program     extern /Users/darrenramsook/Documents/ECNG3006/GP/KeyPad_uCOS/OS_CORE.C
              OSSchedLock   0x00018a    program     extern /Users/darrenramsook/Documents/ECNG3006/GP/KeyPad_uCOS/OS_CORE.C
            OSSchedUnlock   0x0001de    program     extern /Users/darrenramsook/Documents/ECNG3006/GP/KeyPad_uCOS/OS_CORE.C
              OSSemAccept   0x001482    program     extern /Users/darrenramsook/Documents/ECNG3006/GP/KeyPad_uCOS/OS_SEM.C
              OSSemCreate   0x001554    program     extern /Users/darrenramsook/Documents/ECNG3006/GP/KeyPad_uCOS/OS_SEM.C
                 OSSemDel   0x001648    program     extern /Users/darrenramsook/Documents/ECNG3006/GP/KeyPad_uCOS/OS_SEM.C
                OSSemPend   0x001884    program     extern /Users/darrenramsook/Documents/ECNG3006/GP/KeyPad_uCOS/OS_SEM.C
                OSSemPost   0x001a16    program     extern /Users/darrenramsook/Documents/ECNG3006/GP/KeyPad_uCOS/OS_SEM.C
               OSSemQuery   0x001b16    program     extern /Users/darrenramsook/Documents/ECNG3006/GP/KeyPad_uCOS/OS_SEM.C
                  OSStart   0x00023e    program     extern /Users/darrenramsook/Documents/ECNG3006/GP/KeyPad_uCOS/OS_CORE.C
           OSStartHighRdy   0x003d64    program     extern /Users/darrenramsook/Documents/ECNG3006/GP/KeyPad_uCOS/OS_CPU_C.C
               OSStatInit   0x000320    program     extern /Users/darrenramsook/Documents/ECNG3006/GP/KeyPad_uCOS/OS_CORE.C
            OSTCBInitHook   0x003d42    program     extern /Users/darrenramsook/Documents/ECNG3006/GP/KeyPad_uCOS/OS_CPU_C.C
         OSTaskChangePrio   0x001c96    program     extern /Users/darrenramsook/Documents/ECNG3006/GP/KeyPad_uCOS/OS_TASK.C
             OSTaskCreate   0x002102    program     extern /Users/darrenramsook/Documents/ECNG3006/GP/KeyPad_uCOS/OS_TASK.C
          OSTaskCreateExt   0x0022a8    program     extern /Users/darrenramsook/Documents/ECNG3006/GP/KeyPad_uCOS/OS_TASK.C
         OSTaskCreateHook   0x003d02    program     extern /Users/darrenramsook/Documents/ECNG3006/GP/KeyPad_uCOS/OS_CPU_C.C
                OSTaskDel   0x0024be    program     extern /Users/darrenramsook/Documents/ECNG3006/GP/KeyPad_uCOS/OS_TASK.C
            OSTaskDelHook   0x003d1e    program     extern /Users/darrenramsook/Documents/ECNG3006/GP/KeyPad_uCOS/OS_CPU_C.C
             OSTaskDelReq   0x00288c    program     extern /Users/darrenramsook/Documents/ECNG3006/GP/KeyPad_uCOS/OS_TASK.C
           OSTaskIdleHook   0x003d5e    program     extern /Users/darrenramsook/Documents/ECNG3006/GP/KeyPad_uCOS/OS_CPU_C.C
             OSTaskResume   0x0029bc    program     extern /Users/darrenramsook/Documents/ECNG3006/GP/KeyPad_uCOS/OS_TASK.C
           OSTaskStatHook   0x003d3e    program     extern /Users/darrenramsook/Documents/ECNG3006/GP/KeyPad_uCOS/OS_CPU_C.C
             OSTaskStkChk   0x002b14    program     extern /Users/darrenramsook/Documents/ECNG3006/GP/KeyPad_uCOS/OS_TASK.C
            OSTaskStkInit   0x003aee    program     extern /Users/darrenramsook/Documents/ECNG3006/GP/KeyPad_uCOS/OS_CPU_C.C
            OSTaskSuspend   0x002d54    program     extern /Users/darrenramsook/Documents/ECNG3006/GP/KeyPad_uCOS/OS_TASK.C
             OSTaskSwHook   0x003d3a    program     extern /Users/darrenramsook/Documents/ECNG3006/GP/KeyPad_uCOS/OS_CPU_C.C
                OSTimeDly   0x002eec    program     extern /Users/darrenramsook/Documents/ECNG3006/GP/KeyPad_uCOS/OS_TIME.C
            OSTimeDlyHMSM   0x002f96    program     extern /Users/darrenramsook/Documents/ECNG3006/GP/KeyPad_uCOS/OS_TIME.C
          OSTimeDlyResume   0x003272    program     extern /Users/darrenramsook/Documents/ECNG3006/GP/KeyPad_uCOS/OS_TIME.C
                OSTimeGet   0x0033c6    program     extern /Users/darrenramsook/Documents/ECNG3006/GP/KeyPad_uCOS/OS_TIME.C
                OSTimeSet   0x00344c    program     extern /Users/darrenramsook/Documents/ECNG3006/GP/KeyPad_uCOS/OS_TIME.C
               OSTimeTick   0x0003a0    program     extern /Users/darrenramsook/Documents/ECNG3006/GP/KeyPad_uCOS/OS_CORE.C
           OSTimeTickHook   0x003d40    program     extern /Users/darrenramsook/Documents/ECNG3006/GP/KeyPad_uCOS/OS_CPU_C.C
               OSUnMapTbl   0x004040    program     extern /Users/darrenramsook/Documents/ECNG3006/GP/KeyPad_uCOS/OS_CORE.C
                OSVersion   0x000532    program     extern /Users/darrenramsook/Documents/ECNG3006/GP/KeyPad_uCOS/OS_CORE.C
                 OS_Dummy   0x00053c    program     extern /Users/darrenramsook/Documents/ECNG3006/GP/KeyPad_uCOS/OS_CORE.C
               OS_EventTO   0x00087a    program     extern /Users/darrenramsook/Documents/ECNG3006/GP/KeyPad_uCOS/OS_CORE.C
          OS_EventTaskRdy   0x00053e    program     extern /Users/darrenramsook/Documents/ECNG3006/GP/KeyPad_uCOS/OS_CORE.C
         OS_EventTaskWait   0x00079c    program     extern /Users/darrenramsook/Documents/ECNG3006/GP/KeyPad_uCOS/OS_CORE.C
     OS_EventWaitListInit   0x000926    program     extern /Users/darrenramsook/Documents/ECNG3006/GP/KeyPad_uCOS/OS_CORE.C
         OS_InitEventList   0x0009a2    program     static /Users/darrenramsook/Documents/ECNG3006/GP/KeyPad_uCOS/OS_CORE.C
              OS_InitMisc   0x000ab8    program     static /Users/darrenramsook/Documents/ECNG3006/GP/KeyPad_uCOS/OS_CORE.C
           OS_InitRdyList   0x000b00    program     static /Users/darrenramsook/Documents/ECNG3006/GP/KeyPad_uCOS/OS_CORE.C
           OS_InitTCBList   0x000c54    program     static /Users/darrenramsook/Documents/ECNG3006/GP/KeyPad_uCOS/OS_CORE.C
          OS_InitTaskIdle   0x000ba6    program     static /Users/darrenramsook/Documents/ECNG3006/GP/KeyPad_uCOS/OS_CORE.C
          OS_InitTaskStat   0x000bfc    program     static /Users/darrenramsook/Documents/ECNG3006/GP/KeyPad_uCOS/OS_CORE.C
                 OS_Sched   0x000d88    program     extern /Users/darrenramsook/Documents/ECNG3006/GP/KeyPad_uCOS/OS_CORE.C
               OS_TCBInit   0x0010b2    program     extern /Users/darrenramsook/Documents/ECNG3006/GP/KeyPad_uCOS/OS_CORE.C
              OS_TaskIdle   0x000e88    program     extern /Users/darrenramsook/Documents/ECNG3006/GP/KeyPad_uCOS/OS_CORE.C
              OS_TaskStat   0x000ee4    program     extern /Users/darrenramsook/Documents/ECNG3006/GP/KeyPad_uCOS/OS_CORE.C
               OpenTimer0   0x00475a    program     extern E:\c18v3.46\pic18-lt\cxx-framework\src\pmc_common\Timers\t0open.c
               OpenTimer1   0x00466a    program     extern E:\c18v3.46\pic18-lt\cxx-framework\src\pmc_common\Timers\t1open.c
                 OpenXLCD   0x004140    program     extern /Users/darrenramsook/Documents/ECNG3006/GP/KeyPad_uCOS/openxlcd.c
             ReadAddrXLCD   0x0045d0    program     extern /Users/darrenramsook/Documents/ECNG3006/GP/KeyPad_uCOS/readaddr.c
             ReadDataXLCD   0x00457e    program     extern /Users/darrenramsook/Documents/ECNG3006/GP/KeyPad_uCOS/readdata.c
             SetCGRamAddr   0x00440e    program     extern /Users/darrenramsook/Documents/ECNG3006/GP/KeyPad_uCOS/setcgram.c
             SetDDRamAddr   0x0043b0    program     extern /Users/darrenramsook/Documents/ECNG3006/GP/KeyPad_uCOS/setddram.c
                    TaskA   0x003976    program     extern /Users/darrenramsook/Documents/ECNG3006/GP/KeyPad_uCOS/keypaducosmain.C
             WriteCmdXLCD   0x0044c8    program     extern /Users/darrenramsook/Documents/ECNG3006/GP/KeyPad_uCOS/wcmdxlcd.c
            WriteDataXLCD   0x00446c    program     extern /Users/darrenramsook/Documents/ECNG3006/GP/KeyPad_uCOS/writdata.c
              WriteTimer0   0x004722    program     extern E:\c18v3.46\pic18-lt\cxx-framework\src\pmc_common\Timers\t0write.c
              WriteTimer1   0x0046ea    program     extern E:\c18v3.46\pic18-lt\cxx-framework\src\pmc_common\Timers\t1write.c
              _2jContinue   0x0047b2    program     static E:\c18v3.46\pic18-lt\cxx-framework\src\traditional\stdclib\memset.asm
                   _3jEnd   0x0047bc    program     static E:\c18v3.46\pic18-lt\cxx-framework\src\traditional\stdclib\memset.asm
       _D10KTCYXCODE_0010   0x0047d6    program     static E:\c18v3.46\pic18-lt\cxx-framework\src\traditional\delays\d10ktcyx.asm
       _D10KTCYXCODE_001C   0x0047e2    program     static E:\c18v3.46\pic18-lt\cxx-framework\src\traditional\delays\d10ktcyx.asm
        _D10TCYXCODE_000A   0x004898    program     static E:\c18v3.46\pic18-lt\cxx-framework\src\traditional\delays\d10tcyx.asm
        _D10TCYXCODE_000C   0x00489a    program     static E:\c18v3.46\pic18-lt\cxx-framework\src\traditional\delays\d10tcyx.asm
        _D10TCYXCODE_000E   0x00489c    program     static E:\c18v3.46\pic18-lt\cxx-framework\src\traditional\delays\d10tcyx.asm
        _D1KTCYXCODE_0010   0x004804    program     static E:\c18v3.46\pic18-lt\cxx-framework\src\traditional\delays\d1ktcyx.asm
        _D1KTCYXCODE_0016   0x00480a    program     static E:\c18v3.46\pic18-lt\cxx-framework\src\traditional\delays\d1ktcyx.asm
           ___do_lbl00014   0x003da0    program     static                          
           ___do_lbl00015   0x003da4    program     static                          
           ___do_lbl00016   0x003d92    program     static                          
           ___do_lbl00021   0x003e96    program     static                          
           ___do_lbl00022   0x003e9a    program     static                          
           ___do_lbl00023   0x003e88    program     static                          
           ___do_lbl00034   0x003ff0    program     static                          
           ___do_lbl00035   0x003ff4    program     static                          
           ___do_lbl00036   0x003fe2    program     static                          
           ___if_lbl00013   0x003d8c    program     static                          
           ___if_lbl00020   0x003e54    program     static                          
           ___if_lbl00030   0x003f9e    program     static                          
           ___if_lbl00033   0x003fdc    program     static                          
       ___return_lbl00000   0x004668    program     static                          
       ___return_lbl00000   0x0043ae    program     static                          
       ___return_lbl00000   0x000004    program     static                          
       ___return_lbl00001   0x00488c    program     static                          
       ___return_lbl00002   0x0042c8    program     static                          
       ___return_lbl00003   0x003d3c    program     static                          
       ___return_lbl00010   0x003de6    program     static                          
       ___return_lbl00017   0x003edc    program     static                          
       ___return_lbl00024   0x000012    program     static                          
       ___return_lbl00025   0x00001c    program     static                          
       ___return_lbl00026   0x003f6e    program     static                          
       ___return_lbl00027   0x004036    program     static                          
        ___while_lbl00011   0x003d7c    program     static                          
        ___while_lbl00012   0x003d86    program     static                          
        ___while_lbl00018   0x003e32    program     static                          
        ___while_lbl00019   0x003e4a    program     static                          
        ___while_lbl00028   0x003f7c    program     static                          
        ___while_lbl00029   0x003f94    program     static                          
        ___while_lbl00031   0x003fcc    program     static                          
        ___while_lbl00032   0x003fd6    program     static                          
               __config_0   0x300001    program     static /Users/darrenramsook/Documents/ECNG3006/GP/KeyPad_uCOS/keypaducosmain.C
               __config_1   0x300003    program     static /Users/darrenramsook/Documents/ECNG3006/GP/KeyPad_uCOS/keypaducosmain.C
               __config_2   0x300006    program     static /Users/darrenramsook/Documents/ECNG3006/GP/KeyPad_uCOS/keypaducosmain.C
                   __init   0x0048a4    program     extern E:\c18v3.46\pic18-lt\cxx-framework\src\traditional\stdclib\__init.c
               __string_0   0x004832    program     static /Users/darrenramsook/Documents/ECNG3006/GP/KeyPad_uCOS/keypaducosmain.C
               __string_1   0x004830    program     static /Users/darrenramsook/Documents/ECNG3006/GP/KeyPad_uCOS/keypaducosmain.C
              __string_10   0x00481e    program     static /Users/darrenramsook/Documents/ECNG3006/GP/KeyPad_uCOS/keypaducosmain.C
              __string_11   0x00481c    program     static /Users/darrenramsook/Documents/ECNG3006/GP/KeyPad_uCOS/keypaducosmain.C
              __string_12   0x00481a    program     static /Users/darrenramsook/Documents/ECNG3006/GP/KeyPad_uCOS/keypaducosmain.C
              __string_13   0x004818    program     static /Users/darrenramsook/Documents/ECNG3006/GP/KeyPad_uCOS/keypaducosmain.C
              __string_14   0x004816    program     static /Users/darrenramsook/Documents/ECNG3006/GP/KeyPad_uCOS/keypaducosmain.C
              __string_15   0x004814    program     static /Users/darrenramsook/Documents/ECNG3006/GP/KeyPad_uCOS/keypaducosmain.C
               __string_2   0x00482e    program     static /Users/darrenramsook/Documents/ECNG3006/GP/KeyPad_uCOS/keypaducosmain.C
               __string_3   0x00482c    program     static /Users/darrenramsook/Documents/ECNG3006/GP/KeyPad_uCOS/keypaducosmain.C
               __string_4   0x00482a    program     static /Users/darrenramsook/Documents/ECNG3006/GP/KeyPad_uCOS/keypaducosmain.C
               __string_5   0x004828    program     static /Users/darrenramsook/Documents/ECNG3006/GP/KeyPad_uCOS/keypaducosmain.C
               __string_6   0x004826    program     static /Users/darrenramsook/Documents/ECNG3006/GP/KeyPad_uCOS/keypaducosmain.C
               __string_7   0x004824    program     static /Users/darrenramsook/Documents/ECNG3006/GP/KeyPad_uCOS/keypaducosmain.C
               __string_8   0x004822    program     static /Users/darrenramsook/Documents/ECNG3006/GP/KeyPad_uCOS/keypaducosmain.C
               __string_9   0x004820    program     static /Users/darrenramsook/Documents/ECNG3006/GP/KeyPad_uCOS/keypaducosmain.C
            __zero_memory   0x004834    program     extern E:\c18v3.46\pic18-lt\cxx-framework\src\traditional\proc\p18f452.asm
                _do_cinit   0x00422c    program     extern E:\c18v3.46\pic18-lt\cxx-framework\src\traditional\startup\c018i.c
                   _entry   0x000000    program     extern E:\c18v3.46\pic18-lt\cxx-framework\src\traditional\startup\c018i.c
                   _false   0x004664    program     static                          
                 _startup   0x004872    program     extern E:\c18v3.46\pic18-lt\cxx-framework\src\traditional\startup\c018i.c
                   appISR   0x003938    program     extern /Users/darrenramsook/Documents/ECNG3006/GP/KeyPad_uCOS/keypaducosmain.C
                compare_l   0x00484a    program     static E:\c18v3.46\pic18-lt\cxx-framework\src\traditional\proc\p18f452.asm
                copy_loop   0x00429e    program     static                          
            copy_one_byte   0x0042a4    program     static                          
                     done   0x0042c8    program     static                          
             done_copying   0x0042b2    program     static                          
                     jEnd   0x0047c4    program     static E:\c18v3.46\pic18-lt\cxx-framework\src\traditional\stdclib\memset.asm
                    jLoop   0x0047a6    program     static E:\c18v3.46\pic18-lt\cxx-framework\src\traditional\stdclib\memset.asm
              keypadinput   0x003496    program     extern /Users/darrenramsook/Documents/ECNG3006/GP/KeyPad_uCOS/keypaducosmain.C
                     loop   0x004630    program     static                          
                     loop   0x004882    program     static                          
                   loop_h   0x004842    program     static E:\c18v3.46\pic18-lt\cxx-framework\src\traditional\proc\p18f452.asm
                   loop_l   0x00484c    program     static E:\c18v3.46\pic18-lt\cxx-framework\src\traditional\proc\p18f452.asm
                     main   0x003a12    program     extern /Users/darrenramsook/Documents/ECNG3006/GP/KeyPad_uCOS/keypaducosmain.C
                   memset   0x004792    program     extern E:\c18v3.46\pic18-lt\cxx-framework\src\traditional\stdclib\memset.asm
                putrsXLCD   0x0042ca    program     extern /Users/darrenramsook/Documents/ECNG3006/GP/KeyPad_uCOS/putrxlcd.c
                 putsXLCD   0x004524    program     extern /Users/darrenramsook/Documents/ECNG3006/GP/KeyPad_uCOS/putsxlcd.c
                     test   0x004246    program     static                          
               zero_block   0x004842    program     static E:\c18v3.46\pic18-lt\cxx-framework\src\traditional\proc\p18f452.asm
                   ADCON0   0x000fc2       data     extern E:\c18v3.46\pic18-lt\cxx-framework\src\traditional\proc\p18f452.asm
               ADCON0bits   0x000fc2       data     extern E:\c18v3.46\pic18-lt\cxx-framework\src\traditional\proc\p18f452.asm
                   ADCON1   0x000fc1       data     extern E:\c18v3.46\pic18-lt\cxx-framework\src\traditional\proc\p18f452.asm
               ADCON1bits   0x000fc1       data     extern E:\c18v3.46\pic18-lt\cxx-framework\src\traditional\proc\p18f452.asm
                    ADRES   0x000fc3       data     extern E:\c18v3.46\pic18-lt\cxx-framework\src\traditional\proc\p18f452.asm
                   ADRESH   0x000fc4       data     extern E:\c18v3.46\pic18-lt\cxx-framework\src\traditional\proc\p18f452.asm
                   ADRESL   0x000fc3       data     extern E:\c18v3.46\pic18-lt\cxx-framework\src\traditional\proc\p18f452.asm
                      BSR   0x000fe0       data     extern E:\c18v3.46\pic18-lt\cxx-framework\src\traditional\proc\p18f452.asm
                  CCP1CON   0x000fbd       data     extern E:\c18v3.46\pic18-lt\cxx-framework\src\traditional\proc\p18f452.asm
              CCP1CONbits   0x000fbd       data     extern E:\c18v3.46\pic18-lt\cxx-framework\src\traditional\proc\p18f452.asm
                  CCP2CON   0x000fba       data     extern E:\c18v3.46\pic18-lt\cxx-framework\src\traditional\proc\p18f452.asm
              CCP2CONbits   0x000fba       data     extern E:\c18v3.46\pic18-lt\cxx-framework\src\traditional\proc\p18f452.asm
                    CCPR1   0x000fbe       data     extern E:\c18v3.46\pic18-lt\cxx-framework\src\traditional\proc\p18f452.asm
                   CCPR1H   0x000fbf       data     extern E:\c18v3.46\pic18-lt\cxx-framework\src\traditional\proc\p18f452.asm
                   CCPR1L   0x000fbe       data     extern E:\c18v3.46\pic18-lt\cxx-framework\src\traditional\proc\p18f452.asm
                    CCPR2   0x000fbb       data     extern E:\c18v3.46\pic18-lt\cxx-framework\src\traditional\proc\p18f452.asm
                   CCPR2H   0x000fbc       data     extern E:\c18v3.46\pic18-lt\cxx-framework\src\traditional\proc\p18f452.asm
                   CCPR2L   0x000fbb       data     extern E:\c18v3.46\pic18-lt\cxx-framework\src\traditional\proc\p18f452.asm
                 CountSem   0x000371       data     extern /Users/darrenramsook/Documents/ECNG3006/GP/KeyPad_uCOS/keypaducosmain.C
                     DDRA   0x000f92       data     extern E:\c18v3.46\pic18-lt\cxx-framework\src\traditional\proc\p18f452.asm
                 DDRAbits   0x000f92       data     extern E:\c18v3.46\pic18-lt\cxx-framework\src\traditional\proc\p18f452.asm
                     DDRB   0x000f93       data     extern E:\c18v3.46\pic18-lt\cxx-framework\src\traditional\proc\p18f452.asm
                 DDRBbits   0x000f93       data     extern E:\c18v3.46\pic18-lt\cxx-framework\src\traditional\proc\p18f452.asm
                     DDRC   0x000f94       data     extern E:\c18v3.46\pic18-lt\cxx-framework\src\traditional\proc\p18f452.asm
                 DDRCbits   0x000f94       data     extern E:\c18v3.46\pic18-lt\cxx-framework\src\traditional\proc\p18f452.asm
                     DDRD   0x000f95       data     extern E:\c18v3.46\pic18-lt\cxx-framework\src\traditional\proc\p18f452.asm
                 DDRDbits   0x000f95       data     extern E:\c18v3.46\pic18-lt\cxx-framework\src\traditional\proc\p18f452.asm
                     DDRE   0x000f96       data     extern E:\c18v3.46\pic18-lt\cxx-framework\src\traditional\proc\p18f452.asm
                 DDREbits   0x000f96       data     extern E:\c18v3.46\pic18-lt\cxx-framework\src\traditional\proc\p18f452.asm
            DelayCounter1   0x000025       data     extern E:\c18v3.46\pic18-lt\cxx-framework\src\traditional\delays\delayd1.asm
            DelayCounter2   0x000024       data     extern E:\c18v3.46\pic18-lt\cxx-framework\src\traditional\delays\delayd2.asm
                    EEADR   0x000fa9       data     extern E:\c18v3.46\pic18-lt\cxx-framework\src\traditional\proc\p18f452.asm
                   EECON1   0x000fa6       data     extern E:\c18v3.46\pic18-lt\cxx-framework\src\traditional\proc\p18f452.asm
               EECON1bits   0x000fa6       data     extern E:\c18v3.46\pic18-lt\cxx-framework\src\traditional\proc\p18f452.asm
                   EECON2   0x000fa7       data     extern E:\c18v3.46\pic18-lt\cxx-framework\src\traditional\proc\p18f452.asm
                   EEDATA   0x000fa8       data     extern E:\c18v3.46\pic18-lt\cxx-framework\src\traditional\proc\p18f452.asm
                     FSR0   0x000fe9       data     extern E:\c18v3.46\pic18-lt\cxx-framework\src\traditional\proc\p18f452.asm
                    FSR0H   0x000fea       data     extern E:\c18v3.46\pic18-lt\cxx-framework\src\traditional\proc\p18f452.asm
                    FSR0L   0x000fe9       data     extern E:\c18v3.46\pic18-lt\cxx-framework\src\traditional\proc\p18f452.asm
                     FSR1   0x000fe1       data     extern E:\c18v3.46\pic18-lt\cxx-framework\src\traditional\proc\p18f452.asm
                    FSR1H   0x000fe2       data     extern E:\c18v3.46\pic18-lt\cxx-framework\src\traditional\proc\p18f452.asm
                    FSR1L   0x000fe1       data     extern E:\c18v3.46\pic18-lt\cxx-framework\src\traditional\proc\p18f452.asm
                     FSR2   0x000fd9       data     extern E:\c18v3.46\pic18-lt\cxx-framework\src\traditional\proc\p18f452.asm
                    FSR2H   0x000fda       data     extern E:\c18v3.46\pic18-lt\cxx-framework\src\traditional\proc\p18f452.asm
                    FSR2L   0x000fd9       data     extern E:\c18v3.46\pic18-lt\cxx-framework\src\traditional\proc\p18f452.asm
                    INDF0   0x000fef       data     extern E:\c18v3.46\pic18-lt\cxx-framework\src\traditional\proc\p18f452.asm
                    INDF1   0x000fe7       data     extern E:\c18v3.46\pic18-lt\cxx-framework\src\traditional\proc\p18f452.asm
                    INDF2   0x000fdf       data     extern E:\c18v3.46\pic18-lt\cxx-framework\src\traditional\proc\p18f452.asm
                   INTCON   0x000ff2       data     extern E:\c18v3.46\pic18-lt\cxx-framework\src\traditional\proc\p18f452.asm
                  INTCON1   0x000ff2       data     extern E:\c18v3.46\pic18-lt\cxx-framework\src\traditional\proc\p18f452.asm
              INTCON1bits   0x000ff2       data     extern E:\c18v3.46\pic18-lt\cxx-framework\src\traditional\proc\p18f452.asm
                  INTCON2   0x000ff1       data     extern E:\c18v3.46\pic18-lt\cxx-framework\src\traditional\proc\p18f452.asm
              INTCON2bits   0x000ff1       data     extern E:\c18v3.46\pic18-lt\cxx-framework\src\traditional\proc\p18f452.asm
                  INTCON3   0x000ff0       data     extern E:\c18v3.46\pic18-lt\cxx-framework\src\traditional\proc\p18f452.asm
              INTCON3bits   0x000ff0       data     extern E:\c18v3.46\pic18-lt\cxx-framework\src\traditional\proc\p18f452.asm
               INTCONbits   0x000ff2       data     extern E:\c18v3.46\pic18-lt\cxx-framework\src\traditional\proc\p18f452.asm
                     IPR1   0x000f9f       data     extern E:\c18v3.46\pic18-lt\cxx-framework\src\traditional\proc\p18f452.asm
                 IPR1bits   0x000f9f       data     extern E:\c18v3.46\pic18-lt\cxx-framework\src\traditional\proc\p18f452.asm
                     IPR2   0x000fa2       data     extern E:\c18v3.46\pic18-lt\cxx-framework\src\traditional\proc\p18f452.asm
                 IPR2bits   0x000fa2       data     extern E:\c18v3.46\pic18-lt\cxx-framework\src\traditional\proc\p18f452.asm
                     LATA   0x000f89       data     extern E:\c18v3.46\pic18-lt\cxx-framework\src\traditional\proc\p18f452.asm
                 LATAbits   0x000f89       data     extern E:\c18v3.46\pic18-lt\cxx-framework\src\traditional\proc\p18f452.asm
                     LATB   0x000f8a       data     extern E:\c18v3.46\pic18-lt\cxx-framework\src\traditional\proc\p18f452.asm
                 LATBbits   0x000f8a       data     extern E:\c18v3.46\pic18-lt\cxx-framework\src\traditional\proc\p18f452.asm
                     LATC   0x000f8b       data     extern E:\c18v3.46\pic18-lt\cxx-framework\src\traditional\proc\p18f452.asm
                 LATCbits   0x000f8b       data     extern E:\c18v3.46\pic18-lt\cxx-framework\src\traditional\proc\p18f452.asm
                     LATD   0x000f8c       data     extern E:\c18v3.46\pic18-lt\cxx-framework\src\traditional\proc\p18f452.asm
                 LATDbits   0x000f8c       data     extern E:\c18v3.46\pic18-lt\cxx-framework\src\traditional\proc\p18f452.asm
                     LATE   0x000f8d       data     extern E:\c18v3.46\pic18-lt\cxx-framework\src\traditional\proc\p18f452.asm
                 LATEbits   0x000f8d       data     extern E:\c18v3.46\pic18-lt\cxx-framework\src\traditional\proc\p18f452.asm
                   LCDSem   0x00036f       data     extern /Users/darrenramsook/Documents/ECNG3006/GP/KeyPad_uCOS/keypaducosmain.C
                   LVDCON   0x000fd2       data     extern E:\c18v3.46\pic18-lt\cxx-framework\src\traditional\proc\p18f452.asm
               LVDCONbits   0x000fd2       data     extern E:\c18v3.46\pic18-lt\cxx-framework\src\traditional\proc\p18f452.asm
                   OSCCON   0x000fd3       data     extern E:\c18v3.46\pic18-lt\cxx-framework\src\traditional\proc\p18f452.asm
               OSCCONbits   0x000fd3       data     extern E:\c18v3.46\pic18-lt\cxx-framework\src\traditional\proc\p18f452.asm
               OSCPUUsage   0x000106       data     extern /Users/darrenramsook/Documents/ECNG3006/GP/KeyPad_uCOS/UCOS_II.H
               OSCtxSwCtr   0x0000b0       data     extern /Users/darrenramsook/Documents/ECNG3006/GP/KeyPad_uCOS/UCOS_II.H
          OSEventFreeList   0x0000b4       data     extern /Users/darrenramsook/Documents/ECNG3006/GP/KeyPad_uCOS/UCOS_II.H
               OSEventTbl   0x0000b6       data     extern /Users/darrenramsook/Documents/ECNG3006/GP/KeyPad_uCOS/UCOS_II.H
                OSIdleCtr   0x00017e       data     extern /Users/darrenramsook/Documents/ECNG3006/GP/KeyPad_uCOS/UCOS_II.H
             OSIdleCtrMax   0x000107       data     extern /Users/darrenramsook/Documents/ECNG3006/GP/KeyPad_uCOS/UCOS_II.H
             OSIdleCtrRun   0x00010b       data     extern /Users/darrenramsook/Documents/ECNG3006/GP/KeyPad_uCOS/UCOS_II.H
               OSIntExitY   0x000175       data     extern /Users/darrenramsook/Documents/ECNG3006/GP/KeyPad_uCOS/UCOS_II.H
             OSIntNesting   0x000174       data     extern /Users/darrenramsook/Documents/ECNG3006/GP/KeyPad_uCOS/UCOS_II.H
            OSLockNesting   0x000176       data     extern /Users/darrenramsook/Documents/ECNG3006/GP/KeyPad_uCOS/UCOS_II.H
                OSPrioCur   0x000177       data     extern /Users/darrenramsook/Documents/ECNG3006/GP/KeyPad_uCOS/UCOS_II.H
            OSPrioHighRdy   0x000178       data     extern /Users/darrenramsook/Documents/ECNG3006/GP/KeyPad_uCOS/UCOS_II.H
                 OSRdyGrp   0x000179       data     extern /Users/darrenramsook/Documents/ECNG3006/GP/KeyPad_uCOS/UCOS_II.H
                 OSRdyTbl   0x00017a       data     extern /Users/darrenramsook/Documents/ECNG3006/GP/KeyPad_uCOS/UCOS_II.H
                OSRunning   0x00017c       data     extern /Users/darrenramsook/Documents/ECNG3006/GP/KeyPad_uCOS/UCOS_II.H
                OSStatRdy   0x00010f       data     extern /Users/darrenramsook/Documents/ECNG3006/GP/KeyPad_uCOS/UCOS_II.H
                 OSTCBCur   0x0001e6       data     extern /Users/darrenramsook/Documents/ECNG3006/GP/KeyPad_uCOS/UCOS_II.H
            OSTCBFreeList   0x0001e8       data     extern /Users/darrenramsook/Documents/ECNG3006/GP/KeyPad_uCOS/UCOS_II.H
             OSTCBHighRdy   0x0001ea       data     extern /Users/darrenramsook/Documents/ECNG3006/GP/KeyPad_uCOS/UCOS_II.H
                OSTCBList   0x0001ec       data     extern /Users/darrenramsook/Documents/ECNG3006/GP/KeyPad_uCOS/UCOS_II.H
             OSTCBPrioTbl   0x0001ee       data     extern /Users/darrenramsook/Documents/ECNG3006/GP/KeyPad_uCOS/UCOS_II.H
                 OSTCBTbl   0x00020e       data     extern /Users/darrenramsook/Documents/ECNG3006/GP/KeyPad_uCOS/UCOS_II.H
                OSTaskCtr   0x00017d       data     extern /Users/darrenramsook/Documents/ECNG3006/GP/KeyPad_uCOS/UCOS_II.H
            OSTaskIdleStk   0x000182       data     extern /Users/darrenramsook/Documents/ECNG3006/GP/KeyPad_uCOS/UCOS_II.H
            OSTaskStatStk   0x000110       data     extern /Users/darrenramsook/Documents/ECNG3006/GP/KeyPad_uCOS/UCOS_II.H
                   OSTime   0x00036a       data     extern /Users/darrenramsook/Documents/ECNG3006/GP/KeyPad_uCOS/UCOS_II.H
                       PC   0x000ff9       data     extern E:\c18v3.46\pic18-lt\cxx-framework\src\traditional\proc\p18f452.asm
                      PCL   0x000ff9       data     extern E:\c18v3.46\pic18-lt\cxx-framework\src\traditional\proc\p18f452.asm
                   PCLATH   0x000ffa       data     extern E:\c18v3.46\pic18-lt\cxx-framework\src\traditional\proc\p18f452.asm
                   PCLATU   0x000ffb       data     extern E:\c18v3.46\pic18-lt\cxx-framework\src\traditional\proc\p18f452.asm
                     PIE1   0x000f9d       data     extern E:\c18v3.46\pic18-lt\cxx-framework\src\traditional\proc\p18f452.asm
                 PIE1bits   0x000f9d       data     extern E:\c18v3.46\pic18-lt\cxx-framework\src\traditional\proc\p18f452.asm
                     PIE2   0x000fa0       data     extern E:\c18v3.46\pic18-lt\cxx-framework\src\traditional\proc\p18f452.asm
                 PIE2bits   0x000fa0       data     extern E:\c18v3.46\pic18-lt\cxx-framework\src\traditional\proc\p18f452.asm
                     PIR1   0x000f9e       data     extern E:\c18v3.46\pic18-lt\cxx-framework\src\traditional\proc\p18f452.asm
                 PIR1bits   0x000f9e       data     extern E:\c18v3.46\pic18-lt\cxx-framework\src\traditional\proc\p18f452.asm
                     PIR2   0x000fa1       data     extern E:\c18v3.46\pic18-lt\cxx-framework\src\traditional\proc\p18f452.asm
                 PIR2bits   0x000fa1       data     extern E:\c18v3.46\pic18-lt\cxx-framework\src\traditional\proc\p18f452.asm
                   PLUSW0   0x000feb       data     extern E:\c18v3.46\pic18-lt\cxx-framework\src\traditional\proc\p18f452.asm
                   PLUSW1   0x000fe3       data     extern E:\c18v3.46\pic18-lt\cxx-framework\src\traditional\proc\p18f452.asm
                   PLUSW2   0x000fdb       data     extern E:\c18v3.46\pic18-lt\cxx-framework\src\traditional\proc\p18f452.asm
                    PORTA   0x000f80       data     extern E:\c18v3.46\pic18-lt\cxx-framework\src\traditional\proc\p18f452.asm
                PORTAbits   0x000f80       data     extern E:\c18v3.46\pic18-lt\cxx-framework\src\traditional\proc\p18f452.asm
                    PORTB   0x000f81       data     extern E:\c18v3.46\pic18-lt\cxx-framework\src\traditional\proc\p18f452.asm
                PORTBbits   0x000f81       data     extern E:\c18v3.46\pic18-lt\cxx-framework\src\traditional\proc\p18f452.asm
                    PORTC   0x000f82       data     extern E:\c18v3.46\pic18-lt\cxx-framework\src\traditional\proc\p18f452.asm
                PORTCbits   0x000f82       data     extern E:\c18v3.46\pic18-lt\cxx-framework\src\traditional\proc\p18f452.asm
                    PORTD   0x000f83       data     extern E:\c18v3.46\pic18-lt\cxx-framework\src\traditional\proc\p18f452.asm
                PORTDbits   0x000f83       data     extern E:\c18v3.46\pic18-lt\cxx-framework\src\traditional\proc\p18f452.asm
                    PORTE   0x000f84       data     extern E:\c18v3.46\pic18-lt\cxx-framework\src\traditional\proc\p18f452.asm
                PORTEbits   0x000f84       data     extern E:\c18v3.46\pic18-lt\cxx-framework\src\traditional\proc\p18f452.asm
                 POSTDEC0   0x000fed       data     extern E:\c18v3.46\pic18-lt\cxx-framework\src\traditional\proc\p18f452.asm
                 POSTDEC1   0x000fe5       data     extern E:\c18v3.46\pic18-lt\cxx-framework\src\traditional\proc\p18f452.asm
                 POSTDEC2   0x000fdd       data     extern E:\c18v3.46\pic18-lt\cxx-framework\src\traditional\proc\p18f452.asm
                 POSTINC0   0x000fee       data     extern E:\c18v3.46\pic18-lt\cxx-framework\src\traditional\proc\p18f452.asm
                 POSTINC1   0x000fe6       data     extern E:\c18v3.46\pic18-lt\cxx-framework\src\traditional\proc\p18f452.asm
                 POSTINC2   0x000fde       data     extern E:\c18v3.46\pic18-lt\cxx-framework\src\traditional\proc\p18f452.asm
                      PR2   0x000fcb       data     extern E:\c18v3.46\pic18-lt\cxx-framework\src\traditional\proc\p18f452.asm
                  PREINC0   0x000fec       data     extern E:\c18v3.46\pic18-lt\cxx-framework\src\traditional\proc\p18f452.asm
                  PREINC1   0x000fe4       data     extern E:\c18v3.46\pic18-lt\cxx-framework\src\traditional\proc\p18f452.asm
                  PREINC2   0x000fdc       data     extern E:\c18v3.46\pic18-lt\cxx-framework\src\traditional\proc\p18f452.asm
                     PROD   0x000ff3       data     extern E:\c18v3.46\pic18-lt\cxx-framework\src\traditional\proc\p18f452.asm
                    PRODH   0x000ff4       data     extern E:\c18v3.46\pic18-lt\cxx-framework\src\traditional\proc\p18f452.asm
                    PRODL   0x000ff3       data     extern E:\c18v3.46\pic18-lt\cxx-framework\src\traditional\proc\p18f452.asm
                     RCON   0x000fd0       data     extern E:\c18v3.46\pic18-lt\cxx-framework\src\traditional\proc\p18f452.asm
                 RCONbits   0x000fd0       data     extern E:\c18v3.46\pic18-lt\cxx-framework\src\traditional\proc\p18f452.asm
                    RCREG   0x000fae       data     extern E:\c18v3.46\pic18-lt\cxx-framework\src\traditional\proc\p18f452.asm
                    RCSTA   0x000fab       data     extern E:\c18v3.46\pic18-lt\cxx-framework\src\traditional\proc\p18f452.asm
                RCSTAbits   0x000fab       data     extern E:\c18v3.46\pic18-lt\cxx-framework\src\traditional\proc\p18f452.asm
                     SIGN   0x000022       data     extern E:\c18v3.46\pic18-lt\cxx-framework\src\traditional\math\cmath18.asm
                    SPBRG   0x000faf       data     extern E:\c18v3.46\pic18-lt\cxx-framework\src\traditional\proc\p18f452.asm
                   SSPADD   0x000fc8       data     extern E:\c18v3.46\pic18-lt\cxx-framework\src\traditional\proc\p18f452.asm
                   SSPBUF   0x000fc9       data     extern E:\c18v3.46\pic18-lt\cxx-framework\src\traditional\proc\p18f452.asm
                  SSPCON1   0x000fc6       data     extern E:\c18v3.46\pic18-lt\cxx-framework\src\traditional\proc\p18f452.asm
              SSPCON1bits   0x000fc6       data     extern E:\c18v3.46\pic18-lt\cxx-framework\src\traditional\proc\p18f452.asm
                  SSPCON2   0x000fc5       data     extern E:\c18v3.46\pic18-lt\cxx-framework\src\traditional\proc\p18f452.asm
              SSPCON2bits   0x000fc5       data     extern E:\c18v3.46\pic18-lt\cxx-framework\src\traditional\proc\p18f452.asm
                  SSPSTAT   0x000fc7       data     extern E:\c18v3.46\pic18-lt\cxx-framework\src\traditional\proc\p18f452.asm
              SSPSTATbits   0x000fc7       data     extern E:\c18v3.46\pic18-lt\cxx-framework\src\traditional\proc\p18f452.asm
                   STATUS   0x000fd8       data     extern E:\c18v3.46\pic18-lt\cxx-framework\src\traditional\proc\p18f452.asm
               STATUSbits   0x000fd8       data     extern E:\c18v3.46\pic18-lt\cxx-framework\src\traditional\proc\p18f452.asm
                   STKPTR   0x000ffc       data     extern E:\c18v3.46\pic18-lt\cxx-framework\src\traditional\proc\p18f452.asm
               STKPTRbits   0x000ffc       data     extern E:\c18v3.46\pic18-lt\cxx-framework\src\traditional\proc\p18f452.asm
                    T0CON   0x000fd5       data     extern E:\c18v3.46\pic18-lt\cxx-framework\src\traditional\proc\p18f452.asm
                T0CONbits   0x000fd5       data     extern E:\c18v3.46\pic18-lt\cxx-framework\src\traditional\proc\p18f452.asm
                    T1CON   0x000fcd       data     extern E:\c18v3.46\pic18-lt\cxx-framework\src\traditional\proc\p18f452.asm
                T1CONbits   0x000fcd       data     extern E:\c18v3.46\pic18-lt\cxx-framework\src\traditional\proc\p18f452.asm
                    T2CON   0x000fca       data     extern E:\c18v3.46\pic18-lt\cxx-framework\src\traditional\proc\p18f452.asm
                T2CONbits   0x000fca       data     extern E:\c18v3.46\pic18-lt\cxx-framework\src\traditional\proc\p18f452.asm
                    T3CON   0x000fb1       data     extern E:\c18v3.46\pic18-lt\cxx-framework\src\traditional\proc\p18f452.asm
                T3CONbits   0x000fb1       data     extern E:\c18v3.46\pic18-lt\cxx-framework\src\traditional\proc\p18f452.asm
                   TABLAT   0x000ff5       data     extern E:\c18v3.46\pic18-lt\cxx-framework\src\traditional\proc\p18f452.asm
                   TBLPTR   0x000ff6       data     extern E:\c18v3.46\pic18-lt\cxx-framework\src\traditional\proc\p18f452.asm
                  TBLPTRH   0x000ff7       data     extern E:\c18v3.46\pic18-lt\cxx-framework\src\traditional\proc\p18f452.asm
                  TBLPTRL   0x000ff6       data     extern E:\c18v3.46\pic18-lt\cxx-framework\src\traditional\proc\p18f452.asm
                  TBLPTRU   0x000ff8       data     extern E:\c18v3.46\pic18-lt\cxx-framework\src\traditional\proc\p18f452.asm
                    TMR0H   0x000fd7       data     extern E:\c18v3.46\pic18-lt\cxx-framework\src\traditional\proc\p18f452.asm
                    TMR0L   0x000fd6       data     extern E:\c18v3.46\pic18-lt\cxx-framework\src\traditional\proc\p18f452.asm
                    TMR1H   0x000fcf       data     extern E:\c18v3.46\pic18-lt\cxx-framework\src\traditional\proc\p18f452.asm
                    TMR1L   0x000fce       data     extern E:\c18v3.46\pic18-lt\cxx-framework\src\traditional\proc\p18f452.asm
                     TMR2   0x000fcc       data     extern E:\c18v3.46\pic18-lt\cxx-framework\src\traditional\proc\p18f452.asm
                    TMR3H   0x000fb3       data     extern E:\c18v3.46\pic18-lt\cxx-framework\src\traditional\proc\p18f452.asm
                    TMR3L   0x000fb2       data     extern E:\c18v3.46\pic18-lt\cxx-framework\src\traditional\proc\p18f452.asm
                      TOS   0x000ffd       data     extern E:\c18v3.46\pic18-lt\cxx-framework\src\traditional\proc\p18f452.asm
                     TOSH   0x000ffe       data     extern E:\c18v3.46\pic18-lt\cxx-framework\src\traditional\proc\p18f452.asm
                     TOSL   0x000ffd       data     extern E:\c18v3.46\pic18-lt\cxx-framework\src\traditional\proc\p18f452.asm
                     TOSU   0x000fff       data     extern E:\c18v3.46\pic18-lt\cxx-framework\src\traditional\proc\p18f452.asm
                    TRISA   0x000f92       data     extern E:\c18v3.46\pic18-lt\cxx-framework\src\traditional\proc\p18f452.asm
                TRISAbits   0x000f92       data     extern E:\c18v3.46\pic18-lt\cxx-framework\src\traditional\proc\p18f452.asm
                    TRISB   0x000f93       data     extern E:\c18v3.46\pic18-lt\cxx-framework\src\traditional\proc\p18f452.asm
                TRISBbits   0x000f93       data     extern E:\c18v3.46\pic18-lt\cxx-framework\src\traditional\proc\p18f452.asm
                    TRISC   0x000f94       data     extern E:\c18v3.46\pic18-lt\cxx-framework\src\traditional\proc\p18f452.asm
                TRISCbits   0x000f94       data     extern E:\c18v3.46\pic18-lt\cxx-framework\src\traditional\proc\p18f452.asm
                    TRISD   0x000f95       data     extern E:\c18v3.46\pic18-lt\cxx-framework\src\traditional\proc\p18f452.asm
                TRISDbits   0x000f95       data     extern E:\c18v3.46\pic18-lt\cxx-framework\src\traditional\proc\p18f452.asm
                    TRISE   0x000f96       data     extern E:\c18v3.46\pic18-lt\cxx-framework\src\traditional\proc\p18f452.asm
                TRISEbits   0x000f96       data     extern E:\c18v3.46\pic18-lt\cxx-framework\src\traditional\proc\p18f452.asm
                    TXREG   0x000fad       data     extern E:\c18v3.46\pic18-lt\cxx-framework\src\traditional\proc\p18f452.asm
                    TXSTA   0x000fac       data     extern E:\c18v3.46\pic18-lt\cxx-framework\src\traditional\proc\p18f452.asm
                TXSTAbits   0x000fac       data     extern E:\c18v3.46\pic18-lt\cxx-framework\src\traditional\proc\p18f452.asm
                 TaskAStk   0x000373       data     extern /Users/darrenramsook/Documents/ECNG3006/GP/KeyPad_uCOS/keypaducosmain.C
                        W   0x000fe8       data     extern E:\c18v3.46\pic18-lt\cxx-framework\src\traditional\proc\p18f452.asm
                   WDTCON   0x000fd1       data     extern E:\c18v3.46\pic18-lt\cxx-framework\src\traditional\proc\p18f452.asm
               WDTCONbits   0x000fd1       data     extern E:\c18v3.46\pic18-lt\cxx-framework\src\traditional\proc\p18f452.asm
                     WREG   0x000fe8       data     extern E:\c18v3.46\pic18-lt\cxx-framework\src\traditional\proc\p18f452.asm
                 __AARGB0   0x00001b       data     extern E:\c18v3.46\pic18-lt\cxx-framework\src\traditional\math\aarg.asm
                 __AARGB1   0x00001a       data     extern E:\c18v3.46\pic18-lt\cxx-framework\src\traditional\math\aarg.asm
                 __AARGB2   0x000019       data     extern E:\c18v3.46\pic18-lt\cxx-framework\src\traditional\math\aarg.asm
                 __AARGB3   0x000018       data     extern E:\c18v3.46\pic18-lt\cxx-framework\src\traditional\math\aarg.asm
                 __AARGB4   0x000017       data     extern E:\c18v3.46\pic18-lt\cxx-framework\src\traditional\math\aarg.asm
                 __AARGB5   0x000016       data     extern E:\c18v3.46\pic18-lt\cxx-framework\src\traditional\math\aarg.asm
                 __AARGB6   0x000015       data     extern E:\c18v3.46\pic18-lt\cxx-framework\src\traditional\math\aarg.asm
                 __AARGB7   0x000014       data     extern E:\c18v3.46\pic18-lt\cxx-framework\src\traditional\math\aarg.asm
                   __AEXP   0x00001c       data     extern E:\c18v3.46\pic18-lt\cxx-framework\src\traditional\math\aarg.asm
                 __BARGB0   0x000020       data     extern E:\c18v3.46\pic18-lt\cxx-framework\src\traditional\math\barg.asm
                 __BARGB1   0x00001f       data     extern E:\c18v3.46\pic18-lt\cxx-framework\src\traditional\math\barg.asm
                 __BARGB2   0x00001e       data     extern E:\c18v3.46\pic18-lt\cxx-framework\src\traditional\math\barg.asm
                 __BARGB3   0x00001d       data     extern E:\c18v3.46\pic18-lt\cxx-framework\src\traditional\math\barg.asm
                   __BEXP   0x000021       data     extern E:\c18v3.46\pic18-lt\cxx-framework\src\traditional\math\barg.asm
                __FPFLAGS   0x000023       data     extern E:\c18v3.46\pic18-lt\cxx-framework\src\traditional\math\cmath18.asm
            __FPFLAGSbits   0x000023       data     extern E:\c18v3.46\pic18-lt\cxx-framework\src\traditional\math\cmath18.asm
                  __REMB0   0x000017       data     extern E:\c18v3.46\pic18-lt\cxx-framework\src\traditional\math\aarg.asm
                  __REMB1   0x000016       data     extern E:\c18v3.46\pic18-lt\cxx-framework\src\traditional\math\aarg.asm
                  __REMB2   0x000015       data     extern E:\c18v3.46\pic18-lt\cxx-framework\src\traditional\math\aarg.asm
                  __REMB3   0x000014       data     extern E:\c18v3.46\pic18-lt\cxx-framework\src\traditional\math\aarg.asm
                  __tmp_0   0x000000       data     static /Users/darrenramsook/Documents/ECNG3006/GP/KeyPad_uCOS/keypaducosmain.C
                  __tmp_0   0x000000       data     static /Users/darrenramsook/Documents/ECNG3006/GP/KeyPad_uCOS/OS_TIME.C
                  __tmp_0   0x000000       data     static /Users/darrenramsook/Documents/ECNG3006/GP/KeyPad_uCOS/OS_CPU_C.C
                curr_byte   0x00043e       data     static E:\c18v3.46\pic18-lt\cxx-framework\src\traditional\startup\c018i.c
               curr_entry   0x000440       data     static E:\c18v3.46\pic18-lt\cxx-framework\src\traditional\startup\c018i.c
                 data_ptr   0x000442       data     static E:\c18v3.46\pic18-lt\cxx-framework\src\traditional\startup\c018i.c
                      err   0x00036e       data     extern /Users/darrenramsook/Documents/ECNG3006/GP/KeyPad_uCOS/keypaducosmain.C
                     prom   0x00043b       data     static E:\c18v3.46\pic18-lt\cxx-framework\src\traditional\startup\c018i.c
                  stopped   0x000445       data     extern /Users/darrenramsook/Documents/ECNG3006/GP/KeyPad_uCOS/keypaducosmain.C



                              Symbols - Sorted by Address
                     Name    Address   Location    Storage File                     
                ---------  ---------  ---------  --------- ---------                
                   _entry   0x000000    program     extern E:\c18v3.46\pic18-lt\cxx-framework\src\traditional\startup\c018i.c
       ___return_lbl00000   0x000004    program     static                          
            CPUhighVector   0x000008    program     extern /Users/darrenramsook/Documents/ECNG3006/GP/KeyPad_uCOS/OS_CPU_C.C
       ___return_lbl00024   0x000012    program     static                          
             CPUlowVector   0x000018    program     extern /Users/darrenramsook/Documents/ECNG3006/GP/KeyPad_uCOS/OS_CPU_C.C
       ___return_lbl00025   0x00001c    program     static                          
                   OSInit   0x000038    program     extern /Users/darrenramsook/Documents/ECNG3006/GP/KeyPad_uCOS/OS_CORE.C
               OSIntEnter   0x00005a    program     extern /Users/darrenramsook/Documents/ECNG3006/GP/KeyPad_uCOS/OS_CORE.C
                OSIntExit   0x00007e    program     extern /Users/darrenramsook/Documents/ECNG3006/GP/KeyPad_uCOS/OS_CORE.C
              OSSchedLock   0x00018a    program     extern /Users/darrenramsook/Documents/ECNG3006/GP/KeyPad_uCOS/OS_CORE.C
            OSSchedUnlock   0x0001de    program     extern /Users/darrenramsook/Documents/ECNG3006/GP/KeyPad_uCOS/OS_CORE.C
                  OSStart   0x00023e    program     extern /Users/darrenramsook/Documents/ECNG3006/GP/KeyPad_uCOS/OS_CORE.C
               OSStatInit   0x000320    program     extern /Users/darrenramsook/Documents/ECNG3006/GP/KeyPad_uCOS/OS_CORE.C
               OSTimeTick   0x0003a0    program     extern /Users/darrenramsook/Documents/ECNG3006/GP/KeyPad_uCOS/OS_CORE.C
                OSVersion   0x000532    program     extern /Users/darrenramsook/Documents/ECNG3006/GP/KeyPad_uCOS/OS_CORE.C
                 OS_Dummy   0x00053c    program     extern /Users/darrenramsook/Documents/ECNG3006/GP/KeyPad_uCOS/OS_CORE.C
          OS_EventTaskRdy   0x00053e    program     extern /Users/darrenramsook/Documents/ECNG3006/GP/KeyPad_uCOS/OS_CORE.C
         OS_EventTaskWait   0x00079c    program     extern /Users/darrenramsook/Documents/ECNG3006/GP/KeyPad_uCOS/OS_CORE.C
               OS_EventTO   0x00087a    program     extern /Users/darrenramsook/Documents/ECNG3006/GP/KeyPad_uCOS/OS_CORE.C
     OS_EventWaitListInit   0x000926    program     extern /Users/darrenramsook/Documents/ECNG3006/GP/KeyPad_uCOS/OS_CORE.C
         OS_InitEventList   0x0009a2    program     static /Users/darrenramsook/Documents/ECNG3006/GP/KeyPad_uCOS/OS_CORE.C
              OS_InitMisc   0x000ab8    program     static /Users/darrenramsook/Documents/ECNG3006/GP/KeyPad_uCOS/OS_CORE.C
           OS_InitRdyList   0x000b00    program     static /Users/darrenramsook/Documents/ECNG3006/GP/KeyPad_uCOS/OS_CORE.C
          OS_InitTaskIdle   0x000ba6    program     static /Users/darrenramsook/Documents/ECNG3006/GP/KeyPad_uCOS/OS_CORE.C
          OS_InitTaskStat   0x000bfc    program     static /Users/darrenramsook/Documents/ECNG3006/GP/KeyPad_uCOS/OS_CORE.C
           OS_InitTCBList   0x000c54    program     static /Users/darrenramsook/Documents/ECNG3006/GP/KeyPad_uCOS/OS_CORE.C
                 OS_Sched   0x000d88    program     extern /Users/darrenramsook/Documents/ECNG3006/GP/KeyPad_uCOS/OS_CORE.C
              OS_TaskIdle   0x000e88    program     extern /Users/darrenramsook/Documents/ECNG3006/GP/KeyPad_uCOS/OS_CORE.C
              OS_TaskStat   0x000ee4    program     extern /Users/darrenramsook/Documents/ECNG3006/GP/KeyPad_uCOS/OS_CORE.C
               OS_TCBInit   0x0010b2    program     extern /Users/darrenramsook/Documents/ECNG3006/GP/KeyPad_uCOS/OS_CORE.C
              OSSemAccept   0x001482    program     extern /Users/darrenramsook/Documents/ECNG3006/GP/KeyPad_uCOS/OS_SEM.C
              OSSemCreate   0x001554    program     extern /Users/darrenramsook/Documents/ECNG3006/GP/KeyPad_uCOS/OS_SEM.C
                 OSSemDel   0x001648    program     extern /Users/darrenramsook/Documents/ECNG3006/GP/KeyPad_uCOS/OS_SEM.C
                OSSemPend   0x001884    program     extern /Users/darrenramsook/Documents/ECNG3006/GP/KeyPad_uCOS/OS_SEM.C
                OSSemPost   0x001a16    program     extern /Users/darrenramsook/Documents/ECNG3006/GP/KeyPad_uCOS/OS_SEM.C
               OSSemQuery   0x001b16    program     extern /Users/darrenramsook/Documents/ECNG3006/GP/KeyPad_uCOS/OS_SEM.C
         OSTaskChangePrio   0x001c96    program     extern /Users/darrenramsook/Documents/ECNG3006/GP/KeyPad_uCOS/OS_TASK.C
             OSTaskCreate   0x002102    program     extern /Users/darrenramsook/Documents/ECNG3006/GP/KeyPad_uCOS/OS_TASK.C
          OSTaskCreateExt   0x0022a8    program     extern /Users/darrenramsook/Documents/ECNG3006/GP/KeyPad_uCOS/OS_TASK.C
                OSTaskDel   0x0024be    program     extern /Users/darrenramsook/Documents/ECNG3006/GP/KeyPad_uCOS/OS_TASK.C
             OSTaskDelReq   0x00288c    program     extern /Users/darrenramsook/Documents/ECNG3006/GP/KeyPad_uCOS/OS_TASK.C
             OSTaskResume   0x0029bc    program     extern /Users/darrenramsook/Documents/ECNG3006/GP/KeyPad_uCOS/OS_TASK.C
             OSTaskStkChk   0x002b14    program     extern /Users/darrenramsook/Documents/ECNG3006/GP/KeyPad_uCOS/OS_TASK.C
            OSTaskSuspend   0x002d54    program     extern /Users/darrenramsook/Documents/ECNG3006/GP/KeyPad_uCOS/OS_TASK.C
                OSTimeDly   0x002eec    program     extern /Users/darrenramsook/Documents/ECNG3006/GP/KeyPad_uCOS/OS_TIME.C
            OSTimeDlyHMSM   0x002f96    program     extern /Users/darrenramsook/Documents/ECNG3006/GP/KeyPad_uCOS/OS_TIME.C
          OSTimeDlyResume   0x003272    program     extern /Users/darrenramsook/Documents/ECNG3006/GP/KeyPad_uCOS/OS_TIME.C
                OSTimeGet   0x0033c6    program     extern /Users/darrenramsook/Documents/ECNG3006/GP/KeyPad_uCOS/OS_TIME.C
                OSTimeSet   0x00344c    program     extern /Users/darrenramsook/Documents/ECNG3006/GP/KeyPad_uCOS/OS_TIME.C
              keypadinput   0x003496    program     extern /Users/darrenramsook/Documents/ECNG3006/GP/KeyPad_uCOS/keypaducosmain.C
                   appISR   0x003938    program     extern /Users/darrenramsook/Documents/ECNG3006/GP/KeyPad_uCOS/keypaducosmain.C
            DelayFor18TCY   0x003952    program     extern /Users/darrenramsook/Documents/ECNG3006/GP/KeyPad_uCOS/keypaducosmain.C
             DelayPORXLCD   0x00395e    program     extern /Users/darrenramsook/Documents/ECNG3006/GP/KeyPad_uCOS/keypaducosmain.C
                DelayXLCD   0x00396a    program     extern /Users/darrenramsook/Documents/ECNG3006/GP/KeyPad_uCOS/keypaducosmain.C
                    TaskA   0x003976    program     extern /Users/darrenramsook/Documents/ECNG3006/GP/KeyPad_uCOS/keypaducosmain.C
                     main   0x003a12    program     extern /Users/darrenramsook/Documents/ECNG3006/GP/KeyPad_uCOS/keypaducosmain.C
            OSTaskStkInit   0x003aee    program     extern /Users/darrenramsook/Documents/ECNG3006/GP/KeyPad_uCOS/OS_CPU_C.C
         OSTaskCreateHook   0x003d02    program     extern /Users/darrenramsook/Documents/ECNG3006/GP/KeyPad_uCOS/OS_CPU_C.C
            OSTaskDelHook   0x003d1e    program     extern /Users/darrenramsook/Documents/ECNG3006/GP/KeyPad_uCOS/OS_CPU_C.C
             OSTaskSwHook   0x003d3a    program     extern /Users/darrenramsook/Documents/ECNG3006/GP/KeyPad_uCOS/OS_CPU_C.C
       ___return_lbl00003   0x003d3c    program     static                          
           OSTaskStatHook   0x003d3e    program     extern /Users/darrenramsook/Documents/ECNG3006/GP/KeyPad_uCOS/OS_CPU_C.C
           OSTimeTickHook   0x003d40    program     extern /Users/darrenramsook/Documents/ECNG3006/GP/KeyPad_uCOS/OS_CPU_C.C
            OSTCBInitHook   0x003d42    program     extern /Users/darrenramsook/Documents/ECNG3006/GP/KeyPad_uCOS/OS_CPU_C.C
           OSTaskIdleHook   0x003d5e    program     extern /Users/darrenramsook/Documents/ECNG3006/GP/KeyPad_uCOS/OS_CPU_C.C
          OSInitHookBegin   0x003d60    program     extern /Users/darrenramsook/Documents/ECNG3006/GP/KeyPad_uCOS/OS_CPU_C.C
            OSInitHookEnd   0x003d62    program     extern /Users/darrenramsook/Documents/ECNG3006/GP/KeyPad_uCOS/OS_CPU_C.C
           OSStartHighRdy   0x003d64    program     extern /Users/darrenramsook/Documents/ECNG3006/GP/KeyPad_uCOS/OS_CPU_C.C
        ___while_lbl00011   0x003d7c    program     static                          
        ___while_lbl00012   0x003d86    program     static                          
           ___if_lbl00013   0x003d8c    program     static                          
           ___do_lbl00016   0x003d92    program     static                          
           ___do_lbl00014   0x003da0    program     static                          
           ___do_lbl00015   0x003da4    program     static                          
       ___return_lbl00010   0x003de6    program     static                          
                  OSCtxSw   0x003de8    program     extern /Users/darrenramsook/Documents/ECNG3006/GP/KeyPad_uCOS/OS_CPU_C.C
        ___while_lbl00018   0x003e32    program     static                          
        ___while_lbl00019   0x003e4a    program     static                          
           ___if_lbl00020   0x003e54    program     static                          
           ___do_lbl00023   0x003e88    program     static                          
           ___do_lbl00021   0x003e96    program     static                          
           ___do_lbl00022   0x003e9a    program     static                          
       ___return_lbl00017   0x003edc    program     static                          
          CPUlowInterrupt   0x003ede    program     extern /Users/darrenramsook/Documents/ECNG3006/GP/KeyPad_uCOS/OS_CPU_C.C
       ___return_lbl00026   0x003f6e    program     static                          
               OSIntCtxSw   0x003f70    program     extern /Users/darrenramsook/Documents/ECNG3006/GP/KeyPad_uCOS/OS_CPU_C.C
        ___while_lbl00028   0x003f7c    program     static                          
        ___while_lbl00029   0x003f94    program     static                          
           ___if_lbl00030   0x003f9e    program     static                          
        ___while_lbl00031   0x003fcc    program     static                          
        ___while_lbl00032   0x003fd6    program     static                          
           ___if_lbl00033   0x003fdc    program     static                          
           ___do_lbl00036   0x003fe2    program     static                          
           ___do_lbl00034   0x003ff0    program     static                          
           ___do_lbl00035   0x003ff4    program     static                          
       ___return_lbl00027   0x004036    program     static                          
                 OSMapTbl   0x004038    program     extern /Users/darrenramsook/Documents/ECNG3006/GP/KeyPad_uCOS/OS_CORE.C
               OSUnMapTbl   0x004040    program     extern /Users/darrenramsook/Documents/ECNG3006/GP/KeyPad_uCOS/OS_CORE.C
                 OpenXLCD   0x004140    program     extern /Users/darrenramsook/Documents/ECNG3006/GP/KeyPad_uCOS/openxlcd.c
                _do_cinit   0x00422c    program     extern E:\c18v3.46\pic18-lt\cxx-framework\src\traditional\startup\c018i.c
                     test   0x004246    program     static                          
                copy_loop   0x00429e    program     static                          
            copy_one_byte   0x0042a4    program     static                          
             done_copying   0x0042b2    program     static                          
       ___return_lbl00002   0x0042c8    program     static                          
                     done   0x0042c8    program     static                          
                putrsXLCD   0x0042ca    program     extern /Users/darrenramsook/Documents/ECNG3006/GP/KeyPad_uCOS/putrxlcd.c
                  FXM3232   0x004340    program     extern E:\c18v3.46\pic18-lt\cxx-framework\src\traditional\math\fxm3232.c
       ___return_lbl00000   0x0043ae    program     static                          
             SetDDRamAddr   0x0043b0    program     extern /Users/darrenramsook/Documents/ECNG3006/GP/KeyPad_uCOS/setddram.c
             SetCGRamAddr   0x00440e    program     extern /Users/darrenramsook/Documents/ECNG3006/GP/KeyPad_uCOS/setcgram.c
            WriteDataXLCD   0x00446c    program     extern /Users/darrenramsook/Documents/ECNG3006/GP/KeyPad_uCOS/writdata.c
             WriteCmdXLCD   0x0044c8    program     extern /Users/darrenramsook/Documents/ECNG3006/GP/KeyPad_uCOS/wcmdxlcd.c
                 putsXLCD   0x004524    program     extern /Users/darrenramsook/Documents/ECNG3006/GP/KeyPad_uCOS/putsxlcd.c
             ReadDataXLCD   0x00457e    program     extern /Users/darrenramsook/Documents/ECNG3006/GP/KeyPad_uCOS/readdata.c
             ReadAddrXLCD   0x0045d0    program     extern /Users/darrenramsook/Documents/ECNG3006/GP/KeyPad_uCOS/readaddr.c
                 FXD3232U   0x004622    program     extern E:\c18v3.46\pic18-lt\cxx-framework\src\traditional\math\fxd3232u.c
                     loop   0x004630    program     static                          
                   _false   0x004664    program     static                          
       ___return_lbl00000   0x004668    program     static                          
               OpenTimer1   0x00466a    program     extern E:\c18v3.46\pic18-lt\cxx-framework\src\pmc_common\Timers\t1open.c
                 BusyXLCD   0x0046ac    program     extern /Users/darrenramsook/Documents/ECNG3006/GP/KeyPad_uCOS/busyxlcd.c
              WriteTimer1   0x0046ea    program     extern E:\c18v3.46\pic18-lt\cxx-framework\src\pmc_common\Timers\t1write.c
              WriteTimer0   0x004722    program     extern E:\c18v3.46\pic18-lt\cxx-framework\src\pmc_common\Timers\t0write.c
               OpenTimer0   0x00475a    program     extern E:\c18v3.46\pic18-lt\cxx-framework\src\pmc_common\Timers\t0open.c
                   memset   0x004792    program     extern E:\c18v3.46\pic18-lt\cxx-framework\src\traditional\stdclib\memset.asm
                    jLoop   0x0047a6    program     static E:\c18v3.46\pic18-lt\cxx-framework\src\traditional\stdclib\memset.asm
              _2jContinue   0x0047b2    program     static E:\c18v3.46\pic18-lt\cxx-framework\src\traditional\stdclib\memset.asm
                   _3jEnd   0x0047bc    program     static E:\c18v3.46\pic18-lt\cxx-framework\src\traditional\stdclib\memset.asm
                     jEnd   0x0047c4    program     static E:\c18v3.46\pic18-lt\cxx-framework\src\traditional\stdclib\memset.asm
             Delay10KTCYx   0x0047c6    program     extern E:\c18v3.46\pic18-lt\cxx-framework\src\traditional\delays\d10ktcyx.asm
                    D10Kx   0x0047d0    program     static E:\c18v3.46\pic18-lt\cxx-framework\src\traditional\delays\d10ktcyx.asm
                   D10K_1   0x0047d2    program     static E:\c18v3.46\pic18-lt\cxx-framework\src\traditional\delays\d10ktcyx.asm
       _D10KTCYXCODE_0010   0x0047d6    program     static E:\c18v3.46\pic18-lt\cxx-framework\src\traditional\delays\d10ktcyx.asm
                    D10Kl   0x0047de    program     static E:\c18v3.46\pic18-lt\cxx-framework\src\traditional\delays\d10ktcyx.asm
       _D10KTCYXCODE_001C   0x0047e2    program     static E:\c18v3.46\pic18-lt\cxx-framework\src\traditional\delays\d10ktcyx.asm
              Delay1KTCYx   0x0047f4    program     extern E:\c18v3.46\pic18-lt\cxx-framework\src\traditional\delays\d1ktcyx.asm
                     D1Kx   0x0047fe    program     static E:\c18v3.46\pic18-lt\cxx-framework\src\traditional\delays\d1ktcyx.asm
                    D1K_1   0x004800    program     static E:\c18v3.46\pic18-lt\cxx-framework\src\traditional\delays\d1ktcyx.asm
        _D1KTCYXCODE_0010   0x004804    program     static E:\c18v3.46\pic18-lt\cxx-framework\src\traditional\delays\d1ktcyx.asm
        _D1KTCYXCODE_0016   0x00480a    program     static E:\c18v3.46\pic18-lt\cxx-framework\src\traditional\delays\d1ktcyx.asm
              __string_15   0x004814    program     static /Users/darrenramsook/Documents/ECNG3006/GP/KeyPad_uCOS/keypaducosmain.C
              __string_14   0x004816    program     static /Users/darrenramsook/Documents/ECNG3006/GP/KeyPad_uCOS/keypaducosmain.C
              __string_13   0x004818    program     static /Users/darrenramsook/Documents/ECNG3006/GP/KeyPad_uCOS/keypaducosmain.C
              __string_12   0x00481a    program     static /Users/darrenramsook/Documents/ECNG3006/GP/KeyPad_uCOS/keypaducosmain.C
              __string_11   0x00481c    program     static /Users/darrenramsook/Documents/ECNG3006/GP/KeyPad_uCOS/keypaducosmain.C
              __string_10   0x00481e    program     static /Users/darrenramsook/Documents/ECNG3006/GP/KeyPad_uCOS/keypaducosmain.C
               __string_9   0x004820    program     static /Users/darrenramsook/Documents/ECNG3006/GP/KeyPad_uCOS/keypaducosmain.C
               __string_8   0x004822    program     static /Users/darrenramsook/Documents/ECNG3006/GP/KeyPad_uCOS/keypaducosmain.C
               __string_7   0x004824    program     static /Users/darrenramsook/Documents/ECNG3006/GP/KeyPad_uCOS/keypaducosmain.C
               __string_6   0x004826    program     static /Users/darrenramsook/Documents/ECNG3006/GP/KeyPad_uCOS/keypaducosmain.C
               __string_5   0x004828    program     static /Users/darrenramsook/Documents/ECNG3006/GP/KeyPad_uCOS/keypaducosmain.C
               __string_4   0x00482a    program     static /Users/darrenramsook/Documents/ECNG3006/GP/KeyPad_uCOS/keypaducosmain.C
               __string_3   0x00482c    program     static /Users/darrenramsook/Documents/ECNG3006/GP/KeyPad_uCOS/keypaducosmain.C
               __string_2   0x00482e    program     static /Users/darrenramsook/Documents/ECNG3006/GP/KeyPad_uCOS/keypaducosmain.C
               __string_1   0x004830    program     static /Users/darrenramsook/Documents/ECNG3006/GP/KeyPad_uCOS/keypaducosmain.C
               __string_0   0x004832    program     static /Users/darrenramsook/Documents/ECNG3006/GP/KeyPad_uCOS/keypaducosmain.C
            __zero_memory   0x004834    program     extern E:\c18v3.46\pic18-lt\cxx-framework\src\traditional\proc\p18f452.asm
                   loop_h   0x004842    program     static E:\c18v3.46\pic18-lt\cxx-framework\src\traditional\proc\p18f452.asm
               zero_block   0x004842    program     static E:\c18v3.46\pic18-lt\cxx-framework\src\traditional\proc\p18f452.asm
                compare_l   0x00484a    program     static E:\c18v3.46\pic18-lt\cxx-framework\src\traditional\proc\p18f452.asm
                   loop_l   0x00484c    program     static E:\c18v3.46\pic18-lt\cxx-framework\src\traditional\proc\p18f452.asm
      CPUlowInterruptHook   0x004854    program     extern /Users/darrenramsook/Documents/ECNG3006/GP/KeyPad_uCOS/VECTORS.C
     CPUhighInterruptHook   0x00486c    program     extern /Users/darrenramsook/Documents/ECNG3006/GP/KeyPad_uCOS/VECTORS.C
                 _startup   0x004872    program     extern E:\c18v3.46\pic18-lt\cxx-framework\src\traditional\startup\c018i.c
                     loop   0x004882    program     static                          
       ___return_lbl00001   0x00488c    program     static                          
              Delay10TCYx   0x00488e    program     extern E:\c18v3.46\pic18-lt\cxx-framework\src\traditional\delays\d10tcyx.asm
                     D10x   0x004896    program     static E:\c18v3.46\pic18-lt\cxx-framework\src\traditional\delays\d10tcyx.asm
[...]
                 LATAbits   0x000f89       data     extern E:\c18v3.46\pic18-lt\cxx-framework\src\traditional\proc\p18f452.asm
                     LATB   0x000f8a       data     extern E:\c18v3.46\pic18-lt\cxx-framework\src\traditional\proc\p18f452.asm
                 LATBbits   0x000f8a       data     extern E:\c18v3.46\pic18-lt\cxx-framework\src\traditional\proc\p18f452.asm
                     LATC   0x000f8b       data     extern E:\c18v3.46\pic18-lt\cxx-framework\src\traditional\proc\p18f452.asm
                 LATCbits   0x000f8b       data     extern E:\c18v3.46\pic18-lt\cxx-framework\src\traditional\proc\p18f452.asm
                     LATD   0x000f8c       data     extern E:\c18v3.46\pic18-lt\cxx-framework\src\traditional\proc\p18f452.asm
                 LATDbits   0x000f8c       data     extern E:\c18v3.46\pic18-lt\cxx-framework\src\traditional\proc\p18f452.asm
                     LATE   0x000f8d       data     extern E:\c18v3.46\pic18-lt\cxx-framework\src\traditional\proc\p18f452.asm
                 LATEbits   0x000f8d       data     extern E:\c18v3.46\pic18-lt\cxx-framework\src\traditional\proc\p18f452.asm
                 DDRAbits   0x000f92       data     extern E:\c18v3.46\pic18-lt\cxx-framework\src\traditional\proc\p18f452.asm
                     DDRA   0x000f92       data     extern E:\c18v3.46\pic18-lt\cxx-framework\src\traditional\proc\p18f452.asm
                TRISAbits   0x000f92       data     extern E:\c18v3.46\pic18-lt\cxx-framework\src\traditional\proc\p18f452.asm
                    TRISA   0x000f92       data     extern E:\c18v3.46\pic18-lt\cxx-framework\src\traditional\proc\p18f452.asm
                TRISBbits   0x000f93       data     extern E:\c18v3.46\pic18-lt\cxx-framework\src\traditional\proc\p18f452.asm
                    TRISB   0x000f93       data     extern E:\c18v3.46\pic18-lt\cxx-framework\src\traditional\proc\p18f452.asm
                 DDRBbits   0x000f93       data     extern E:\c18v3.46\pic18-lt\cxx-framework\src\traditional\proc\p18f452.asm
                     DDRB   0x000f93       data     extern E:\c18v3.46\pic18-lt\cxx-framework\src\traditional\proc\p18f452.asm
                TRISCbits   0x000f94       data     extern E:\c18v3.46\pic18-lt\cxx-framework\src\traditional\proc\p18f452.asm
                    TRISC   0x000f94       data     extern E:\c18v3.46\pic18-lt\cxx-framework\src\traditional\proc\p18f452.asm
                     DDRC   0x000f94       data     extern E:\c18v3.46\pic18-lt\cxx-framework\src\traditional\proc\p18f452.asm
                 DDRCbits   0x000f94       data     extern E:\c18v3.46\pic18-lt\cxx-framework\src\traditional\proc\p18f452.asm
                TRISDbits   0x000f95       data     extern E:\c18v3.46\pic18-lt\cxx-framework\src\traditional\proc\p18f452.asm
                    TRISD   0x000f95       data     extern E:\c18v3.46\pic18-lt\cxx-framework\src\traditional\proc\p18f452.asm
                     DDRD   0x000f95       data     extern E:\c18v3.46\pic18-lt\cxx-framework\src\traditional\proc\p18f452.asm
                 DDRDbits   0x000f95       data     extern E:\c18v3.46\pic18-lt\cxx-framework\src\traditional\proc\p18f452.asm
                    TRISE   0x000f96       data     extern E:\c18v3.46\pic18-lt\cxx-framework\src\traditional\proc\p18f452.asm
                TRISEbits   0x000f96       data     extern E:\c18v3.46\pic18-lt\cxx-framework\src\traditional\proc\p18f452.asm
                     DDRE   0x000f96       data     extern E:\c18v3.46\pic18-lt\cxx-framework\src\traditional\proc\p18f452.asm
                 DDREbits   0x000f96       data     extern E:\c18v3.46\pic18-lt\cxx-framework\src\traditional\proc\p18f452.asm
                     PIE1   0x000f9d       data     extern E:\c18v3.46\pic18-lt\cxx-framework\src\traditional\proc\p18f452.asm
                 PIE1bits   0x000f9d       data     extern E:\c18v3.46\pic18-lt\cxx-framework\src\traditional\proc\p18f452.asm
                     PIR1   0x000f9e       data     extern E:\c18v3.46\pic18-lt\cxx-framework\src\traditional\proc\p18f452.asm
                 PIR1bits   0x000f9e       data     extern E:\c18v3.46\pic18-lt\cxx-framework\src\traditional\proc\p18f452.asm
                 IPR1bits   0x000f9f       data     extern E:\c18v3.46\pic18-lt\cxx-framework\src\traditional\proc\p18f452.asm
                     IPR1   0x000f9f       data     extern E:\c18v3.46\pic18-lt\cxx-framework\src\traditional\proc\p18f452.asm
                     PIE2   0x000fa0       data     extern E:\c18v3.46\pic18-lt\cxx-framework\src\traditional\proc\p18f452.asm
                 PIE2bits   0x000fa0       data     extern E:\c18v3.46\pic18-lt\cxx-framework\src\traditional\proc\p18f452.asm
                 PIR2bits   0x000fa1       data     extern E:\c18v3.46\pic18-lt\cxx-framework\src\traditional\proc\p18f452.asm
                     PIR2   0x000fa1       data     extern E:\c18v3.46\pic18-lt\cxx-framework\src\traditional\proc\p18f452.asm
                     IPR2   0x000fa2       data     extern E:\c18v3.46\pic18-lt\cxx-framework\src\traditional\proc\p18f452.asm
                 IPR2bits   0x000fa2       data     extern E:\c18v3.46\pic18-lt\cxx-framework\src\traditional\proc\p18f452.asm
               EECON1bits   0x000fa6       data     extern E:\c18v3.46\pic18-lt\cxx-framework\src\traditional\proc\p18f452.asm
                   EECON1   0x000fa6       data     extern E:\c18v3.46\pic18-lt\cxx-framework\src\traditional\proc\p18f452.asm
                   EECON2   0x000fa7       data     extern E:\c18v3.46\pic18-lt\cxx-framework\src\traditional\proc\p18f452.asm
                   EEDATA   0x000fa8       data     extern E:\c18v3.46\pic18-lt\cxx-framework\src\traditional\proc\p18f452.asm
                    EEADR   0x000fa9       data     extern E:\c18v3.46\pic18-lt\cxx-framework\src\traditional\proc\p18f452.asm
                RCSTAbits   0x000fab       data     extern E:\c18v3.46\pic18-lt\cxx-framework\src\traditional\proc\p18f452.asm
                    RCSTA   0x000fab       data     extern E:\c18v3.46\pic18-lt\cxx-framework\src\traditional\proc\p18f452.asm
                    TXSTA   0x000fac       data     extern E:\c18v3.46\pic18-lt\cxx-framework\src\traditional\proc\p18f452.asm
                TXSTAbits   0x000fac       data     extern E:\c18v3.46\pic18-lt\cxx-framework\src\traditional\proc\p18f452.asm
                    TXREG   0x000fad       data     extern E:\c18v3.46\pic18-lt\cxx-framework\src\traditional\proc\p18f452.asm
                    RCREG   0x000fae       data     extern E:\c18v3.46\pic18-lt\cxx-framework\src\traditional\proc\p18f452.asm
                    SPBRG   0x000faf       data     extern E:\c18v3.46\pic18-lt\cxx-framework\src\traditional\proc\p18f452.asm
                    T3CON   0x000fb1       data     extern E:\c18v3.46\pic18-lt\cxx-framework\src\traditional\proc\p18f452.asm
                T3CONbits   0x000fb1       data     extern E:\c18v3.46\pic18-lt\cxx-framework\src\traditional\proc\p18f452.asm
                    TMR3L   0x000fb2       data     extern E:\c18v3.46\pic18-lt\cxx-framework\src\traditional\proc\p18f452.asm
                    TMR3H   0x000fb3       data     extern E:\c18v3.46\pic18-lt\cxx-framework\src\traditional\proc\p18f452.asm
                  CCP2CON   0x000fba       data     extern E:\c18v3.46\pic18-lt\cxx-framework\src\traditional\proc\p18f452.asm
              CCP2CONbits   0x000fba       data     extern E:\c18v3.46\pic18-lt\cxx-framework\src\traditional\proc\p18f452.asm
                   CCPR2L   0x000fbb       data     extern E:\c18v3.46\pic18-lt\cxx-framework\src\traditional\proc\p18f452.asm
                    CCPR2   0x000fbb       data     extern E:\c18v3.46\pic18-lt\cxx-framework\src\traditional\proc\p18f452.asm
                   CCPR2H   0x000fbc       data     extern E:\c18v3.46\pic18-lt\cxx-framework\src\traditional\proc\p18f452.asm
              CCP1CONbits   0x000fbd       data     extern E:\c18v3.46\pic18-lt\cxx-framework\src\traditional\proc\p18f452.asm
                  CCP1CON   0x000fbd       data     extern E:\c18v3.46\pic18-lt\cxx-framework\src\traditional\proc\p18f452.asm
                    CCPR1   0x000fbe       data     extern E:\c18v3.46\pic18-lt\cxx-framework\src\traditional\proc\p18f452.asm
                   CCPR1L   0x000fbe       data     extern E:\c18v3.46\pic18-lt\cxx-framework\src\traditional\proc\p18f452.asm
                   CCPR1H   0x000fbf       data     extern E:\c18v3.46\pic18-lt\cxx-framework\src\traditional\proc\p18f452.asm
               ADCON1bits   0x000fc1       data     extern E:\c18v3.46\pic18-lt\cxx-framework\src\traditional\proc\p18f452.asm
                   ADCON1   0x000fc1       data     extern E:\c18v3.46\pic18-lt\cxx-framework\src\traditional\proc\p18f452.asm
                   ADCON0   0x000fc2       data     extern E:\c18v3.46\pic18-lt\cxx-framework\src\traditional\proc\p18f452.asm
               ADCON0bits   0x000fc2       data     extern E:\c18v3.46\pic18-lt\cxx-framework\src\traditional\proc\p18f452.asm
                    ADRES   0x000fc3       data     extern E:\c18v3.46\pic18-lt\cxx-framework\src\traditional\proc\p18f452.asm
                   ADRESL   0x000fc3       data     extern E:\c18v3.46\pic18-lt\cxx-framework\src\traditional\proc\p18f452.asm
                   ADRESH   0x000fc4       data     extern E:\c18v3.46\pic18-lt\cxx-framework\src\traditional\proc\p18f452.asm
              SSPCON2bits   0x000fc5       data     extern E:\c18v3.46\pic18-lt\cxx-framework\src\traditional\proc\p18f452.asm
                  SSPCON2   0x000fc5       data     extern E:\c18v3.46\pic18-lt\cxx-framework\src\traditional\proc\p18f452.asm
                  SSPCON1   0x000fc6       data     extern E:\c18v3.46\pic18-lt\cxx-framework\src\traditional\proc\p18f452.asm
              SSPCON1bits   0x000fc6       data     extern E:\c18v3.46\pic18-lt\cxx-framework\src\traditional\proc\p18f452.asm
                  SSPSTAT   0x000fc7       data     extern E:\c18v3.46\pic18-lt\cxx-framework\src\traditional\proc\p18f452.asm
              SSPSTATbits   0x000fc7       data     extern E:\c18v3.46\pic18-lt\cxx-framework\src\traditional\proc\p18f452.asm
                   SSPADD   0x000fc8       data     extern E:\c18v3.46\pic18-lt\cxx-framework\src\traditional\proc\p18f452.asm
                   SSPBUF   0x000fc9       data     extern E:\c18v3.46\pic18-lt\cxx-framework\src\traditional\proc\p18f452.asm
                T2CONbits   0x000fca       data     extern E:\c18v3.46\pic18-lt\cxx-framework\src\traditional\proc\p18f452.asm
                    T2CON   0x000fca       data     extern E:\c18v3.46\pic18-lt\cxx-framework\src\traditional\proc\p18f452.asm
                      PR2   0x000fcb       data     extern E:\c18v3.46\pic18-lt\cxx-framework\src\traditional\proc\p18f452.asm
                     TMR2   0x000fcc       data     extern E:\c18v3.46\pic18-lt\cxx-framework\src\traditional\proc\p18f452.asm
                    T1CON   0x000fcd       data     extern E:\c18v3.46\pic18-lt\cxx-framework\src\traditional\proc\p18f452.asm
                T1CONbits   0x000fcd       data     extern E:\c18v3.46\pic18-lt\cxx-framework\src\traditional\proc\p18f452.asm
                    TMR1L   0x000fce       data     extern E:\c18v3.46\pic18-lt\cxx-framework\src\traditional\proc\p18f452.asm
                    TMR1H   0x000fcf       data     extern E:\c18v3.46\pic18-lt\cxx-framework\src\traditional\proc\p18f452.asm
                 RCONbits   0x000fd0       data     extern E:\c18v3.46\pic18-lt\cxx-framework\src\traditional\proc\p18f452.asm
                     RCON   0x000fd0       data     extern E:\c18v3.46\pic18-lt\cxx-framework\src\traditional\proc\p18f452.asm
               WDTCONbits   0x000fd1       data     extern E:\c18v3.46\pic18-lt\cxx-framework\src\traditional\proc\p18f452.asm
                   WDTCON   0x000fd1       data     extern E:\c18v3.46\pic18-lt\cxx-framework\src\traditional\proc\p18f452.asm
                   LVDCON   0x000fd2       data     extern E:\c18v3.46\pic18-lt\cxx-framework\src\traditional\proc\p18f452.asm
               LVDCONbits   0x000fd2       data     extern E:\c18v3.46\pic18-lt\cxx-framework\src\traditional\proc\p18f452.asm
                   OSCCON   0x000fd3       data     extern E:\c18v3.46\pic18-lt\cxx-framework\src\traditional\proc\p18f452.asm
               OSCCONbits   0x000fd3       data     extern E:\c18v3.46\pic18-lt\cxx-framework\src\traditional\proc\p18f452.asm
                T0CONbits   0x000fd5       data     extern E:\c18v3.46\pic18-lt\cxx-framework\src\traditional\proc\p18f452.asm
                    T0CON   0x000fd5       data     extern E:\c18v3.46\pic18-lt\cxx-framework\src\traditional\proc\p18f452.asm
                    TMR0L   0x000fd6       data     extern E:\c18v3.46\pic18-lt\cxx-framework\src\traditional\proc\p18f452.asm
                    TMR0H   0x000fd7       data     extern E:\c18v3.46\pic18-lt\cxx-framework\src\traditional\proc\p18f452.asm
               STATUSbits   0x000fd8       data     extern E:\c18v3.46\pic18-lt\cxx-framework\src\traditional\proc\p18f452.asm
                   STATUS   0x000fd8       data     extern E:\c18v3.46\pic18-lt\cxx-framework\src\traditional\proc\p18f452.asm
                    FSR2L   0x000fd9       data     extern E:\c18v3.46\pic18-lt\cxx-framework\src\traditional\proc\p18f452.asm
                     FSR2   0x000fd9       data     extern E:\c18v3.46\pic18-lt\cxx-framework\src\traditional\proc\p18f452.asm
                    FSR2H   0x000fda       data     extern E:\c18v3.46\pic18-lt\cxx-framework\src\traditional\proc\p18f452.asm
                   PLUSW2   0x000fdb       data     extern E:\c18v3.46\pic18-lt\cxx-framework\src\traditional\proc\p18f452.asm
                  PREINC2   0x000fdc       data     extern E:\c18v3.46\pic18-lt\cxx-framework\src\traditional\proc\p18f452.asm
                 POSTDEC2   0x000fdd       data     extern E:\c18v3.46\pic18-lt\cxx-framework\src\traditional\proc\p18f452.asm
                 POSTINC2   0x000fde       data     extern E:\c18v3.46\pic18-lt\cxx-framework\src\traditional\proc\p18f452.asm
                    INDF2   0x000fdf       data     extern E:\c18v3.46\pic18-lt\cxx-framework\src\traditional\proc\p18f452.asm
                      BSR   0x000fe0       data     extern E:\c18v3.46\pic18-lt\cxx-framework\src\traditional\proc\p18f452.asm
                    FSR1L   0x000fe1       data     extern E:\c18v3.46\pic18-lt\cxx-framework\src\traditional\proc\p18f452.asm
                     FSR1   0x000fe1       data     extern E:\c18v3.46\pic18-lt\cxx-framework\src\traditional\proc\p18f452.asm
                    FSR1H   0x000fe2       data     extern E:\c18v3.46\pic18-lt\cxx-framework\src\traditional\proc\p18f452.asm
                   PLUSW1   0x000fe3       data     extern E:\c18v3.46\pic18-lt\cxx-framework\src\traditional\proc\p18f452.asm
                  PREINC1   0x000fe4       data     extern E:\c18v3.46\pic18-lt\cxx-framework\src\traditional\proc\p18f452.asm
                 POSTDEC1   0x000fe5       data     extern E:\c18v3.46\pic18-lt\cxx-framework\src\traditional\proc\p18f452.asm
                 POSTINC1   0x000fe6       data     extern E:\c18v3.46\pic18-lt\cxx-framework\src\traditional\proc\p18f452.asm
                    INDF1   0x000fe7       data     extern E:\c18v3.46\pic18-lt\cxx-framework\src\traditional\proc\p18f452.asm
                     WREG   0x000fe8       data     extern E:\c18v3.46\pic18-lt\cxx-framework\src\traditional\proc\p18f452.asm
                        W   0x000fe8       data     extern E:\c18v3.46\pic18-lt\cxx-framework\src\traditional\proc\p18f452.asm
                     FSR0   0x000fe9       data     extern E:\c18v3.46\pic18-lt\cxx-framework\src\traditional\proc\p18f452.asm
                    FSR0L   0x000fe9       data     extern E:\c18v3.46\pic18-lt\cxx-framework\src\traditional\proc\p18f452.asm
                    FSR0H   0x000fea       data     extern E:\c18v3.46\pic18-lt\cxx-framework\src\traditional\proc\p18f452.asm
                   PLUSW0   0x000feb       data     extern E:\c18v3.46\pic18-lt\cxx-framework\src\traditional\proc\p18f452.asm
                  PREINC0   0x000fec       data     extern E:\c18v3.46\pic18-lt\cxx-framework\src\traditional\proc\p18f452.asm
                 POSTDEC0   0x000fed       data     extern E:\c18v3.46\pic18-lt\cxx-framework\src\traditional\proc\p18f452.asm
                 POSTINC0   0x000fee       data     extern E:\c18v3.46\pic18-lt\cxx-framework\src\traditional\proc\p18f452.asm
                    INDF0   0x000fef       data     extern E:\c18v3.46\pic18-lt\cxx-framework\src\traditional\proc\p18f452.asm
                  INTCON3   0x000ff0       data     extern E:\c18v3.46\pic18-lt\cxx-framework\src\traditional\proc\p18f452.asm
              INTCON3bits   0x000ff0       data     extern E:\c18v3.46\pic18-lt\cxx-framework\src\traditional\proc\p18f452.asm
              INTCON2bits   0x000ff1       data     extern E:\c18v3.46\pic18-lt\cxx-framework\src\traditional\proc\p18f452.asm
                  INTCON2   0x000ff1       data     extern E:\c18v3.46\pic18-lt\cxx-framework\src\traditional\proc\p18f452.asm
               INTCONbits   0x000ff2       data     extern E:\c18v3.46\pic18-lt\cxx-framework\src\traditional\proc\p18f452.asm
              INTCON1bits   0x000ff2       data     extern E:\c18v3.46\pic18-lt\cxx-framework\src\traditional\proc\p18f452.asm
                  INTCON1   0x000ff2       data     extern E:\c18v3.46\pic18-lt\cxx-framework\src\traditional\proc\p18f452.asm
                   INTCON   0x000ff2       data     extern E:\c18v3.46\pic18-lt\cxx-framework\src\traditional\proc\p18f452.asm
                     PROD   0x000ff3       data     extern E:\c18v3.46\pic18-lt\cxx-framework\src\traditional\proc\p18f452.asm
                    PRODL   0x000ff3       data     extern E:\c18v3.46\pic18-lt\cxx-framework\src\traditional\proc\p18f452.asm
                    PRODH   0x000ff4       data     extern E:\c18v3.46\pic18-lt\cxx-framework\src\traditional\proc\p18f452.asm
                   TABLAT   0x000ff5       data     extern E:\c18v3.46\pic18-lt\cxx-framework\src\traditional\proc\p18f452.asm
                   TBLPTR   0x000ff6       data     extern E:\c18v3.46\pic18-lt\cxx-framework\src\traditional\proc\p18f452.asm
                  TBLPTRL   0x000ff6       data     extern E:\c18v3.46\pic18-lt\cxx-framework\src\traditional\proc\p18f452.asm
                  TBLPTRH   0x000ff7       data     extern E:\c18v3.46\pic18-lt\cxx-framework\src\traditional\proc\p18f452.asm
                  TBLPTRU   0x000ff8       data     extern E:\c18v3.46\pic18-lt\cxx-framework\src\traditional\proc\p18f452.asm
                      PCL   0x000ff9       data     extern E:\c18v3.46\pic18-lt\cxx-framework\src\traditional\proc\p18f452.asm
                       PC   0x000ff9       data     extern E:\c18v3.46\pic18-lt\cxx-framework\src\traditional\proc\p18f452.asm
                   PCLATH   0x000ffa       data     extern E:\c18v3.46\pic18-lt\cxx-framework\src\traditional\proc\p18f452.asm
                   PCLATU   0x000ffb       data     extern E:\c18v3.46\pic18-lt\cxx-framework\src\traditional\proc\p18f452.asm
                   STKPTR   0x000ffc       data     extern E:\c18v3.46\pic18-lt\cxx-framework\src\traditional\proc\p18f452.asm
               STKPTRbits   0x000ffc       data     extern E:\c18v3.46\pic18-lt\cxx-framework\src\traditional\proc\p18f452.asm
                     TOSL   0x000ffd       data     extern E:\c18v3.46\pic18-lt\cxx-framework\src\traditional\proc\p18f452.asm
                      TOS   0x000ffd       data     extern E:\c18v3.46\pic18-lt\cxx-framework\src\traditional\proc\p18f452.asm
                     TOSH   0x000ffe       data     extern E:\c18v3.46\pic18-lt\cxx-framework\src\traditional\proc\p18f452.asm
                     TOSU   0x000fff       data     extern E:\c18v3.46\pic18-lt\cxx-framework\src\traditional\proc\p18f452.asm


